Archive member included to satisfy reference by file (symbol)

d:/gcc-arm-none-eabi/bin/../lib/gcc/arm-none-eabi/10.3.1/thumb/v7-m/nofp\libgcc.a(_arm_mulsf3.o)
                              CMakeFiles/motor-control-code.elf.dir/Core/Src/oled.c.obj (__aeabi_fmul)
d:/gcc-arm-none-eabi/bin/../lib/gcc/arm-none-eabi/10.3.1/thumb/v7-m/nofp\libgcc.a(_arm_addsubdf3.o)
                              CMakeFiles/motor-control-code.elf.dir/Core/Src/printf.c.obj (__aeabi_dadd)
d:/gcc-arm-none-eabi/bin/../lib/gcc/arm-none-eabi/10.3.1/thumb/v7-m/nofp\libgcc.a(_arm_fixdfsi.o)
                              CMakeFiles/motor-control-code.elf.dir/Core/Src/printf.c.obj (__aeabi_d2iz)
d:/gcc-arm-none-eabi/bin/../lib/gcc/arm-none-eabi/10.3.1/thumb/v7-m/nofp\libgcc.a(_arm_truncdfsf2.o)
                              CMakeFiles/motor-control-code.elf.dir/Core/Src/main.c.obj (__aeabi_d2f)
d:/gcc-arm-none-eabi/bin/../lib/gcc/arm-none-eabi/10.3.1/thumb/v7-m/nofp\libgcc.a(_arm_addsubsf3.o)
                              CMakeFiles/motor-control-code.elf.dir/Core/Src/key.c.obj (__aeabi_fsub)
d:/gcc-arm-none-eabi/bin/../lib/gcc/arm-none-eabi/10.3.1/thumb/v7-m/nofp\libgcc.a(_arm_cmpsf2.o)
                              CMakeFiles/motor-control-code.elf.dir/Core/Src/pid.c.obj (__aeabi_fcmpeq)
d:/gcc-arm-none-eabi/bin/../lib/gcc/arm-none-eabi/10.3.1/thumb/v7-m/nofp\libgcc.a(_arm_fixsfsi.o)
                              CMakeFiles/motor-control-code.elf.dir/Core/Src/main.c.obj (__aeabi_f2iz)
d:/gcc-arm-none-eabi/bin/../lib/gcc/arm-none-eabi/10.3.1/../../../../arm-none-eabi/lib/thumb/v7-m/nofp\libg.a(lib_a-errno.o)
                              CMakeFiles/motor-control-code.elf.dir/Core/Src/retarget.c.obj (__errno)
d:/gcc-arm-none-eabi/bin/../lib/gcc/arm-none-eabi/10.3.1/../../../../arm-none-eabi/lib/thumb/v7-m/nofp\libg.a(lib_a-exit.o)
                              d:/gcc-arm-none-eabi/bin/../lib/gcc/arm-none-eabi/10.3.1/../../../../arm-none-eabi/lib/thumb/v7-m/nofp/crt0.o (exit)
d:/gcc-arm-none-eabi/bin/../lib/gcc/arm-none-eabi/10.3.1/../../../../arm-none-eabi/lib/thumb/v7-m/nofp\libg.a(lib_a-impure.o)
                              d:/gcc-arm-none-eabi/bin/../lib/gcc/arm-none-eabi/10.3.1/../../../../arm-none-eabi/lib/thumb/v7-m/nofp\libg.a(lib_a-exit.o) (_global_impure_ptr)
d:/gcc-arm-none-eabi/bin/../lib/gcc/arm-none-eabi/10.3.1/../../../../arm-none-eabi/lib/thumb/v7-m/nofp\libg.a(lib_a-init.o)
                              d:/gcc-arm-none-eabi/bin/../lib/gcc/arm-none-eabi/10.3.1/../../../../arm-none-eabi/lib/thumb/v7-m/nofp/crt0.o (__libc_init_array)
d:/gcc-arm-none-eabi/bin/../lib/gcc/arm-none-eabi/10.3.1/../../../../arm-none-eabi/lib/thumb/v7-m/nofp\libg.a(lib_a-memset.o)
                              d:/gcc-arm-none-eabi/bin/../lib/gcc/arm-none-eabi/10.3.1/../../../../arm-none-eabi/lib/thumb/v7-m/nofp/crt0.o (memset)
d:/gcc-arm-none-eabi/bin/../lib/gcc/arm-none-eabi/10.3.1/../../../../arm-none-eabi/lib/thumb/v7-m/nofp\libg.a(lib_a-setvbuf.o)
                              CMakeFiles/motor-control-code.elf.dir/Core/Src/retarget.c.obj (setvbuf)
d:/gcc-arm-none-eabi/bin/../lib/gcc/arm-none-eabi/10.3.1/../../../../arm-none-eabi/lib/thumb/v7-m/nofp\libg.a(lib_a-__call_atexit.o)
                              d:/gcc-arm-none-eabi/bin/../lib/gcc/arm-none-eabi/10.3.1/../../../../arm-none-eabi/lib/thumb/v7-m/nofp\libg.a(lib_a-exit.o) (__call_exitprocs)
d:/gcc-arm-none-eabi/bin/../lib/gcc/arm-none-eabi/10.3.1/../../../../arm-none-eabi/lib/thumb/v7-m/nofp\libg.a(lib_a-atexit.o)
                              d:/gcc-arm-none-eabi/bin/../lib/gcc/arm-none-eabi/10.3.1/../../../../arm-none-eabi/lib/thumb/v7-m/nofp\libg.a(lib_a-__call_atexit.o) (atexit)
d:/gcc-arm-none-eabi/bin/../lib/gcc/arm-none-eabi/10.3.1/../../../../arm-none-eabi/lib/thumb/v7-m/nofp\libg.a(lib_a-fflush.o)
                              d:/gcc-arm-none-eabi/bin/../lib/gcc/arm-none-eabi/10.3.1/../../../../arm-none-eabi/lib/thumb/v7-m/nofp\libg.a(lib_a-setvbuf.o) (_fflush_r)
d:/gcc-arm-none-eabi/bin/../lib/gcc/arm-none-eabi/10.3.1/../../../../arm-none-eabi/lib/thumb/v7-m/nofp\libg.a(lib_a-findfp.o)
                              d:/gcc-arm-none-eabi/bin/../lib/gcc/arm-none-eabi/10.3.1/../../../../arm-none-eabi/lib/thumb/v7-m/nofp\libg.a(lib_a-setvbuf.o) (__sinit)
d:/gcc-arm-none-eabi/bin/../lib/gcc/arm-none-eabi/10.3.1/../../../../arm-none-eabi/lib/thumb/v7-m/nofp\libg.a(lib_a-fini.o)
                              d:/gcc-arm-none-eabi/bin/../lib/gcc/arm-none-eabi/10.3.1/../../../../arm-none-eabi/lib/thumb/v7-m/nofp\libg.a(lib_a-__call_atexit.o) (__libc_fini_array)
d:/gcc-arm-none-eabi/bin/../lib/gcc/arm-none-eabi/10.3.1/../../../../arm-none-eabi/lib/thumb/v7-m/nofp\libg.a(lib_a-freer.o)
                              d:/gcc-arm-none-eabi/bin/../lib/gcc/arm-none-eabi/10.3.1/../../../../arm-none-eabi/lib/thumb/v7-m/nofp\libg.a(lib_a-setvbuf.o) (_free_r)
d:/gcc-arm-none-eabi/bin/../lib/gcc/arm-none-eabi/10.3.1/../../../../arm-none-eabi/lib/thumb/v7-m/nofp\libg.a(lib_a-fwalk.o)
[...]
Memory Configuration

Name             Origin             Length             Attributes
RAM              0x20000000         0x00005000         xrw
FLASH            0x08000000         0x00010000         xr
*default*        0x00000000         0xffffffff

Linker script and memory map

LOAD d:/gcc-arm-none-eabi/bin/../lib/gcc/arm-none-eabi/10.3.1/thumb/v7-m/nofp/crti.o
LOAD d:/gcc-arm-none-eabi/bin/../lib/gcc/arm-none-eabi/10.3.1/thumb/v7-m/nofp/crtbegin.o
LOAD d:/gcc-arm-none-eabi/bin/../lib/gcc/arm-none-eabi/10.3.1/../../../../arm-none-eabi/lib/thumb/v7-m/nofp/crt0.o
LOAD CMakeFiles/motor-control-code.elf.dir/Core/Src/can.c.obj
LOAD CMakeFiles/motor-control-code.elf.dir/Core/Src/gpio.c.obj
LOAD CMakeFiles/motor-control-code.elf.dir/Core/Src/i2c.c.obj
LOAD CMakeFiles/motor-control-code.elf.dir/Core/Src/key.c.obj
LOAD CMakeFiles/motor-control-code.elf.dir/Core/Src/main.c.obj
LOAD CMakeFiles/motor-control-code.elf.dir/Core/Src/menu.c.obj
LOAD CMakeFiles/motor-control-code.elf.dir/Core/Src/motor.c.obj
LOAD CMakeFiles/motor-control-code.elf.dir/Core/Src/oled.c.obj
LOAD CMakeFiles/motor-control-code.elf.dir/Core/Src/oledfont.c.obj
LOAD CMakeFiles/motor-control-code.elf.dir/Core/Src/pid.c.obj
LOAD CMakeFiles/motor-control-code.elf.dir/Core/Src/printf.c.obj
LOAD CMakeFiles/motor-control-code.elf.dir/Core/Src/retarget.c.obj
LOAD CMakeFiles/motor-control-code.elf.dir/Core/Src/stm32f1xx_hal_msp.c.obj
LOAD CMakeFiles/motor-control-code.elf.dir/Core/Src/stm32f1xx_it.c.obj
LOAD CMakeFiles/motor-control-code.elf.dir/Core/Src/syscalls.c.obj
LOAD CMakeFiles/motor-control-code.elf.dir/Core/Src/sysmem.c.obj
LOAD CMakeFiles/motor-control-code.elf.dir/Core/Src/system_stm32f1xx.c.obj
LOAD CMakeFiles/motor-control-code.elf.dir/Core/Src/tim.c.obj
LOAD CMakeFiles/motor-control-code.elf.dir/Core/Src/usart.c.obj
LOAD CMakeFiles/motor-control-code.elf.dir/Core/Startup/startup_stm32f103c8tx.s.obj
LOAD CMakeFiles/motor-control-code.elf.dir/Drivers/STM32F1xx_HAL_Driver/Src/stm32f1xx_hal.c.obj
LOAD CMakeFiles/motor-control-code.elf.dir/Drivers/STM32F1xx_HAL_Driver/Src/stm32f1xx_hal_can.c.obj
LOAD CMakeFiles/motor-control-code.elf.dir/Drivers/STM32F1xx_HAL_Driver/Src/stm32f1xx_hal_cortex.c.obj
LOAD CMakeFiles/motor-control-code.elf.dir/Drivers/STM32F1xx_HAL_Driver/Src/stm32f1xx_hal_dma.c.obj
LOAD CMakeFiles/motor-control-code.elf.dir/Drivers/STM32F1xx_HAL_Driver/Src/stm32f1xx_hal_exti.c.obj
LOAD CMakeFiles/motor-control-code.elf.dir/Drivers/STM32F1xx_HAL_Driver/Src/stm32f1xx_hal_flash.c.obj
LOAD CMakeFiles/motor-control-code.elf.dir/Drivers/STM32F1xx_HAL_Driver/Src/stm32f1xx_hal_flash_ex.c.obj
LOAD CMakeFiles/motor-control-code.elf.dir/Drivers/STM32F1xx_HAL_Driver/Src/stm32f1xx_hal_gpio.c.obj
LOAD CMakeFiles/motor-control-code.elf.dir/Drivers/STM32F1xx_HAL_Driver/Src/stm32f1xx_hal_gpio_ex.c.obj
LOAD CMakeFiles/motor-control-code.elf.dir/Drivers/STM32F1xx_HAL_Driver/Src/stm32f1xx_hal_i2c.c.obj
LOAD CMakeFiles/motor-control-code.elf.dir/Drivers/STM32F1xx_HAL_Driver/Src/stm32f1xx_hal_pwr.c.obj
LOAD CMakeFiles/motor-control-code.elf.dir/Drivers/STM32F1xx_HAL_Driver/Src/stm32f1xx_hal_rcc.c.obj
LOAD CMakeFiles/motor-control-code.elf.dir/Drivers/STM32F1xx_HAL_Driver/Src/stm32f1xx_hal_rcc_ex.c.obj
LOAD CMakeFiles/motor-control-code.elf.dir/Drivers/STM32F1xx_HAL_Driver/Src/stm32f1xx_hal_tim.c.obj
LOAD CMakeFiles/motor-control-code.elf.dir/Drivers/STM32F1xx_HAL_Driver/Src/stm32f1xx_hal_tim_ex.c.obj
LOAD CMakeFiles/motor-control-code.elf.dir/Drivers/STM32F1xx_HAL_Driver/Src/stm32f1xx_hal_uart.c.obj
START GROUP
LOAD d:/gcc-arm-none-eabi/bin/../lib/gcc/arm-none-eabi/10.3.1/thumb/v7-m/nofp\libgcc.a
LOAD d:/gcc-arm-none-eabi/bin/../lib/gcc/arm-none-eabi/10.3.1/../../../../arm-none-eabi/lib/thumb/v7-m/nofp\libg.a
LOAD d:/gcc-arm-none-eabi/bin/../lib/gcc/arm-none-eabi/10.3.1/../../../../arm-none-eabi/lib/thumb/v7-m/nofp\libc.a
END GROUP
LOAD d:/gcc-arm-none-eabi/bin/../lib/gcc/arm-none-eabi/10.3.1/thumb/v7-m/nofp/crtend.o
LOAD d:/gcc-arm-none-eabi/bin/../lib/gcc/arm-none-eabi/10.3.1/thumb/v7-m/nofp/crtn.o
                0x20005000                _estack = (ORIGIN (RAM) + LENGTH (RAM))
                0x00000200                _Min_Heap_Size = 0x200
                0x00000400                _Min_Stack_Size = 0x400

.isr_vector     0x08000000      0x10c
                0x08000000                . = ALIGN (0x4)
 *(.isr_vector)
 .isr_vector    0x08000000      0x10c CMakeFiles/motor-control-code.elf.dir/Core/Startup/startup_stm32f103c8tx.s.obj
                0x08000000                g_pfnVectors
                0x0800010c                . = ALIGN (0x4)

.text           0x0800010c     0x4688
                0x0800010c                . = ALIGN (0x4)
 *(.text)
 .text          0x0800010c       0x40 d:/gcc-arm-none-eabi/bin/../lib/gcc/arm-none-eabi/10.3.1/thumb/v7-m/nofp/crtbegin.o
 .text          0x0800014c      0x168 d:/gcc-arm-none-eabi/bin/../lib/gcc/arm-none-eabi/10.3.1/thumb/v7-m/nofp\libgcc.a(_arm_mulsf3.o)
                0x0800014c                __aeabi_fmul
                0x0800014c                __mulsf3
 .text          0x080002b4       0xa0 d:/gcc-arm-none-eabi/bin/../lib/gcc/arm-none-eabi/10.3.1/thumb/v7-m/nofp\libgcc.a(_arm_truncdfsf2.o)
                0x080002b4                __truncdfsf2
                0x080002b4                __aeabi_d2f
 .text          0x08000354      0x21c d:/gcc-arm-none-eabi/bin/../lib/gcc/arm-none-eabi/10.3.1/thumb/v7-m/nofp\libgcc.a(_arm_addsubsf3.o)
                0x08000354                __aeabi_frsub
                0x0800035c                __subsf3
                0x0800035c                __aeabi_fsub
                0x08000360                __aeabi_fadd
                0x08000360                __addsf3
                0x080004c0                __aeabi_ui2f
                0x080004c0                __floatunsisf
                0x080004c8                __aeabi_i2f
                0x080004c8                __floatsisf
                0x080004e4                __aeabi_ul2f
                0x080004e4                __floatundisf
                0x080004f4                __aeabi_l2f
                0x080004f4                __floatdisf
 .text          0x08000570       0xec d:/gcc-arm-none-eabi/bin/../lib/gcc/arm-none-eabi/10.3.1/thumb/v7-m/nofp\libgcc.a(_arm_cmpsf2.o)
                0x08000570                __gesf2
                0x08000570                __gtsf2
                0x08000578                __lesf2
                0x08000578                __ltsf2
                0x08000580                __nesf2
                0x08000580                __eqsf2
                0x08000580                __cmpsf2
                0x080005e0                __aeabi_cfrcmple
                0x080005e8                __aeabi_cfcmpeq
                0x080005e8                __aeabi_cfcmple
                0x080005f8                __aeabi_fcmpeq
                0x0800060c                __aeabi_fcmplt
                0x08000620                __aeabi_fcmple
                0x08000634                __aeabi_fcmpge
                0x08000648                __aeabi_fcmpgt
 .text          0x0800065c       0x4c d:/gcc-arm-none-eabi/bin/../lib/gcc/arm-none-eabi/10.3.1/thumb/v7-m/nofp\libgcc.a(_arm_fixsfsi.o)
                0x0800065c                __aeabi_f2iz
                0x0800065c                __fixsfsi
 *(.text*)
 .text.MX_CAN_Init
                0x080006a8       0x3c CMakeFiles/motor-control-code.elf.dir/Core/Src/can.c.obj
                0x080006a8                MX_CAN_Init
 .text.HAL_CAN_MspInit
                0x080006e4       0x84 CMakeFiles/motor-control-code.elf.dir/Core/Src/can.c.obj
                0x080006e4                HAL_CAN_MspInit
 .text.MX_GPIO_Init
                0x08000768       0xb0 CMakeFiles/motor-control-code.elf.dir/Core/Src/gpio.c.obj
                0x08000768                MX_GPIO_Init
 .text.MX_I2C1_Init
                0x08000818       0x3c CMakeFiles/motor-control-code.elf.dir/Core/Src/i2c.c.obj
                0x08000818                MX_I2C1_Init
 .text.HAL_I2C_MspInit
                0x08000854       0x64 CMakeFiles/motor-control-code.elf.dir/Core/Src/i2c.c.obj
                0x08000854                HAL_I2C_MspInit
 .text.HAL_GPIO_EXTI_Callback
                0x080008b8       0x50 CMakeFiles/motor-control-code.elf.dir/Core/Src/key.c.obj
                0x080008b8                HAL_GPIO_EXTI_Callback
 .text.KEY_Open
                0x08000908       0x10 CMakeFiles/motor-control-code.elf.dir/Core/Src/key.c.obj
                0x08000908                KEY_Open
 .text.KEY_Select
                0x08000918       0xac CMakeFiles/motor-control-code.elf.dir/Core/Src/key.c.obj
                0x08000918                KEY_Select
 .text.HAL_CAN_RxFifo0MsgPendingCallback
                0x080009c4       0x28 CMakeFiles/motor-control-code.elf.dir/Core/Src/main.c.obj
                0x080009c4                HAL_CAN_RxFifo0MsgPendingCallback
 .text.HAL_TIM_PeriodElapsedCallback
                0x080009ec       0x54 CMakeFiles/motor-control-code.elf.dir/Core/Src/main.c.obj
                0x080009ec                HAL_TIM_PeriodElapsedCallback
 .text.can_init
                0x08000a40       0x44 CMakeFiles/motor-control-code.elf.dir/Core/Src/main.c.obj
                0x08000a40                can_init
 .text.Error_Handler
                0x08000a84        0x4 CMakeFiles/motor-control-code.elf.dir/Core/Src/main.c.obj
                0x08000a84                Error_Handler
 .text.SystemClock_Config
                0x08000a88       0x60 CMakeFiles/motor-control-code.elf.dir/Core/Src/main.c.obj
                0x08000a88                SystemClock_Config
 .text.main     0x08000ae8       0xa0 CMakeFiles/motor-control-code.elf.dir/Core/Src/main.c.obj
                0x08000ae8                main
 .text.OLED_Menu
                0x08000b88       0xe4 CMakeFiles/motor-control-code.elf.dir/Core/Src/menu.c.obj
                0x08000b88                OLED_Menu
 .text.get_moto_measure
                0x08000c6c       0x78 CMakeFiles/motor-control-code.elf.dir/Core/Src/motor.c.obj
                0x08000c6c                get_moto_measure
 .text.set_moto_current
                0x08000ce4       0x3c CMakeFiles/motor-control-code.elf.dir/Core/Src/motor.c.obj
                0x08000ce4                set_moto_current
 .text.WriteCmd
                0x08000d20       0x38 CMakeFiles/motor-control-code.elf.dir/Core/Src/oled.c.obj
                0x08000d20                WriteCmd
 .text.OLED_Init
                0x08000d58        0xe CMakeFiles/motor-control-code.elf.dir/Core/Src/oled.c.obj
                0x08000d58                OLED_Init
 *fill*         0x08000d66        0x2 
 .text.OLED_WR_CMD
                0x08000d68       0x2c CMakeFiles/motor-control-code.elf.dir/Core/Src/oled.c.obj
                0x08000d68                OLED_WR_CMD
 .text.OLED_WR_DATA
                0x08000d94       0x2c CMakeFiles/motor-control-code.elf.dir/Core/Src/oled.c.obj
                0x08000d94                OLED_WR_DATA
 .text.OLED_Clear
                0x08000dc0       0x3a CMakeFiles/motor-control-code.elf.dir/Core/Src/oled.c.obj
                0x08000dc0                OLED_Clear
 .text.OLED_Set_Pos
                0x08000dfa       0x22 CMakeFiles/motor-control-code.elf.dir/Core/Src/oled.c.obj
                0x08000dfa                OLED_Set_Pos
 .text.oled_pow
                0x08000e1c       0x16 CMakeFiles/motor-control-code.elf.dir/Core/Src/oled.c.obj
                0x08000e1c                oled_pow
 *fill*         0x08000e32        0x2 
 .text.OLED_ShowChar
                0x08000e34       0xe0 CMakeFiles/motor-control-code.elf.dir/Core/Src/oled.c.obj
                0x08000e34                OLED_ShowChar
 .text.OLED_ShowString
                0x08000f14       0x66 CMakeFiles/motor-control-code.elf.dir/Core/Src/oled.c.obj
                0x08000f14                OLED_ShowString
 *fill*         0x08000f7a        0x2 
 .text.OLED_ShowNum
                0x08000f7c       0x9c CMakeFiles/motor-control-code.elf.dir/Core/Src/oled.c.obj
                0x08000f7c                OLED_ShowNum
 .text.OLED_Showdecimal
                0x08001018      0x14c CMakeFiles/motor-control-code.elf.dir/Core/Src/oled.c.obj
                0x08001018                OLED_Showdecimal
 .text.pid_param_init
                0x08001164       0x14 CMakeFiles/motor-control-code.elf.dir/Core/Src/pid.c.obj
 .text.pid_reset
                0x08001178        0x8 CMakeFiles/motor-control-code.elf.dir/Core/Src/pid.c.obj
 .text.abs_limit
                0x08001180       0x22 CMakeFiles/motor-control-code.elf.dir/Core/Src/pid.c.obj
                0x08001180                abs_limit
 .text.pid_calc
                0x080011a2      0x186 CMakeFiles/motor-control-code.elf.dir/Core/Src/pid.c.obj
                0x080011a2                pid_calc
 .text.PID_struct_init
                0x08001328       0x34 CMakeFiles/motor-control-code.elf.dir/Core/Src/pid.c.obj
                0x08001328                PID_struct_init
 .text.RetargetInit
                0x0800135c       0x20 CMakeFiles/motor-control-code.elf.dir/Core/Src/retarget.c.obj
                0x0800135c                RetargetInit
 .text._close   0x0800137c       0x18 CMakeFiles/motor-control-code.elf.dir/Core/Src/retarget.c.obj
                0x0800137c                _close
 .text._write   0x08001394       0x34 CMakeFiles/motor-control-code.elf.dir/Core/Src/retarget.c.obj
                0x08001394                _write
 .text._lseek   0x080013c8       0x10 CMakeFiles/motor-control-code.elf.dir/Core/Src/retarget.c.obj
                0x080013c8                _lseek
 .text._read    0x080013d8       0x30 CMakeFiles/motor-control-code.elf.dir/Core/Src/retarget.c.obj
                0x080013d8                _read
 .text._fstat   0x08001408       0x1a CMakeFiles/motor-control-code.elf.dir/Core/Src/retarget.c.obj
                0x08001408                _fstat
 *fill*         0x08001422        0x2 
 .text.HAL_MspInit
                0x08001424       0x44 CMakeFiles/motor-control-code.elf.dir/Core/Src/stm32f1xx_hal_msp.c.obj
                0x08001424                HAL_MspInit
 .text.NMI_Handler
                0x08001468        0x2 CMakeFiles/motor-control-code.elf.dir/Core/Src/stm32f1xx_it.c.obj
                0x08001468                NMI_Handler
 .text.HardFault_Handler
                0x0800146a        0x2 CMakeFiles/motor-control-code.elf.dir/Core/Src/stm32f1xx_it.c.obj
                0x0800146a                HardFault_Handler
 .text.MemManage_Handler
                0x0800146c        0x2 CMakeFiles/motor-control-code.elf.dir/Core/Src/stm32f1xx_it.c.obj
                0x0800146c                MemManage_Handler
 .text.BusFault_Handler
                0x0800146e        0x2 CMakeFiles/motor-control-code.elf.dir/Core/Src/stm32f1xx_it.c.obj
                0x0800146e                BusFault_Handler
 .text.UsageFault_Handler
                0x08001470        0x2 CMakeFiles/motor-control-code.elf.dir/Core/Src/stm32f1xx_it.c.obj
                0x08001470                UsageFault_Handler
 .text.SVC_Handler
                0x08001472        0x2 CMakeFiles/motor-control-code.elf.dir/Core/Src/stm32f1xx_it.c.obj
                0x08001472                SVC_Handler
 .text.DebugMon_Handler
                0x08001474        0x2 CMakeFiles/motor-control-code.elf.dir/Core/Src/stm32f1xx_it.c.obj
                0x08001474                DebugMon_Handler
 .text.PendSV_Handler
                0x08001476        0x2 CMakeFiles/motor-control-code.elf.dir/Core/Src/stm32f1xx_it.c.obj
                0x08001476                PendSV_Handler
 .text.SysTick_Handler
                0x08001478        0x8 CMakeFiles/motor-control-code.elf.dir/Core/Src/stm32f1xx_it.c.obj
                0x08001478                SysTick_Handler
 .text.EXTI1_IRQHandler
                0x08001480        0xa CMakeFiles/motor-control-code.elf.dir/Core/Src/stm32f1xx_it.c.obj
                0x08001480                EXTI1_IRQHandler
 .text.EXTI2_IRQHandler
                0x0800148a        0xa CMakeFiles/motor-control-code.elf.dir/Core/Src/stm32f1xx_it.c.obj
                0x0800148a                EXTI2_IRQHandler
 .text.USB_LP_CAN1_RX0_IRQHandler
                0x08001494       0x10 CMakeFiles/motor-control-code.elf.dir/Core/Src/stm32f1xx_it.c.obj
                0x08001494                USB_LP_CAN1_RX0_IRQHandler
 .text.TIM1_UP_IRQHandler
                0x080014a4       0x10 CMakeFiles/motor-control-code.elf.dir/Core/Src/stm32f1xx_it.c.obj
                0x080014a4                TIM1_UP_IRQHandler
 .text.EXTI15_10_IRQHandler
                0x080014b4       0x14 CMakeFiles/motor-control-code.elf.dir/Core/Src/stm32f1xx_it.c.obj
                0x080014b4                EXTI15_10_IRQHandler
 .text._sbrk    0x080014c8       0x48 CMakeFiles/motor-control-code.elf.dir/Core/Src/sysmem.c.obj
                0x080014c8                _sbrk
 .text.SystemInit
                0x08001510        0x2 CMakeFiles/motor-control-code.elf.dir/Core/Src/system_stm32f1xx.c.obj
                0x08001510                SystemInit
 *fill*         0x08001512        0x2 
 .text.MX_TIM1_Init
                0x08001514       0x70 CMakeFiles/motor-control-code.elf.dir/Core/Src/tim.c.obj
                0x08001514                MX_TIM1_Init
 .text.HAL_TIM_Base_MspInit
                0x08001584       0x40 CMakeFiles/motor-control-code.elf.dir/Core/Src/tim.c.obj
                0x08001584                HAL_TIM_Base_MspInit
 .text.MX_USART2_UART_Init
                0x080015c4       0x34 CMakeFiles/motor-control-code.elf.dir/Core/Src/usart.c.obj
                0x080015c4                MX_USART2_UART_Init
 .text.HAL_UART_MspInit
                0x080015f8       0x74 CMakeFiles/motor-control-code.elf.dir/Core/Src/usart.c.obj
                0x080015f8                HAL_UART_MspInit
 .text.Reset_Handler
                0x0800166c       0x48 CMakeFiles/motor-control-code.elf.dir/Core/Startup/startup_stm32f103c8tx.s.obj
                0x0800166c                Reset_Handler
 .text.Default_Handler
                0x080016b4        0x2 CMakeFiles/motor-control-code.elf.dir/Core/Startup/startup_stm32f103c8tx.s.obj
                0x080016b4                RTC_Alarm_IRQHandler
                0x080016b4                TIM1_CC_IRQHandler
                0x080016b4                PVD_IRQHandler
                0x080016b4                EXTI3_IRQHandler
                0x080016b4                EXTI0_IRQHandler
                0x080016b4                I2C2_EV_IRQHandler
                0x080016b4                ADC1_2_IRQHandler
                0x080016b4                SPI1_IRQHandler
                0x080016b4                TAMPER_IRQHandler
                0x080016b4                DMA1_Channel4_IRQHandler
                0x080016b4                USART3_IRQHandler
                0x080016b4                RTC_IRQHandler
                0x080016b4                DMA1_Channel7_IRQHandler
                0x080016b4                CAN1_RX1_IRQHandler
                0x080016b4                TIM4_IRQHandler
                0x080016b4                I2C1_EV_IRQHandler
                0x080016b4                DMA1_Channel6_IRQHandler
                0x080016b4                TIM3_IRQHandler
                0x080016b4                RCC_IRQHandler
                0x080016b4                TIM1_TRG_COM_IRQHandler
                0x080016b4                DMA1_Channel1_IRQHandler
                0x080016b4                Default_Handler
                0x080016b4                EXTI9_5_IRQHandler
                0x080016b4                SPI2_IRQHandler
                0x080016b4                DMA1_Channel5_IRQHandler
                0x080016b4                EXTI4_IRQHandler
                0x080016b4                USB_HP_CAN1_TX_IRQHandler
                0x080016b4                DMA1_Channel3_IRQHandler
                0x080016b4                WWDG_IRQHandler
                0x080016b4                TIM2_IRQHandler
                0x080016b4                TIM1_BRK_IRQHandler
                0x080016b4                USART2_IRQHandler
                0x080016b4                I2C2_ER_IRQHandler
                0x080016b4                DMA1_Channel2_IRQHandler
                0x080016b4                CAN1_SCE_IRQHandler
                0x080016b4                FLASH_IRQHandler
                0x080016b4                USART1_IRQHandler
                0x080016b4                I2C1_ER_IRQHandler
                0x080016b4                USBWakeUp_IRQHandler
 *fill*         0x080016b6        0x2 
 .text.HAL_InitTick
                0x080016b8       0x4c CMakeFiles/motor-control-code.elf.dir/Drivers/STM32F1xx_HAL_Driver/Src/stm32f1xx_hal.c.obj
                0x080016b8                HAL_InitTick
 .text.HAL_Init
                0x08001704       0x24 CMakeFiles/motor-control-code.elf.dir/Drivers/STM32F1xx_HAL_Driver/Src/stm32f1xx_hal.c.obj
                0x08001704                HAL_Init
 .text.HAL_IncTick
                0x08001728       0x18 CMakeFiles/motor-control-code.elf.dir/Drivers/STM32F1xx_HAL_Driver/Src/stm32f1xx_hal.c.obj
                0x08001728                HAL_IncTick
 .text.HAL_GetTick
                0x08001740        0xc CMakeFiles/motor-control-code.elf.dir/Drivers/STM32F1xx_HAL_Driver/Src/stm32f1xx_hal.c.obj
                0x08001740                HAL_GetTick
 .text.HAL_Delay
                0x0800174c       0x28 CMakeFiles/motor-control-code.elf.dir/Drivers/STM32F1xx_HAL_Driver/Src/stm32f1xx_hal.c.obj
                0x0800174c                HAL_Delay
 .text.HAL_CAN_Init
                0x08001774      0x14c CMakeFiles/motor-control-code.elf.dir/Drivers/STM32F1xx_HAL_Driver/Src/stm32f1xx_hal_can.c.obj
                0x08001774                HAL_CAN_Init
 .text.HAL_CAN_ConfigFilter
                0x080018c0      0x10c CMakeFiles/motor-control-code.elf.dir/Drivers/STM32F1xx_HAL_Driver/Src/stm32f1xx_hal_can.c.obj
                0x080018c0                HAL_CAN_ConfigFilter
 .text.HAL_CAN_Start
                0x080019cc       0x5c CMakeFiles/motor-control-code.elf.dir/Drivers/STM32F1xx_HAL_Driver/Src/stm32f1xx_hal_can.c.obj
                0x080019cc                HAL_CAN_Start
 .text.HAL_CAN_AddTxMessage
                0x08001a28       0xfc CMakeFiles/motor-control-code.elf.dir/Drivers/STM32F1xx_HAL_Driver/Src/stm32f1xx_hal_can.c.obj
                0x08001a28                HAL_CAN_AddTxMessage
 .text.HAL_CAN_GetRxMessage
                0x08001b24      0x156 CMakeFiles/motor-control-code.elf.dir/Drivers/STM32F1xx_HAL_Driver/Src/stm32f1xx_hal_can.c.obj
                0x08001b24                HAL_CAN_GetRxMessage
 .text.HAL_CAN_ActivateNotification
                0x08001c7a       0x24 CMakeFiles/motor-control-code.elf.dir/Drivers/STM32F1xx_HAL_Driver/Src/stm32f1xx_hal_can.c.obj
                0x08001c7a                HAL_CAN_ActivateNotification
 .text.HAL_CAN_TxMailbox0CompleteCallback
                0x08001c9e        0x2 CMakeFiles/motor-control-code.elf.dir/Drivers/STM32F1xx_HAL_Driver/Src/stm32f1xx_hal_can.c.obj
                0x08001c9e                HAL_CAN_TxMailbox0CompleteCallback
 .text.HAL_CAN_TxMailbox1CompleteCallback
                0x08001ca0        0x2 CMakeFiles/motor-control-code.elf.dir/Drivers/STM32F1xx_HAL_Driver/Src/stm32f1xx_hal_can.c.obj
                0x08001ca0                HAL_CAN_TxMailbox1CompleteCallback
 .text.HAL_CAN_TxMailbox2CompleteCallback
                0x08001ca2        0x2 CMakeFiles/motor-control-code.elf.dir/Drivers/STM32F1xx_HAL_Driver/Src/stm32f1xx_hal_can.c.obj
                0x08001ca2                HAL_CAN_TxMailbox2CompleteCallback
 .text.HAL_CAN_TxMailbox0AbortCallback
                0x08001ca4        0x2 CMakeFiles/motor-control-code.elf.dir/Drivers/STM32F1xx_HAL_Driver/Src/stm32f1xx_hal_can.c.obj
                0x08001ca4                HAL_CAN_TxMailbox0AbortCallback
 .text.HAL_CAN_TxMailbox1AbortCallback
                0x08001ca6        0x2 CMakeFiles/motor-control-code.elf.dir/Drivers/STM32F1xx_HAL_Driver/Src/stm32f1xx_hal_can.c.obj
                0x08001ca6                HAL_CAN_TxMailbox1AbortCallback
 .text.HAL_CAN_TxMailbox2AbortCallback
                0x08001ca8        0x2 CMakeFiles/motor-control-code.elf.dir/Drivers/STM32F1xx_HAL_Driver/Src/stm32f1xx_hal_can.c.obj
                0x08001ca8                HAL_CAN_TxMailbox2AbortCallback
 .text.HAL_CAN_RxFifo0FullCallback
                0x08001caa        0x2 CMakeFiles/motor-control-code.elf.dir/Drivers/STM32F1xx_HAL_Driver/Src/stm32f1xx_hal_can.c.obj
                0x08001caa                HAL_CAN_RxFifo0FullCallback
 .text.HAL_CAN_RxFifo1MsgPendingCallback
                0x08001cac        0x2 CMakeFiles/motor-control-code.elf.dir/Drivers/STM32F1xx_HAL_Driver/Src/stm32f1xx_hal_can.c.obj
                0x08001cac                HAL_CAN_RxFifo1MsgPendingCallback
 .text.HAL_CAN_RxFifo1FullCallback
                0x08001cae        0x2 CMakeFiles/motor-control-code.elf.dir/Drivers/STM32F1xx_HAL_Driver/Src/stm32f1xx_hal_can.c.obj
                0x08001cae                HAL_CAN_RxFifo1FullCallback
 .text.HAL_CAN_SleepCallback
                0x08001cb0        0x2 CMakeFiles/motor-control-code.elf.dir/Drivers/STM32F1xx_HAL_Driver/Src/stm32f1xx_hal_can.c.obj
                0x08001cb0                HAL_CAN_SleepCallback
 .text.HAL_CAN_WakeUpFromRxMsgCallback
                0x08001cb2        0x2 CMakeFiles/motor-control-code.elf.dir/Drivers/STM32F1xx_HAL_Driver/Src/stm32f1xx_hal_can.c.obj
                0x08001cb2                HAL_CAN_WakeUpFromRxMsgCallback
 .text.HAL_CAN_ErrorCallback
                0x08001cb4        0x2 CMakeFiles/motor-control-code.elf.dir/Drivers/STM32F1xx_HAL_Driver/Src/stm32f1xx_hal_can.c.obj
                0x08001cb4                HAL_CAN_ErrorCallback
 .text.HAL_CAN_IRQHandler
                0x08001cb6      0x24a CMakeFiles/motor-control-code.elf.dir/Drivers/STM32F1xx_HAL_Driver/Src/stm32f1xx_hal_can.c.obj
                0x08001cb6                HAL_CAN_IRQHandler
 .text.HAL_NVIC_SetPriorityGrouping
                0x08001f00       0x24 CMakeFiles/motor-control-code.elf.dir/Drivers/STM32F1xx_HAL_Driver/Src/stm32f1xx_hal_cortex.c.obj
                0x08001f00                HAL_NVIC_SetPriorityGrouping
 .text.HAL_NVIC_SetPriority
                0x08001f24       0x70 CMakeFiles/motor-control-code.elf.dir/Drivers/STM32F1xx_HAL_Driver/Src/stm32f1xx_hal_cortex.c.obj
                0x08001f24                HAL_NVIC_SetPriority
 .text.HAL_NVIC_EnableIRQ
                0x08001f94       0x1c CMakeFiles/motor-control-code.elf.dir/Drivers/STM32F1xx_HAL_Driver/Src/stm32f1xx_hal_cortex.c.obj
                0x08001f94                HAL_NVIC_EnableIRQ
 .text.HAL_SYSTICK_Config
                0x08001fb0       0x28 CMakeFiles/motor-control-code.elf.dir/Drivers/STM32F1xx_HAL_Driver/Src/stm32f1xx_hal_cortex.c.obj
                0x08001fb0                HAL_SYSTICK_Config
 .text.HAL_GPIO_Init
                0x08001fd8      0x224 CMakeFiles/motor-control-code.elf.dir/Drivers/STM32F1xx_HAL_Driver/Src/stm32f1xx_hal_gpio.c.obj
                0x08001fd8                HAL_GPIO_Init
 .text.HAL_GPIO_WritePin
                0x080021fc        0xc CMakeFiles/motor-control-code.elf.dir/Drivers/STM32F1xx_HAL_Driver/Src/stm32f1xx_hal_gpio.c.obj
                0x080021fc                HAL_GPIO_WritePin
 .text.HAL_GPIO_TogglePin
                0x08002208       0x12 CMakeFiles/motor-control-code.elf.dir/Drivers/STM32F1xx_HAL_Driver/Src/stm32f1xx_hal_gpio.c.obj
                0x08002208                HAL_GPIO_TogglePin
 *fill*         0x0800221a        0x2 
 .text.HAL_GPIO_EXTI_IRQHandler
                0x0800221c       0x1c CMakeFiles/motor-control-code.elf.dir/Drivers/STM32F1xx_HAL_Driver/Src/stm32f1xx_hal_gpio.c.obj
                0x0800221c                HAL_GPIO_EXTI_IRQHandler
 .text.I2C_IsAcknowledgeFailed
                0x08002238       0x32 CMakeFiles/motor-control-code.elf.dir/Drivers/STM32F1xx_HAL_Driver/Src/stm32f1xx_hal_i2c.c.obj
 .text.I2C_WaitOnFlagUntilTimeout
                0x0800226a       0x7c CMakeFiles/motor-control-code.elf.dir/Drivers/STM32F1xx_HAL_Driver/Src/stm32f1xx_hal_i2c.c.obj
 .text.I2C_WaitOnMasterAddressFlagUntilTimeout
                0x080022e6       0xaa CMakeFiles/motor-control-code.elf.dir/Drivers/STM32F1xx_HAL_Driver/Src/stm32f1xx_hal_i2c.c.obj
 .text.I2C_WaitOnTXEFlagUntilTimeout
                0x08002390       0x54 CMakeFiles/motor-control-code.elf.dir/Drivers/STM32F1xx_HAL_Driver/Src/stm32f1xx_hal_i2c.c.obj
 .text.I2C_RequestMemoryWrite
                0x080023e4       0xd8 CMakeFiles/motor-control-code.elf.dir/Drivers/STM32F1xx_HAL_Driver/Src/stm32f1xx_hal_i2c.c.obj
 .text.I2C_WaitOnBTFFlagUntilTimeout
                0x080024bc       0x54 CMakeFiles/motor-control-code.elf.dir/Drivers/STM32F1xx_HAL_Driver/Src/stm32f1xx_hal_i2c.c.obj
 .text.HAL_I2C_Init
                0x08002510      0x1bc CMakeFiles/motor-control-code.elf.dir/Drivers/STM32F1xx_HAL_Driver/Src/stm32f1xx_hal_i2c.c.obj
                0x08002510                HAL_I2C_Init
 .text.HAL_I2C_Mem_Write
                0x080026cc      0x164 CMakeFiles/motor-control-code.elf.dir/Drivers/STM32F1xx_HAL_Driver/Src/stm32f1xx_hal_i2c.c.obj
                0x080026cc                HAL_I2C_Mem_Write
 .text.RCC_Delay
                0x08002830       0x2c CMakeFiles/motor-control-code.elf.dir/Drivers/STM32F1xx_HAL_Driver/Src/stm32f1xx_hal_rcc.c.obj
 .text.HAL_RCC_OscConfig
                0x0800285c      0x410 CMakeFiles/motor-control-code.elf.dir/Drivers/STM32F1xx_HAL_Driver/Src/stm32f1xx_hal_rcc.c.obj
                0x0800285c                HAL_RCC_OscConfig
 .text.HAL_RCC_GetSysClockFreq
                0x08002c6c       0x70 CMakeFiles/motor-control-code.elf.dir/Drivers/STM32F1xx_HAL_Driver/Src/stm32f1xx_hal_rcc.c.obj
                0x08002c6c                HAL_RCC_GetSysClockFreq
 .text.HAL_RCC_ClockConfig
                0x08002cdc      0x16c CMakeFiles/motor-control-code.elf.dir/Drivers/STM32F1xx_HAL_Driver/Src/stm32f1xx_hal_rcc.c.obj
                0x08002cdc                HAL_RCC_ClockConfig
 .text.HAL_RCC_GetHCLKFreq
                0x08002e48        0xc CMakeFiles/motor-control-code.elf.dir/Drivers/STM32F1xx_HAL_Driver/Src/stm32f1xx_hal_rcc.c.obj
                0x08002e48                HAL_RCC_GetHCLKFreq
 .text.HAL_RCC_GetPCLK1Freq
                0x08002e54       0x20 CMakeFiles/motor-control-code.elf.dir/Drivers/STM32F1xx_HAL_Driver/Src/stm32f1xx_hal_rcc.c.obj
                0x08002e54                HAL_RCC_GetPCLK1Freq
 .text.HAL_RCC_GetPCLK2Freq
                0x08002e74       0x20 CMakeFiles/motor-control-code.elf.dir/Drivers/STM32F1xx_HAL_Driver/Src/stm32f1xx_hal_rcc.c.obj
                0x08002e74                HAL_RCC_GetPCLK2Freq
 .text.TIM_TI1_ConfigInputStage
                0x08002e94       0x24 CMakeFiles/motor-control-code.elf.dir/Drivers/STM32F1xx_HAL_Driver/Src/stm32f1xx_hal_tim.c.obj
 .text.TIM_TI2_ConfigInputStage
                0x08002eb8       0x26 CMakeFiles/motor-control-code.elf.dir/Drivers/STM32F1xx_HAL_Driver/Src/stm32f1xx_hal_tim.c.obj
 .text.TIM_ITRx_SetConfig
                0x08002ede       0x10 CMakeFiles/motor-control-code.elf.dir/Drivers/STM32F1xx_HAL_Driver/Src/stm32f1xx_hal_tim.c.obj
 *fill*         0x08002eee        0x2 
 .text.HAL_TIM_Base_Start_IT
                0x08002ef0       0x68 CMakeFiles/motor-control-code.elf.dir/Drivers/STM32F1xx_HAL_Driver/Src/stm32f1xx_hal_tim.c.obj
                0x08002ef0                HAL_TIM_Base_Start_IT
 .text.HAL_TIM_OC_DelayElapsedCallback
                0x08002f58        0x2 CMakeFiles/motor-control-code.elf.dir/Drivers/STM32F1xx_HAL_Driver/Src/stm32f1xx_hal_tim.c.obj
                0x08002f58                HAL_TIM_OC_DelayElapsedCallback
 .text.HAL_TIM_IC_CaptureCallback
                0x08002f5a        0x2 CMakeFiles/motor-control-code.elf.dir/Drivers/STM32F1xx_HAL_Driver/Src/stm32f1xx_hal_tim.c.obj
                0x08002f5a                HAL_TIM_IC_CaptureCallback
 .text.HAL_TIM_PWM_PulseFinishedCallback
                0x08002f5c        0x2 CMakeFiles/motor-control-code.elf.dir/Drivers/STM32F1xx_HAL_Driver/Src/stm32f1xx_hal_tim.c.obj
                0x08002f5c                HAL_TIM_PWM_PulseFinishedCallback
 .text.HAL_TIM_TriggerCallback
                0x08002f5e        0x2 CMakeFiles/motor-control-code.elf.dir/Drivers/STM32F1xx_HAL_Driver/Src/stm32f1xx_hal_tim.c.obj
                0x08002f5e                HAL_TIM_TriggerCallback
 .text.HAL_TIM_IRQHandler
                0x08002f60      0x17a CMakeFiles/motor-control-code.elf.dir/Drivers/STM32F1xx_HAL_Driver/Src/stm32f1xx_hal_tim.c.obj
                0x08002f60                HAL_TIM_IRQHandler
 *fill*         0x080030da        0x2 
 .text.TIM_Base_SetConfig
                0x080030dc       0x74 CMakeFiles/motor-control-code.elf.dir/Drivers/STM32F1xx_HAL_Driver/Src/stm32f1xx_hal_tim.c.obj
                0x080030dc                TIM_Base_SetConfig
 .text.HAL_TIM_Base_Init
                0x08003150       0x58 CMakeFiles/motor-control-code.elf.dir/Drivers/STM32F1xx_HAL_Driver/Src/stm32f1xx_hal_tim.c.obj
                0x08003150                HAL_TIM_Base_Init
 .text.TIM_ETR_SetConfig
                0x080031a8       0x18 CMakeFiles/motor-control-code.elf.dir/Drivers/STM32F1xx_HAL_Driver/Src/stm32f1xx_hal_tim.c.obj
                0x080031a8                TIM_ETR_SetConfig
 .text.HAL_TIM_ConfigClockSource
                0x080031c0       0xda CMakeFiles/motor-control-code.elf.dir/Drivers/STM32F1xx_HAL_Driver/Src/stm32f1xx_hal_tim.c.obj
                0x080031c0                HAL_TIM_ConfigClockSource
 *fill*         0x0800329a        0x2 
 .text.HAL_TIMEx_MasterConfigSynchronization
                0x0800329c       0x6c CMakeFiles/motor-control-code.elf.dir/Drivers/STM32F1xx_HAL_Driver/Src/stm32f1xx_hal_tim_ex.c.obj
                0x0800329c                HAL_TIMEx_MasterConfigSynchronization
 .text.HAL_TIMEx_CommutCallback
                0x08003308        0x2 CMakeFiles/motor-control-code.elf.dir/Drivers/STM32F1xx_HAL_Driver/Src/stm32f1xx_hal_tim_ex.c.obj
                0x08003308                HAL_TIMEx_CommutCallback
 .text.HAL_TIMEx_BreakCallback
                0x0800330a        0x2 CMakeFiles/motor-control-code.elf.dir/Drivers/STM32F1xx_HAL_Driver/Src/stm32f1xx_hal_tim_ex.c.obj
                0x0800330a                HAL_TIMEx_BreakCallback
 .text.UART_SetConfig
                0x0800330c       0x94 CMakeFiles/motor-control-code.elf.dir/Drivers/STM32F1xx_HAL_Driver/Src/stm32f1xx_hal_uart.c.obj
 .text.UART_WaitOnFlagUntilTimeout
                0x080033a0       0x6c CMakeFiles/motor-control-code.elf.dir/Drivers/STM32F1xx_HAL_Driver/Src/stm32f1xx_hal_uart.c.obj
 .text.HAL_UART_Init
                0x0800340c       0x5e CMakeFiles/motor-control-code.elf.dir/Drivers/STM32F1xx_HAL_Driver/Src/stm32f1xx_hal_uart.c.obj
                0x0800340c                HAL_UART_Init
 .text.HAL_UART_Transmit
                0x0800346a       0xd8 CMakeFiles/motor-control-code.elf.dir/Drivers/STM32F1xx_HAL_Driver/Src/stm32f1xx_hal_uart.c.obj
                0x0800346a                HAL_UART_Transmit
 .text.HAL_UART_Receive
                0x08003542       0xe4 CMakeFiles/motor-control-code.elf.dir/Drivers/STM32F1xx_HAL_Driver/Src/stm32f1xx_hal_uart.c.obj
                0x08003542                HAL_UART_Receive
 *fill*         0x08003626        0x2 
 .text.__errno  0x08003628        0xc d:/gcc-arm-none-eabi/bin/../lib/gcc/arm-none-eabi/10.3.1/../../../../arm-none-eabi/lib/thumb/v7-m/nofp\libg.a(lib_a-errno.o)
                0x08003628                __errno
 .text.__libc_init_array
                0x08003634       0x48 d:/gcc-arm-none-eabi/bin/../lib/gcc/arm-none-eabi/10.3.1/../../../../arm-none-eabi/lib/thumb/v7-m/nofp\libg.a(lib_a-init.o)
                0x08003634                __libc_init_array
 .text.memset   0x0800367c       0xa4 d:/gcc-arm-none-eabi/bin/../lib/gcc/arm-none-eabi/10.3.1/../../../../arm-none-eabi/lib/thumb/v7-m/nofp\libg.a(lib_a-memset.o)
                0x0800367c                memset
 .text.setvbuf  0x08003720      0x1b0 d:/gcc-arm-none-eabi/bin/../lib/gcc/arm-none-eabi/10.3.1/../../../../arm-none-eabi/lib/thumb/v7-m/nofp\libg.a(lib_a-setvbuf.o)
                0x08003720                setvbuf
 .text.startup.register_fini
                0x080038d0       0x14 d:/gcc-arm-none-eabi/bin/../lib/gcc/arm-none-eabi/10.3.1/../../../../arm-none-eabi/lib/thumb/v7-m/nofp\libg.a(lib_a-__call_atexit.o)
 .text.atexit   0x080038e4        0xc d:/gcc-arm-none-eabi/bin/../lib/gcc/arm-none-eabi/10.3.1/../../../../arm-none-eabi/lib/thumb/v7-m/nofp\libg.a(lib_a-atexit.o)
                0x080038e4                atexit
 .text.__sflush_r
                0x080038f0      0x124 d:/gcc-arm-none-eabi/bin/../lib/gcc/arm-none-eabi/10.3.1/../../../../arm-none-eabi/lib/thumb/v7-m/nofp\libg.a(lib_a-fflush.o)
                0x080038f0                __sflush_r
 .text._fflush_r
                0x08003a14       0x5c d:/gcc-arm-none-eabi/bin/../lib/gcc/arm-none-eabi/10.3.1/../../../../arm-none-eabi/lib/thumb/v7-m/nofp\libg.a(lib_a-fflush.o)
                0x08003a14                _fflush_r
 .text._cleanup_r
                0x08003a70        0xc d:/gcc-arm-none-eabi/bin/../lib/gcc/arm-none-eabi/10.3.1/../../../../arm-none-eabi/lib/thumb/v7-m/nofp\libg.a(lib_a-findfp.o)
                0x08003a70                _cleanup_r
 .text.__sinit  0x08003a7c      0x10c d:/gcc-arm-none-eabi/bin/../lib/gcc/arm-none-eabi/10.3.1/../../../../arm-none-eabi/lib/thumb/v7-m/nofp\libg.a(lib_a-findfp.o)
                0x08003a7c                __sinit
 .text.__sfp_lock_acquire
                0x08003b88        0xc d:/gcc-arm-none-eabi/bin/../lib/gcc/arm-none-eabi/10.3.1/../../../../arm-none-eabi/lib/thumb/v7-m/nofp\libg.a(lib_a-findfp.o)
                0x08003b88                __sfp_lock_acquire
 .text.__sfp_lock_release
                0x08003b94        0xc d:/gcc-arm-none-eabi/bin/../lib/gcc/arm-none-eabi/10.3.1/../../../../arm-none-eabi/lib/thumb/v7-m/nofp\libg.a(lib_a-findfp.o)
                0x08003b94                __sfp_lock_release
 .text.__libc_fini_array
                0x08003ba0       0x2c d:/gcc-arm-none-eabi/bin/../lib/gcc/arm-none-eabi/10.3.1/../../../../arm-none-eabi/lib/thumb/v7-m/nofp\libg.a(lib_a-fini.o)
                0x08003ba0                __libc_fini_array
 .text._malloc_trim_r
                0x08003bcc       0xa0 d:/gcc-arm-none-eabi/bin/../lib/gcc/arm-none-eabi/10.3.1/../../../../arm-none-eabi/lib/thumb/v7-m/nofp\libg.a(lib_a-freer.o)
                0x08003bcc                _malloc_trim_r
 .text._free_r  0x08003c6c      0x200 d:/gcc-arm-none-eabi/bin/../lib/gcc/arm-none-eabi/10.3.1/../../../../arm-none-eabi/lib/thumb/v7-m/nofp\libg.a(lib_a-freer.o)
                0x08003c6c                _free_r
 .text._fwalk_reent
                0x08003e6c       0x48 d:/gcc-arm-none-eabi/bin/../lib/gcc/arm-none-eabi/10.3.1/../../../../arm-none-eabi/lib/thumb/v7-m/nofp\libg.a(lib_a-fwalk.o)
                0x08003e6c                _fwalk_reent
 .text.__retarget_lock_init_recursive
                0x08003eb4        0x4 d:/gcc-arm-none-eabi/bin/../lib/gcc/arm-none-eabi/10.3.1/../../../../arm-none-eabi/lib/thumb/v7-m/nofp\libg.a(lib_a-lock.o)
                0x08003eb4                __retarget_lock_init_recursive
 .text.__retarget_lock_close_recursive
                0x08003eb8        0x4 d:/gcc-arm-none-eabi/bin/../lib/gcc/arm-none-eabi/10.3.1/../../../../arm-none-eabi/lib/thumb/v7-m/nofp\libg.a(lib_a-lock.o)
                0x08003eb8                __retarget_lock_close_recursive
 .text.__retarget_lock_acquire_recursive
                0x08003ebc        0x4 d:/gcc-arm-none-eabi/bin/../lib/gcc/arm-none-eabi/10.3.1/../../../../arm-none-eabi/lib/thumb/v7-m/nofp\libg.a(lib_a-lock.o)
                0x08003ebc                __retarget_lock_acquire_recursive
 .text.__retarget_lock_release_recursive
                0x08003ec0        0x4 d:/gcc-arm-none-eabi/bin/../lib/gcc/arm-none-eabi/10.3.1/../../../../arm-none-eabi/lib/thumb/v7-m/nofp\libg.a(lib_a-lock.o)
                0x08003ec0                __retarget_lock_release_recursive
 .text.__swhatbuf_r
                0x08003ec4       0x60 d:/gcc-arm-none-eabi/bin/../lib/gcc/arm-none-eabi/10.3.1/../../../../arm-none-eabi/lib/thumb/v7-m/nofp\libg.a(lib_a-makebuf.o)
                0x08003ec4                __swhatbuf_r
 .text.malloc   0x08003f24       0x10 d:/gcc-arm-none-eabi/bin/../lib/gcc/arm-none-eabi/10.3.1/../../../../arm-none-eabi/lib/thumb/v7-m/nofp\libg.a(lib_a-malloc.o)
                0x08003f24                malloc
 .text._malloc_r
                0x08003f34      0x558 d:/gcc-arm-none-eabi/bin/../lib/gcc/arm-none-eabi/10.3.1/../../../../arm-none-eabi/lib/thumb/v7-m/nofp\libg.a(lib_a-mallocr.o)
                0x08003f34                _malloc_r
 .text.__malloc_lock
                0x0800448c        0xc d:/gcc-arm-none-eabi/bin/../lib/gcc/arm-none-eabi/10.3.1/../../../../arm-none-eabi/lib/thumb/v7-m/nofp\libg.a(lib_a-mlock.o)
                0x0800448c                __malloc_lock
 .text.__malloc_unlock
                0x08004498        0xc d:/gcc-arm-none-eabi/bin/../lib/gcc/arm-none-eabi/10.3.1/../../../../arm-none-eabi/lib/thumb/v7-m/nofp\libg.a(lib_a-mlock.o)
                0x08004498                __malloc_unlock
 .text._sbrk_r  0x080044a4       0x24 d:/gcc-arm-none-eabi/bin/../lib/gcc/arm-none-eabi/10.3.1/../../../../arm-none-eabi/lib/thumb/v7-m/nofp\libg.a(lib_a-sbrkr.o)
                0x080044a4                _sbrk_r
 .text.__sread  0x080044c8       0x24 d:/gcc-arm-none-eabi/bin/../lib/gcc/arm-none-eabi/10.3.1/../../../../arm-none-eabi/lib/thumb/v7-m/nofp\libg.a(lib_a-stdio.o)
                0x080044c8                __sread
 .text.__swrite
                0x080044ec       0x40 d:/gcc-arm-none-eabi/bin/../lib/gcc/arm-none-eabi/10.3.1/../../../../arm-none-eabi/lib/thumb/v7-m/nofp\libg.a(lib_a-stdio.o)
                0x080044ec                __swrite
 .text.__sseek  0x0800452c       0x20 d:/gcc-arm-none-eabi/bin/../lib/gcc/arm-none-eabi/10.3.1/../../../../arm-none-eabi/lib/thumb/v7-m/nofp\libg.a(lib_a-stdio.o)
                0x0800452c                __sseek
 .text.__sclose
                0x0800454c        0x8 d:/gcc-arm-none-eabi/bin/../lib/gcc/arm-none-eabi/10.3.1/../../../../arm-none-eabi/lib/thumb/v7-m/nofp\libg.a(lib_a-stdio.o)
                0x0800454c                __sclose
 .text._write_r
                0x08004554       0x2c d:/gcc-arm-none-eabi/bin/../lib/gcc/arm-none-eabi/10.3.1/../../../../arm-none-eabi/lib/thumb/v7-m/nofp\libg.a(lib_a-writer.o)
                0x08004554                _write_r
 .text.__register_exitproc
                0x08004580       0x8c d:/gcc-arm-none-eabi/bin/../lib/gcc/arm-none-eabi/10.3.1/../../../../arm-none-eabi/lib/thumb/v7-m/nofp\libg.a(lib_a-__atexit.o)
                0x08004580                __register_exitproc
 .text._close_r
                0x0800460c       0x24 d:/gcc-arm-none-eabi/bin/../lib/gcc/arm-none-eabi/10.3.1/../../../../arm-none-eabi/lib/thumb/v7-m/nofp\libg.a(lib_a-closer.o)
                0x0800460c                _close_r
 .text._fclose_r
                0x08004630       0xcc d:/gcc-arm-none-eabi/bin/../lib/gcc/arm-none-eabi/10.3.1/../../../../arm-none-eabi/lib/thumb/v7-m/nofp\libg.a(lib_a-fclose.o)
                0x08004630                _fclose_r
 .text._fstat_r
                0x080046fc       0x28 d:/gcc-arm-none-eabi/bin/../lib/gcc/arm-none-eabi/10.3.1/../../../../arm-none-eabi/lib/thumb/v7-m/nofp\libg.a(lib_a-fstatr.o)
                0x080046fc                _fstat_r
 .text._lseek_r
                0x08004724       0x2c d:/gcc-arm-none-eabi/bin/../lib/gcc/arm-none-eabi/10.3.1/../../../../arm-none-eabi/lib/thumb/v7-m/nofp\libg.a(lib_a-lseekr.o)
                0x08004724                _lseek_r
 .text._read_r  0x08004750       0x2c d:/gcc-arm-none-eabi/bin/../lib/gcc/arm-none-eabi/10.3.1/../../../../arm-none-eabi/lib/thumb/v7-m/nofp\libg.a(lib_a-readr.o)
                0x08004750                _read_r
 *(.glue_7)
 .glue_7        0x0800477c        0x0 linker stubs
 *(.glue_7t)
 .glue_7t       0x0800477c        0x0 linker stubs
 *(.eh_frame)
 .eh_frame      0x0800477c        0x0 d:/gcc-arm-none-eabi/bin/../lib/gcc/arm-none-eabi/10.3.1/thumb/v7-m/nofp/crtbegin.o
 *(.init)
 .init          0x0800477c        0x4 d:/gcc-arm-none-eabi/bin/../lib/gcc/arm-none-eabi/10.3.1/thumb/v7-m/nofp/crti.o
                0x0800477c                _init
 .init          0x08004780        0x8 d:/gcc-arm-none-eabi/bin/../lib/gcc/arm-none-eabi/10.3.1/thumb/v7-m/nofp/crtn.o
 *(.fini)
 .fini          0x08004788        0x4 d:/gcc-arm-none-eabi/bin/../lib/gcc/arm-none-eabi/10.3.1/thumb/v7-m/nofp/crti.o
                0x08004788                _fini
 .fini          0x0800478c        0x8 d:/gcc-arm-none-eabi/bin/../lib/gcc/arm-none-eabi/10.3.1/thumb/v7-m/nofp/crtn.o
                0x08004794                . = ALIGN (0x4)
                0x08004794                _etext = .

.vfp11_veneer   0x08004794        0x0
 .vfp11_veneer  0x08004794        0x0 linker stubs

.v4_bx          0x08004794        0x0
 .v4_bx         0x08004794        0x0 linker stubs

.iplt           0x08004794        0x0
 .iplt          0x08004794        0x0 d:/gcc-arm-none-eabi/bin/../lib/gcc/arm-none-eabi/10.3.1/thumb/v7-m/nofp/crtbegin.o

.rodata         0x08004794      0x85c
                0x08004794                . = ALIGN (0x4)
 *(.rodata)
 .rodata        0x08004794       0x10 CMakeFiles/motor-control-code.elf.dir/Core/Src/main.c.obj
 *(.rodata*)
 .rodata.main.str1.4
                0x080047a4        0x8 CMakeFiles/motor-control-code.elf.dir/Core/Src/main.c.obj
 .rodata.OLED_Menu.str1.4
                0x080047ac        0xb CMakeFiles/motor-control-code.elf.dir/Core/Src/menu.c.obj
 *fill*         0x080047b7        0x1 
 .rodata.F6x8   0x080047b8      0x228 CMakeFiles/motor-control-code.elf.dir/Core/Src/oledfont.c.obj
                0x080047b8                F6x8
 .rodata.F8X16  0x080049e0      0x5e0 CMakeFiles/motor-control-code.elf.dir/Core/Src/oledfont.c.obj
                0x080049e0                F8X16
 .rodata.AHBPrescTable
                0x08004fc0       0x10 CMakeFiles/motor-control-code.elf.dir/Core/Src/system_stm32f1xx.c.obj
                0x08004fc0                AHBPrescTable
 .rodata.APBPrescTable
                0x08004fd0        0x8 CMakeFiles/motor-control-code.elf.dir/Core/Src/system_stm32f1xx.c.obj
                0x08004fd0                APBPrescTable
 .rodata.HAL_RCC_GetSysClockFreq.str1.4
                0x08004fd8       0x11 CMakeFiles/motor-control-code.elf.dir/Drivers/STM32F1xx_HAL_Driver/Src/stm32f1xx_hal_rcc.c.obj
 *fill*         0x08004fe9        0x3 
 .rodata._global_impure_ptr
                0x08004fec        0x4 d:/gcc-arm-none-eabi/bin/../lib/gcc/arm-none-eabi/10.3.1/../../../../arm-none-eabi/lib/thumb/v7-m/nofp\libg.a(lib_a-impure.o)
                0x08004fec                _global_impure_ptr
                0x08004ff0                . = ALIGN (0x4)

.rel.dyn        0x08004ff0        0x0
 .rel.iplt      0x08004ff0        0x0 d:/gcc-arm-none-eabi/bin/../lib/gcc/arm-none-eabi/10.3.1/thumb/v7-m/nofp/crtbegin.o

.ARM.extab      0x08004ff0        0x0
                0x08004ff0                . = ALIGN (0x4)
 *(.ARM.extab* .gnu.linkonce.armextab.*)
                0x08004ff0                . = ALIGN (0x4)

.ARM            0x08004ff0        0x0
                0x08004ff0                . = ALIGN (0x4)
                0x08004ff0                __exidx_start = .
 *(.ARM.exidx*)
                0x08004ff0                __exidx_end = .
                0x08004ff0                . = ALIGN (0x4)

.preinit_array  0x08004ff0        0x0
                0x08004ff0                . = ALIGN (0x4)
                0x08004ff0                PROVIDE (__preinit_array_start = .)
 *(.preinit_array*)
                0x08004ff0                PROVIDE (__preinit_array_end = .)
                0x08004ff0                . = ALIGN (0x4)

.init_array     0x08004ff0        0x8
                0x08004ff0                . = ALIGN (0x4)
                0x08004ff0                PROVIDE (__init_array_start = .)
 *(SORT_BY_NAME(.init_array.*))
 .init_array.00000
                0x08004ff0        0x4 d:/gcc-arm-none-eabi/bin/../lib/gcc/arm-none-eabi/10.3.1/../../../../arm-none-eabi/lib/thumb/v7-m/nofp\libg.a(lib_a-__call_atexit.o)
 *(.init_array*)
 .init_array    0x08004ff4        0x4 d:/gcc-arm-none-eabi/bin/../lib/gcc/arm-none-eabi/10.3.1/thumb/v7-m/nofp/crtbegin.o
                0x08004ff8                PROVIDE (__init_array_end = .)
                0x08004ff8                . = ALIGN (0x4)

.fini_array     0x08004ff8        0x4
                0x08004ff8                . = ALIGN (0x4)
                0x08004ff8                PROVIDE (__fini_array_start = .)
 *(SORT_BY_NAME(.fini_array.*))
 *(.fini_array*)
 .fini_array    0x08004ff8        0x4 d:/gcc-arm-none-eabi/bin/../lib/gcc/arm-none-eabi/10.3.1/thumb/v7-m/nofp/crtbegin.o
                0x08004ffc                PROVIDE (__fini_array_end = .)
                0x08004ffc                . = ALIGN (0x4)
                0x08004ffc                _sidata = LOADADDR (.data)

.data           0x20000000      0x874 load address 0x08004ffc
                0x20000000                . = ALIGN (0x4)
                0x20000000                _sdata = .
 *(.data)
 *(.data*)
 .data.motor_name
                0x20000000        0x8 CMakeFiles/motor-control-code.elf.dir/Core/Src/menu.c.obj
                0x20000000                motor_name
 .data.CMD_Data
                0x20000008       0x1b CMakeFiles/motor-control-code.elf.dir/Core/Src/oled.c.obj
                0x20000008                CMD_Data
 *fill*         0x20000023        0x1 
 .data.SystemCoreClock
                0x20000024        0x4 CMakeFiles/motor-control-code.elf.dir/Core/Src/system_stm32f1xx.c.obj
                0x20000024                SystemCoreClock
 .data.uwTickFreq
                0x20000028        0x1 CMakeFiles/motor-control-code.elf.dir/Drivers/STM32F1xx_HAL_Driver/Src/stm32f1xx_hal.c.obj
                0x20000028                uwTickFreq
 *fill*         0x20000029        0x3 
 .data.uwTickPrio
                0x2000002c        0x4 CMakeFiles/motor-control-code.elf.dir/Drivers/STM32F1xx_HAL_Driver/Src/stm32f1xx_hal.c.obj
                0x2000002c                uwTickPrio
 .data._impure_ptr
                0x20000030        0x4 d:/gcc-arm-none-eabi/bin/../lib/gcc/arm-none-eabi/10.3.1/../../../../arm-none-eabi/lib/thumb/v7-m/nofp\libg.a(lib_a-impure.o)
                0x20000030                _impure_ptr
 *fill*         0x20000034        0x4 
 .data.impure_data
                0x20000038      0x428 d:/gcc-arm-none-eabi/bin/../lib/gcc/arm-none-eabi/10.3.1/../../../../arm-none-eabi/lib/thumb/v7-m/nofp\libg.a(lib_a-impure.o)
 .data.__atexit_recursive_mutex
                0x20000460        0x4 d:/gcc-arm-none-eabi/bin/../lib/gcc/arm-none-eabi/10.3.1/../../../../arm-none-eabi/lib/thumb/v7-m/nofp\libg.a(lib_a-__call_atexit.o)
                0x20000460                __atexit_recursive_mutex
 .data.__malloc_av_
                0x20000464      0x408 d:/gcc-arm-none-eabi/bin/../lib/gcc/arm-none-eabi/10.3.1/../../../../arm-none-eabi/lib/thumb/v7-m/nofp\libg.a(lib_a-mallocr.o)
                0x20000464                __malloc_av_
 .data.__malloc_sbrk_base
                0x2000086c        0x4 d:/gcc-arm-none-eabi/bin/../lib/gcc/arm-none-eabi/10.3.1/../../../../arm-none-eabi/lib/thumb/v7-m/nofp\libg.a(lib_a-mallocr.o)
                0x2000086c                __malloc_sbrk_base
 .data.__malloc_trim_threshold
                0x20000870        0x4 d:/gcc-arm-none-eabi/bin/../lib/gcc/arm-none-eabi/10.3.1/../../../../arm-none-eabi/lib/thumb/v7-m/nofp\libg.a(lib_a-mallocr.o)
                0x20000870                __malloc_trim_threshold
 *(.RamFunc)
 *(.RamFunc*)
                0x20000874                . = ALIGN (0x4)
                0x20000874                _edata = .

.igot.plt       0x20000874        0x0 load address 0x08005870
 .igot.plt      0x20000874        0x0 d:/gcc-arm-none-eabi/bin/../lib/gcc/arm-none-eabi/10.3.1/thumb/v7-m/nofp/crtbegin.o
                0x20000874                . = ALIGN (0x4)

.bss            0x20000878      0x254 load address 0x08005870
                0x20000878                _sbss = .
                0x20000878                __bss_start__ = _sbss
 *(.bss)
 .bss           0x20000878       0x1c d:/gcc-arm-none-eabi/bin/../lib/gcc/arm-none-eabi/10.3.1/thumb/v7-m/nofp/crtbegin.o
 *(.bss*)
 .bss.hcan      0x20000894       0x28 CMakeFiles/motor-control-code.elf.dir/Core/Src/can.c.obj
                0x20000894                hcan
 .bss.hi2c1     0x200008bc       0x54 CMakeFiles/motor-control-code.elf.dir/Core/Src/i2c.c.obj
                0x200008bc                hi2c1
 .bss.break_flag
                0x20000910        0x4 CMakeFiles/motor-control-code.elf.dir/Core/Src/key.c.obj
                0x20000910                break_flag
 .bss.flag_key  0x20000914        0x4 CMakeFiles/motor-control-code.elf.dir/Core/Src/key.c.obj
                0x20000914                flag_key
 .bss.pid_struct
                0x20000918       0x6c CMakeFiles/motor-control-code.elf.dir/Core/Src/main.c.obj
                0x20000918                pid_struct
 *fill*         0x20000984        0x4 
 .bss.set_speed
                0x20000988        0x8 CMakeFiles/motor-control-code.elf.dir/Core/Src/main.c.obj
                0x20000988                set_speed
 .bss.times     0x20000990        0x2 CMakeFiles/motor-control-code.elf.dir/Core/Src/main.c.obj
                0x20000990                times
 *fill*         0x20000992        0x2 
 .bss.id_cursor_flag
                0x20000994        0x4 CMakeFiles/motor-control-code.elf.dir/Core/Src/menu.c.obj
                0x20000994                id_cursor_flag
 .bss.speed_cursor_flag
                0x20000998        0x4 CMakeFiles/motor-control-code.elf.dir/Core/Src/menu.c.obj
                0x20000998                speed_cursor_flag
 .bss.type_cursor_flag
                0x2000099c        0x4 CMakeFiles/motor-control-code.elf.dir/Core/Src/menu.c.obj
                0x2000099c                type_cursor_flag
 .bss.can_header
                0x200009a0       0x18 CMakeFiles/motor-control-code.elf.dir/Core/Src/motor.c.obj
 .bss.can_rx_data
                0x200009b8        0x8 CMakeFiles/motor-control-code.elf.dir/Core/Src/motor.c.obj
                0x200009b8                can_rx_data
 .bss.can_tx_data
                0x200009c0        0x8 CMakeFiles/motor-control-code.elf.dir/Core/Src/motor.c.obj
 .bss.moto_measure
                0x200009c8       0x24 CMakeFiles/motor-control-code.elf.dir/Core/Src/motor.c.obj
                0x200009c8                moto_measure
 .bss.gHuart    0x200009ec        0x4 CMakeFiles/motor-control-code.elf.dir/Core/Src/retarget.c.obj
                0x200009ec                gHuart
 .bss.__sbrk_heap_end
                0x200009f0        0x4 CMakeFiles/motor-control-code.elf.dir/Core/Src/sysmem.c.obj
 .bss.htim1     0x200009f4       0x48 CMakeFiles/motor-control-code.elf.dir/Core/Src/tim.c.obj
                0x200009f4                htim1
 .bss.huart2    0x20000a3c       0x44 CMakeFiles/motor-control-code.elf.dir/Core/Src/usart.c.obj
                0x20000a3c                huart2
 .bss.uwTick    0x20000a80        0x4 CMakeFiles/motor-control-code.elf.dir/Drivers/STM32F1xx_HAL_Driver/Src/stm32f1xx_hal.c.obj
                0x20000a80                uwTick
 .bss.__lock___atexit_recursive_mutex
                0x20000a84        0x1 d:/gcc-arm-none-eabi/bin/../lib/gcc/arm-none-eabi/10.3.1/../../../../arm-none-eabi/lib/thumb/v7-m/nofp\libg.a(lib_a-lock.o)
                0x20000a84                __lock___atexit_recursive_mutex
 *fill*         0x20000a85        0x3 
 .bss.__lock___malloc_recursive_mutex
                0x20000a88        0x1 d:/gcc-arm-none-eabi/bin/../lib/gcc/arm-none-eabi/10.3.1/../../../../arm-none-eabi/lib/thumb/v7-m/nofp\libg.a(lib_a-lock.o)
                0x20000a88                __lock___malloc_recursive_mutex
 *fill*         0x20000a89        0x3 
 .bss.__lock___sfp_recursive_mutex
                0x20000a8c        0x1 d:/gcc-arm-none-eabi/bin/../lib/gcc/arm-none-eabi/10.3.1/../../../../arm-none-eabi/lib/thumb/v7-m/nofp\libg.a(lib_a-lock.o)
                0x20000a8c                __lock___sfp_recursive_mutex
 *fill*         0x20000a8d        0x3 
 .bss.__lock___sinit_recursive_mutex
                0x20000a90        0x1 d:/gcc-arm-none-eabi/bin/../lib/gcc/arm-none-eabi/10.3.1/../../../../arm-none-eabi/lib/thumb/v7-m/nofp\libg.a(lib_a-lock.o)
                0x20000a90                __lock___sinit_recursive_mutex
 *fill*         0x20000a91        0x3 
 .bss.__malloc_current_mallinfo
                0x20000a94       0x28 d:/gcc-arm-none-eabi/bin/../lib/gcc/arm-none-eabi/10.3.1/../../../../arm-none-eabi/lib/thumb/v7-m/nofp\libg.a(lib_a-mallocr.o)
                0x20000a94                __malloc_current_mallinfo
 .bss.__malloc_max_sbrked_mem
                0x20000abc        0x4 d:/gcc-arm-none-eabi/bin/../lib/gcc/arm-none-eabi/10.3.1/../../../../arm-none-eabi/lib/thumb/v7-m/nofp\libg.a(lib_a-mallocr.o)
                0x20000abc                __malloc_max_sbrked_mem
 .bss.__malloc_max_total_mem
                0x20000ac0        0x4 d:/gcc-arm-none-eabi/bin/../lib/gcc/arm-none-eabi/10.3.1/../../../../arm-none-eabi/lib/thumb/v7-m/nofp\libg.a(lib_a-mallocr.o)
                0x20000ac0                __malloc_max_total_mem
 .bss.__malloc_top_pad
                0x20000ac4        0x4 d:/gcc-arm-none-eabi/bin/../lib/gcc/arm-none-eabi/10.3.1/../../../../arm-none-eabi/lib/thumb/v7-m/nofp\libg.a(lib_a-mallocr.o)
                0x20000ac4                __malloc_top_pad
 .bss.errno     0x20000ac8        0x4 d:/gcc-arm-none-eabi/bin/../lib/gcc/arm-none-eabi/10.3.1/../../../../arm-none-eabi/lib/thumb/v7-m/nofp\libg.a(lib_a-reent.o)
                0x20000ac8                errno
 *(COMMON)
                0x20000acc                . = ALIGN (0x4)
                0x20000acc                _ebss = .
                0x20000acc                __bss_end__ = _ebss

._user_heap_stack
                0x20000acc      0x604 load address 0x08005870
                0x20000ad0                . = ALIGN (0x8)
 *fill*         0x20000acc        0x4 
                [!provide]                PROVIDE (end = .)
                0x20000ad0                PROVIDE (_end = .)
                0x20000cd0                . = (. + _Min_Heap_Size)
 *fill*         0x20000ad0      0x200 
                0x200010d0                . = (. + _Min_Stack_Size)
 *fill*         0x20000cd0      0x400 
                0x200010d0                . = ALIGN (0x8)

/DISCARD/
 libc.a(*)
 libm.a(*)
 libgcc.a(*)

.ARM.attributes
                0x00000000       0x29
 *(.ARM.attributes)
 .ARM.attributes
                0x00000000       0x1d d:/gcc-arm-none-eabi/bin/../lib/gcc/arm-none-eabi/10.3.1/thumb/v7-m/nofp/crti.o
 .ARM.attributes
                0x0000001d       0x2d d:/gcc-arm-none-eabi/bin/../lib/gcc/arm-none-eabi/10.3.1/thumb/v7-m/nofp/crtbegin.o
 .ARM.attributes
                0x0000004a       0x2d CMakeFiles/motor-control-code.elf.dir/Core/Src/can.c.obj
 .ARM.attributes
                0x00000077       0x2d CMakeFiles/motor-control-code.elf.dir/Core/Src/gpio.c.obj
 .ARM.attributes
                0x000000a4       0x2d CMakeFiles/motor-control-code.elf.dir/Core/Src/i2c.c.obj
 .ARM.attributes
                0x000000d1       0x2d CMakeFiles/motor-control-code.elf.dir/Core/Src/key.c.obj
 .ARM.attributes
                0x000000fe       0x2d CMakeFiles/motor-control-code.elf.dir/Core/Src/main.c.obj
 .ARM.attributes
                0x0000012b       0x2d CMakeFiles/motor-control-code.elf.dir/Core/Src/menu.c.obj
 .ARM.attributes
                0x00000158       0x2d CMakeFiles/motor-control-code.elf.dir/Core/Src/motor.c.obj
 .ARM.attributes
                0x00000185       0x2d CMakeFiles/motor-control-code.elf.dir/Core/Src/oled.c.obj
 .ARM.attributes
                0x000001b2       0x2d CMakeFiles/motor-control-code.elf.dir/Core/Src/oledfont.c.obj
 .ARM.attributes
                0x000001df       0x2d CMakeFiles/motor-control-code.elf.dir/Core/Src/pid.c.obj
 .ARM.attributes
                0x0000020c       0x2d CMakeFiles/motor-control-code.elf.dir/Core/Src/retarget.c.obj
 .ARM.attributes
                0x00000239       0x2d CMakeFiles/motor-control-code.elf.dir/Core/Src/stm32f1xx_hal_msp.c.obj
 .ARM.attributes
                0x00000266       0x2d CMakeFiles/motor-control-code.elf.dir/Core/Src/stm32f1xx_it.c.obj
 .ARM.attributes
                0x00000293       0x2d CMakeFiles/motor-control-code.elf.dir/Core/Src/sysmem.c.obj
 .ARM.attributes
                0x000002c0       0x2d CMakeFiles/motor-control-code.elf.dir/Core/Src/system_stm32f1xx.c.obj
 .ARM.attributes
                0x000002ed       0x2d CMakeFiles/motor-control-code.elf.dir/Core/Src/tim.c.obj
 .ARM.attributes
                0x0000031a       0x2d CMakeFiles/motor-control-code.elf.dir/Core/Src/usart.c.obj
 .ARM.attributes
                0x00000347       0x21 CMakeFiles/motor-control-code.elf.dir/Core/Startup/startup_stm32f103c8tx.s.obj
 .ARM.attributes
                0x00000368       0x2d CMakeFiles/motor-control-code.elf.dir/Drivers/STM32F1xx_HAL_Driver/Src/stm32f1xx_hal.c.obj
 .ARM.attributes
                0x00000395       0x2d CMakeFiles/motor-control-code.elf.dir/Drivers/STM32F1xx_HAL_Driver/Src/stm32f1xx_hal_can.c.obj
 .ARM.attributes
                0x000003c2       0x2d CMakeFiles/motor-control-code.elf.dir/Drivers/STM32F1xx_HAL_Driver/Src/stm32f1xx_hal_cortex.c.obj
 .ARM.attributes
                0x000003ef       0x2d CMakeFiles/motor-control-code.elf.dir/Drivers/STM32F1xx_HAL_Driver/Src/stm32f1xx_hal_gpio.c.obj
 .ARM.attributes
                0x0000041c       0x2d CMakeFiles/motor-control-code.elf.dir/Drivers/STM32F1xx_HAL_Driver/Src/stm32f1xx_hal_i2c.c.obj
 .ARM.attributes
                0x00000449       0x2d CMakeFiles/motor-control-code.elf.dir/Drivers/STM32F1xx_HAL_Driver/Src/stm32f1xx_hal_rcc.c.obj
 .ARM.attributes
                0x00000476       0x2d CMakeFiles/motor-control-code.elf.dir/Drivers/STM32F1xx_HAL_Driver/Src/stm32f1xx_hal_tim.c.obj
 .ARM.attributes
                0x000004a3       0x2d CMakeFiles/motor-control-code.elf.dir/Drivers/STM32F1xx_HAL_Driver/Src/stm32f1xx_hal_tim_ex.c.obj
 .ARM.attributes
                0x000004d0       0x2d CMakeFiles/motor-control-code.elf.dir/Drivers/STM32F1xx_HAL_Driver/Src/stm32f1xx_hal_uart.c.obj
 .ARM.attributes
                0x000004fd       0x1d d:/gcc-arm-none-eabi/bin/../lib/gcc/arm-none-eabi/10.3.1/thumb/v7-m/nofp\libgcc.a(_arm_mulsf3.o)
 .ARM.attributes
                0x0000051a       0x1d d:/gcc-arm-none-eabi/bin/../lib/gcc/arm-none-eabi/10.3.1/thumb/v7-m/nofp\libgcc.a(_arm_truncdfsf2.o)
 .ARM.attributes
                0x00000537       0x1d d:/gcc-arm-none-eabi/bin/../lib/gcc/arm-none-eabi/10.3.1/thumb/v7-m/nofp\libgcc.a(_arm_addsubsf3.o)
 .ARM.attributes
                0x00000554       0x1d d:/gcc-arm-none-eabi/bin/../lib/gcc/arm-none-eabi/10.3.1/thumb/v7-m/nofp\libgcc.a(_arm_cmpsf2.o)
 .ARM.attributes
                0x00000571       0x1d d:/gcc-arm-none-eabi/bin/../lib/gcc/arm-none-eabi/10.3.1/thumb/v7-m/nofp\libgcc.a(_arm_fixsfsi.o)
 .ARM.attributes
                0x0000058e       0x2d d:/gcc-arm-none-eabi/bin/../lib/gcc/arm-none-eabi/10.3.1/../../../../arm-none-eabi/lib/thumb/v7-m/nofp\libg.a(lib_a-errno.o)
 .ARM.attributes
                0x000005bb       0x2d d:/gcc-arm-none-eabi/bin/../lib/gcc/arm-none-eabi/10.3.1/../../../../arm-none-eabi/lib/thumb/v7-m/nofp\libg.a(lib_a-impure.o)
 .ARM.attributes
                0x000005e8       0x2d d:/gcc-arm-none-eabi/bin/../lib/gcc/arm-none-eabi/10.3.1/../../../../arm-none-eabi/lib/thumb/v7-m/nofp\libg.a(lib_a-init.o)
 .ARM.attributes
                0x00000615       0x2d d:/gcc-arm-none-eabi/bin/../lib/gcc/arm-none-eabi/10.3.1/../../../../arm-none-eabi/lib/thumb/v7-m/nofp\libg.a(lib_a-memset.o)
 .ARM.attributes
                0x00000642       0x2d d:/gcc-arm-none-eabi/bin/../lib/gcc/arm-none-eabi/10.3.1/../../../../arm-none-eabi/lib/thumb/v7-m/nofp\libg.a(lib_a-setvbuf.o)
 .ARM.attributes
                0x0000066f       0x2d d:/gcc-arm-none-eabi/bin/../lib/gcc/arm-none-eabi/10.3.1/../../../../arm-none-eabi/lib/thumb/v7-m/nofp\libg.a(lib_a-__call_atexit.o)
 .ARM.attributes
                0x0000069c       0x2d d:/gcc-arm-none-eabi/bin/../lib/gcc/arm-none-eabi/10.3.1/../../../../arm-none-eabi/lib/thumb/v7-m/nofp\libg.a(lib_a-atexit.o)
 .ARM.attributes
                0x000006c9       0x2d d:/gcc-arm-none-eabi/bin/../lib/gcc/arm-none-eabi/10.3.1/../../../../arm-none-eabi/lib/thumb/v7-m/nofp\libg.a(lib_a-fflush.o)
 .ARM.attributes
                0x000006f6       0x2d d:/gcc-arm-none-eabi/bin/../lib/gcc/arm-none-eabi/10.3.1/../../../../arm-none-eabi/lib/thumb/v7-m/nofp\libg.a(lib_a-findfp.o)
 .ARM.attributes
                0x00000723       0x2d d:/gcc-arm-none-eabi/bin/../lib/gcc/arm-none-eabi/10.3.1/../../../../arm-none-eabi/lib/thumb/v7-m/nofp\libg.a(lib_a-fini.o)
 .ARM.attributes
                0x00000750       0x2d d:/gcc-arm-none-eabi/bin/../lib/gcc/arm-none-eabi/10.3.1/../../../../arm-none-eabi/lib/thumb/v7-m/nofp\libg.a(lib_a-freer.o)
 .ARM.attributes
                0x0000077d       0x2d d:/gcc-arm-none-eabi/bin/../lib/gcc/arm-none-eabi/10.3.1/../../../../arm-none-eabi/lib/thumb/v7-m/nofp\libg.a(lib_a-fwalk.o)
 .ARM.attributes
                0x000007aa       0x2d d:/gcc-arm-none-eabi/bin/../lib/gcc/arm-none-eabi/10.3.1/../../../../arm-none-eabi/lib/thumb/v7-m/nofp\libg.a(lib_a-lock.o)
 .ARM.attributes
                0x000007d7       0x2d d:/gcc-arm-none-eabi/bin/../lib/gcc/arm-none-eabi/10.3.1/../../../../arm-none-eabi/lib/thumb/v7-m/nofp\libg.a(lib_a-makebuf.o)
 .ARM.attributes
                0x00000804       0x2d d:/gcc-arm-none-eabi/bin/../lib/gcc/arm-none-eabi/10.3.1/../../../../arm-none-eabi/lib/thumb/v7-m/nofp\libg.a(lib_a-malloc.o)
 .ARM.attributes
                0x00000831       0x2d d:/gcc-arm-none-eabi/bin/../lib/gcc/arm-none-eabi/10.3.1/../../../../arm-none-eabi/lib/thumb/v7-m/nofp\libg.a(lib_a-mallocr.o)
 .ARM.attributes
                0x0000085e       0x2d d:/gcc-arm-none-eabi/bin/../lib/gcc/arm-none-eabi/10.3.1/../../../../arm-none-eabi/lib/thumb/v7-m/nofp\libg.a(lib_a-mlock.o)
 .ARM.attributes
                0x0000088b       0x2d d:/gcc-arm-none-eabi/bin/../lib/gcc/arm-none-eabi/10.3.1/../../../../arm-none-eabi/lib/thumb/v7-m/nofp\libg.a(lib_a-sbrkr.o)
 .ARM.attributes
                0x000008b8       0x2d d:/gcc-arm-none-eabi/bin/../lib/gcc/arm-none-eabi/10.3.1/../../../../arm-none-eabi/lib/thumb/v7-m/nofp\libg.a(lib_a-stdio.o)
 .ARM.attributes
                0x000008e5       0x2d d:/gcc-arm-none-eabi/bin/../lib/gcc/arm-none-eabi/10.3.1/../../../../arm-none-eabi/lib/thumb/v7-m/nofp\libg.a(lib_a-writer.o)
 .ARM.attributes
                0x00000912       0x2d d:/gcc-arm-none-eabi/bin/../lib/gcc/arm-none-eabi/10.3.1/../../../../arm-none-eabi/lib/thumb/v7-m/nofp\libg.a(lib_a-__atexit.o)
 .ARM.attributes
                0x0000093f       0x2d d:/gcc-arm-none-eabi/bin/../lib/gcc/arm-none-eabi/10.3.1/../../../../arm-none-eabi/lib/thumb/v7-m/nofp\libg.a(lib_a-closer.o)
 .ARM.attributes
                0x0000096c       0x2d d:/gcc-arm-none-eabi/bin/../lib/gcc/arm-none-eabi/10.3.1/../../../../arm-none-eabi/lib/thumb/v7-m/nofp\libg.a(lib_a-fclose.o)
 .ARM.attributes
                0x00000999       0x2d d:/gcc-arm-none-eabi/bin/../lib/gcc/arm-none-eabi/10.3.1/../../../../arm-none-eabi/lib/thumb/v7-m/nofp\libg.a(lib_a-fstatr.o)
 .ARM.attributes
                0x000009c6       0x2d d:/gcc-arm-none-eabi/bin/../lib/gcc/arm-none-eabi/10.3.1/../../../../arm-none-eabi/lib/thumb/v7-m/nofp\libg.a(lib_a-lseekr.o)
 .ARM.attributes
                0x000009f3       0x2d d:/gcc-arm-none-eabi/bin/../lib/gcc/arm-none-eabi/10.3.1/../../../../arm-none-eabi/lib/thumb/v7-m/nofp\libg.a(lib_a-readr.o)
 .ARM.attributes
                0x00000a20       0x2d d:/gcc-arm-none-eabi/bin/../lib/gcc/arm-none-eabi/10.3.1/../../../../arm-none-eabi/lib/thumb/v7-m/nofp\libg.a(lib_a-reent.o)
 .ARM.attributes
                0x00000a4d       0x1d d:/gcc-arm-none-eabi/bin/../lib/gcc/arm-none-eabi/10.3.1/thumb/v7-m/nofp/crtn.o
OUTPUT(motor-control-code.elf elf32-littlearm)
LOAD linker stubs
LOAD d:/gcc-arm-none-eabi/bin/../lib/gcc/arm-none-eabi/10.3.1/../../../../arm-none-eabi/lib/thumb/v7-m/nofp\libc.a
LOAD d:/gcc-arm-none-eabi/bin/../lib/gcc/arm-none-eabi/10.3.1/../../../../arm-none-eabi/lib/thumb/v7-m/nofp\libm.a
LOAD d:/gcc-arm-none-eabi/bin/../lib/gcc/arm-none-eabi/10.3.1/thumb/v7-m/nofp\libgcc.a

.debug_info     0x00000000    0x17236
 .debug_info    0x00000000      0x928 CMakeFiles/motor-control-code.elf.dir/Core/Src/can.c.obj
 .debug_info    0x00000928      0x4ed CMakeFiles/motor-control-code.elf.dir/Core/Src/gpio.c.obj
 .debug_info    0x00000e15      0x89f CMakeFiles/motor-control-code.elf.dir/Core/Src/i2c.c.obj
 .debug_info    0x000016b4      0x2a4 CMakeFiles/motor-control-code.elf.dir/Core/Src/key.c.obj
 .debug_info    0x00001958     0x1808 CMakeFiles/motor-control-code.elf.dir/Core/Src/main.c.obj
 .debug_info    0x00003160      0x2a1 CMakeFiles/motor-control-code.elf.dir/Core/Src/menu.c.obj
 .debug_info    0x00003401      0x705 CMakeFiles/motor-control-code.elf.dir/Core/Src/motor.c.obj
 .debug_info    0x00003b06     0x14db CMakeFiles/motor-control-code.elf.dir/Core/Src/oled.c.obj
 .debug_info    0x00004fe1      0x14c CMakeFiles/motor-control-code.elf.dir/Core/Src/oledfont.c.obj
 .debug_info    0x0000512d      0x632 CMakeFiles/motor-control-code.elf.dir/Core/Src/pid.c.obj
 .debug_info    0x0000575f     0x12a7 CMakeFiles/motor-control-code.elf.dir/Core/Src/retarget.c.obj
 .debug_info    0x00006a06      0x211 CMakeFiles/motor-control-code.elf.dir/Core/Src/stm32f1xx_hal_msp.c.obj
 .debug_info    0x00006c17      0xbb1 CMakeFiles/motor-control-code.elf.dir/Core/Src/stm32f1xx_it.c.obj
 .debug_info    0x000077c8      0x174 CMakeFiles/motor-control-code.elf.dir/Core/Src/sysmem.c.obj
 .debug_info    0x0000793c      0x248 CMakeFiles/motor-control-code.elf.dir/Core/Src/system_stm32f1xx.c.obj
 .debug_info    0x00007b84      0xa57 CMakeFiles/motor-control-code.elf.dir/Core/Src/tim.c.obj
 .debug_info    0x000085db      0x825 CMakeFiles/motor-control-code.elf.dir/Core/Src/usart.c.obj
 .debug_info    0x00008e00       0x22 CMakeFiles/motor-control-code.elf.dir/Core/Startup/startup_stm32f103c8tx.s.obj
 .debug_info    0x00008e22      0x7a8 CMakeFiles/motor-control-code.elf.dir/Drivers/STM32F1xx_HAL_Driver/Src/stm32f1xx_hal.c.obj
 .debug_info    0x000095ca     0x125e CMakeFiles/motor-control-code.elf.dir/Drivers/STM32F1xx_HAL_Driver/Src/stm32f1xx_hal_can.c.obj
 .debug_info    0x0000a828      0xd8a CMakeFiles/motor-control-code.elf.dir/Drivers/STM32F1xx_HAL_Driver/Src/stm32f1xx_hal_cortex.c.obj
 .debug_info    0x0000b5b2      0x66f CMakeFiles/motor-control-code.elf.dir/Drivers/STM32F1xx_HAL_Driver/Src/stm32f1xx_hal_gpio.c.obj
 .debug_info    0x0000bc21     0x3a6b CMakeFiles/motor-control-code.elf.dir/Drivers/STM32F1xx_HAL_Driver/Src/stm32f1xx_hal_i2c.c.obj
 .debug_info    0x0000f68c      0xa36 CMakeFiles/motor-control-code.elf.dir/Drivers/STM32F1xx_HAL_Driver/Src/stm32f1xx_hal_rcc.c.obj
 .debug_info    0x000100c2     0x3b00 CMakeFiles/motor-control-code.elf.dir/Drivers/STM32F1xx_HAL_Driver/Src/stm32f1xx_hal_tim.c.obj
 .debug_info    0x00013bc2     0x19e9 CMakeFiles/motor-control-code.elf.dir/Drivers/STM32F1xx_HAL_Driver/Src/stm32f1xx_hal_tim_ex.c.obj
 .debug_info    0x000155ab     0x1c8b CMakeFiles/motor-control-code.elf.dir/Drivers/STM32F1xx_HAL_Driver/Src/stm32f1xx_hal_uart.c.obj

.debug_abbrev   0x00000000     0x3286
 .debug_abbrev  0x00000000      0x207 CMakeFiles/motor-control-code.elf.dir/Core/Src/can.c.obj
 .debug_abbrev  0x00000207      0x158 CMakeFiles/motor-control-code.elf.dir/Core/Src/gpio.c.obj
 .debug_abbrev  0x0000035f      0x1c1 CMakeFiles/motor-control-code.elf.dir/Core/Src/i2c.c.obj
 .debug_abbrev  0x00000520      0x1a7 CMakeFiles/motor-control-code.elf.dir/Core/Src/key.c.obj
 .debug_abbrev  0x000006c7      0x336 CMakeFiles/motor-control-code.elf.dir/Core/Src/main.c.obj
 .debug_abbrev  0x000009fd      0x105 CMakeFiles/motor-control-code.elf.dir/Core/Src/menu.c.obj
 .debug_abbrev  0x00000b02      0x1c9 CMakeFiles/motor-control-code.elf.dir/Core/Src/motor.c.obj
 .debug_abbrev  0x00000ccb      0x2cd CMakeFiles/motor-control-code.elf.dir/Core/Src/oled.c.obj
 .debug_abbrev  0x00000f98       0x79 CMakeFiles/motor-control-code.elf.dir/Core/Src/oledfont.c.obj
 .debug_abbrev  0x00001011      0x196 CMakeFiles/motor-control-code.elf.dir/Core/Src/pid.c.obj
 .debug_abbrev  0x000011a7      0x2b4 CMakeFiles/motor-control-code.elf.dir/Core/Src/retarget.c.obj
 .debug_abbrev  0x0000145b       0xe5 CMakeFiles/motor-control-code.elf.dir/Core/Src/stm32f1xx_hal_msp.c.obj
 .debug_abbrev  0x00001540      0x21f CMakeFiles/motor-control-code.elf.dir/Core/Src/stm32f1xx_it.c.obj
 .debug_abbrev  0x0000175f       0xe7 CMakeFiles/motor-control-code.elf.dir/Core/Src/sysmem.c.obj
 .debug_abbrev  0x00001846      0x13e CMakeFiles/motor-control-code.elf.dir/Core/Src/system_stm32f1xx.c.obj
 .debug_abbrev  0x00001984      0x1de CMakeFiles/motor-control-code.elf.dir/Core/Src/tim.c.obj
 .debug_abbrev  0x00001b62      0x1c1 CMakeFiles/motor-control-code.elf.dir/Core/Src/usart.c.obj
 .debug_abbrev  0x00001d23       0x12 CMakeFiles/motor-control-code.elf.dir/Core/Startup/startup_stm32f103c8tx.s.obj
 .debug_abbrev  0x00001d35      0x1f4 CMakeFiles/motor-control-code.elf.dir/Drivers/STM32F1xx_HAL_Driver/Src/stm32f1xx_hal.c.obj
 .debug_abbrev  0x00001f29      0x256 CMakeFiles/motor-control-code.elf.dir/Drivers/STM32F1xx_HAL_Driver/Src/stm32f1xx_hal_can.c.obj
 .debug_abbrev  0x0000217f      0x341 CMakeFiles/motor-control-code.elf.dir/Drivers/STM32F1xx_HAL_Driver/Src/stm32f1xx_hal_cortex.c.obj
 .debug_abbrev  0x000024c0      0x1e6 CMakeFiles/motor-control-code.elf.dir/Drivers/STM32F1xx_HAL_Driver/Src/stm32f1xx_hal_gpio.c.obj
 .debug_abbrev  0x000026a6      0x293 CMakeFiles/motor-control-code.elf.dir/Drivers/STM32F1xx_HAL_Driver/Src/stm32f1xx_hal_i2c.c.obj
 .debug_abbrev  0x00002939      0x27a CMakeFiles/motor-control-code.elf.dir/Drivers/STM32F1xx_HAL_Driver/Src/stm32f1xx_hal_rcc.c.obj
 .debug_abbrev  0x00002bb3      0x23e CMakeFiles/motor-control-code.elf.dir/Drivers/STM32F1xx_HAL_Driver/Src/stm32f1xx_hal_tim.c.obj
 .debug_abbrev  0x00002df1      0x241 CMakeFiles/motor-control-code.elf.dir/Drivers/STM32F1xx_HAL_Driver/Src/stm32f1xx_hal_tim_ex.c.obj
 .debug_abbrev  0x00003032      0x254 CMakeFiles/motor-control-code.elf.dir/Drivers/STM32F1xx_HAL_Driver/Src/stm32f1xx_hal_uart.c.obj

.debug_loc      0x00000000     0xfc73
 .debug_loc     0x00000000       0x84 CMakeFiles/motor-control-code.elf.dir/Core/Src/can.c.obj
 .debug_loc     0x00000084       0x67 CMakeFiles/motor-control-code.elf.dir/Core/Src/i2c.c.obj
 .debug_loc     0x000000eb       0xb5 CMakeFiles/motor-control-code.elf.dir/Core/Src/key.c.obj
 .debug_loc     0x000001a0      0x134 CMakeFiles/motor-control-code.elf.dir/Core/Src/main.c.obj
 .debug_loc     0x000002d4       0x22 CMakeFiles/motor-control-code.elf.dir/Core/Src/menu.c.obj
 .debug_loc     0x000002f6       0x47 CMakeFiles/motor-control-code.elf.dir/Core/Src/motor.c.obj
 .debug_loc     0x0000033d      0xc29 CMakeFiles/motor-control-code.elf.dir/Core/Src/oled.c.obj
 .debug_loc     0x00000f66      0x1ea CMakeFiles/motor-control-code.elf.dir/Core/Src/pid.c.obj
 .debug_loc     0x00001150      0x389 CMakeFiles/motor-control-code.elf.dir/Core/Src/retarget.c.obj
 .debug_loc     0x000014d9       0x15 CMakeFiles/motor-control-code.elf.dir/Core/Src/stm32f1xx_hal_msp.c.obj
 .debug_loc     0x000014ee       0x64 CMakeFiles/motor-control-code.elf.dir/Core/Src/sysmem.c.obj
 .debug_loc     0x00001552       0xff CMakeFiles/motor-control-code.elf.dir/Core/Src/system_stm32f1xx.c.obj
 .debug_loc     0x00001651       0x67 CMakeFiles/motor-control-code.elf.dir/Core/Src/tim.c.obj
 .debug_loc     0x000016b8       0x84 CMakeFiles/motor-control-code.elf.dir/Core/Src/usart.c.obj
 .debug_loc     0x0000173c      0x141 CMakeFiles/motor-control-code.elf.dir/Drivers/STM32F1xx_HAL_Driver/Src/stm32f1xx_hal.c.obj
 .debug_loc     0x0000187d      0xdb6 CMakeFiles/motor-control-code.elf.dir/Drivers/STM32F1xx_HAL_Driver/Src/stm32f1xx_hal_can.c.obj
 .debug_loc     0x00002633      0x71f CMakeFiles/motor-control-code.elf.dir/Drivers/STM32F1xx_HAL_Driver/Src/stm32f1xx_hal_cortex.c.obj
 .debug_loc     0x00002d52      0x47d CMakeFiles/motor-control-code.elf.dir/Drivers/STM32F1xx_HAL_Driver/Src/stm32f1xx_hal_gpio.c.obj
 .debug_loc     0x000031cf     0x41a9 CMakeFiles/motor-control-code.elf.dir/Drivers/STM32F1xx_HAL_Driver/Src/stm32f1xx_hal_i2c.c.obj
 .debug_loc     0x00007378      0x63e CMakeFiles/motor-control-code.elf.dir/Drivers/STM32F1xx_HAL_Driver/Src/stm32f1xx_hal_rcc.c.obj
 .debug_loc     0x000079b6     0x47a8 CMakeFiles/motor-control-code.elf.dir/Drivers/STM32F1xx_HAL_Driver/Src/stm32f1xx_hal_tim.c.obj
 .debug_loc     0x0000c15e     0x1ade CMakeFiles/motor-control-code.elf.dir/Drivers/STM32F1xx_HAL_Driver/Src/stm32f1xx_hal_tim_ex.c.obj
 .debug_loc     0x0000dc3c     0x2037 CMakeFiles/motor-control-code.elf.dir/Drivers/STM32F1xx_HAL_Driver/Src/stm32f1xx_hal_uart.c.obj

.debug_aranges  0x00000000     0x1190
 .debug_aranges
                0x00000000       0x30 CMakeFiles/motor-control-code.elf.dir/Core/Src/can.c.obj
 .debug_aranges
                0x00000030       0x20 CMakeFiles/motor-control-code.elf.dir/Core/Src/gpio.c.obj
 .debug_aranges
                0x00000050       0x30 CMakeFiles/motor-control-code.elf.dir/Core/Src/i2c.c.obj
 .debug_aranges
                0x00000080       0x30 CMakeFiles/motor-control-code.elf.dir/Core/Src/key.c.obj
 .debug_aranges
                0x000000b0       0x50 CMakeFiles/motor-control-code.elf.dir/Core/Src/main.c.obj
 .debug_aranges
                0x00000100       0x20 CMakeFiles/motor-control-code.elf.dir/Core/Src/menu.c.obj
 .debug_aranges
                0x00000120       0x28 CMakeFiles/motor-control-code.elf.dir/Core/Src/motor.c.obj
 .debug_aranges
                0x00000148       0xc0 CMakeFiles/motor-control-code.elf.dir/Core/Src/oled.c.obj
 .debug_aranges
                0x00000208       0x18 CMakeFiles/motor-control-code.elf.dir/Core/Src/oledfont.c.obj
 .debug_aranges
                0x00000220       0x40 CMakeFiles/motor-control-code.elf.dir/Core/Src/pid.c.obj
 .debug_aranges
                0x00000260       0x50 CMakeFiles/motor-control-code.elf.dir/Core/Src/retarget.c.obj
 .debug_aranges
                0x000002b0       0x20 CMakeFiles/motor-control-code.elf.dir/Core/Src/stm32f1xx_hal_msp.c.obj
 .debug_aranges
                0x000002d0       0x88 CMakeFiles/motor-control-code.elf.dir/Core/Src/stm32f1xx_it.c.obj
 .debug_aranges
                0x00000358       0x20 CMakeFiles/motor-control-code.elf.dir/Core/Src/sysmem.c.obj
 .debug_aranges
                0x00000378       0x28 CMakeFiles/motor-control-code.elf.dir/Core/Src/system_stm32f1xx.c.obj
 .debug_aranges
                0x000003a0       0x30 CMakeFiles/motor-control-code.elf.dir/Core/Src/tim.c.obj
 .debug_aranges
                0x000003d0       0x30 CMakeFiles/motor-control-code.elf.dir/Core/Src/usart.c.obj
 .debug_aranges
                0x00000400       0x28 CMakeFiles/motor-control-code.elf.dir/Core/Startup/startup_stm32f103c8tx.s.obj
 .debug_aranges
                0x00000428       0xe0 CMakeFiles/motor-control-code.elf.dir/Drivers/STM32F1xx_HAL_Driver/Src/stm32f1xx_hal.c.obj
 .debug_aranges
                0x00000508      0x138 CMakeFiles/motor-control-code.elf.dir/Drivers/STM32F1xx_HAL_Driver/Src/stm32f1xx_hal_can.c.obj
 .debug_aranges
                0x00000640       0x90 CMakeFiles/motor-control-code.elf.dir/Drivers/STM32F1xx_HAL_Driver/Src/stm32f1xx_hal_cortex.c.obj
 .debug_aranges
                0x000006d0       0x58 CMakeFiles/motor-control-code.elf.dir/Drivers/STM32F1xx_HAL_Driver/Src/stm32f1xx_hal_gpio.c.obj
 .debug_aranges
                0x00000728      0x2a0 CMakeFiles/motor-control-code.elf.dir/Drivers/STM32F1xx_HAL_Driver/Src/stm32f1xx_hal_i2c.c.obj
 .debug_aranges
                0x000009c8       0x90 CMakeFiles/motor-control-code.elf.dir/Drivers/STM32F1xx_HAL_Driver/Src/stm32f1xx_hal_rcc.c.obj
 .debug_aranges
                0x00000a58      0x3d0 CMakeFiles/motor-control-code.elf.dir/Drivers/STM32F1xx_HAL_Driver/Src/stm32f1xx_hal_tim.c.obj
 .debug_aranges
                0x00000e28      0x168 CMakeFiles/motor-control-code.elf.dir/Drivers/STM32F1xx_HAL_Driver/Src/stm32f1xx_hal_tim_ex.c.obj
 .debug_aranges
                0x00000f90      0x200 CMakeFiles/motor-control-code.elf.dir/Drivers/STM32F1xx_HAL_Driver/Src/stm32f1xx_hal_uart.c.obj

.debug_ranges   0x00000000     0x1078
 .debug_ranges  0x00000000       0x20 CMakeFiles/motor-control-code.elf.dir/Core/Src/can.c.obj
 .debug_ranges  0x00000020       0x10 CMakeFiles/motor-control-code.elf.dir/Core/Src/gpio.c.obj
 .debug_ranges  0x00000030       0x20 CMakeFiles/motor-control-code.elf.dir/Core/Src/i2c.c.obj
 .debug_ranges  0x00000050       0x20 CMakeFiles/motor-control-code.elf.dir/Core/Src/key.c.obj
 .debug_ranges  0x00000070       0x40 CMakeFiles/motor-control-code.elf.dir/Core/Src/main.c.obj
 .debug_ranges  0x000000b0       0x10 CMakeFiles/motor-control-code.elf.dir/Core/Src/menu.c.obj
 .debug_ranges  0x000000c0       0x18 CMakeFiles/motor-control-code.elf.dir/Core/Src/motor.c.obj
 .debug_ranges  0x000000d8       0xb0 CMakeFiles/motor-control-code.elf.dir/Core/Src/oled.c.obj
 .debug_ranges  0x00000188       0x30 CMakeFiles/motor-control-code.elf.dir/Core/Src/pid.c.obj
 .debug_ranges  0x000001b8       0x40 CMakeFiles/motor-control-code.elf.dir/Core/Src/retarget.c.obj
 .debug_ranges  0x000001f8       0x10 CMakeFiles/motor-control-code.elf.dir/Core/Src/stm32f1xx_hal_msp.c.obj
 .debug_ranges  0x00000208       0x78 CMakeFiles/motor-control-code.elf.dir/Core/Src/stm32f1xx_it.c.obj
 .debug_ranges  0x00000280       0x10 CMakeFiles/motor-control-code.elf.dir/Core/Src/sysmem.c.obj
 .debug_ranges  0x00000290       0x18 CMakeFiles/motor-control-code.elf.dir/Core/Src/system_stm32f1xx.c.obj
 .debug_ranges  0x000002a8       0x20 CMakeFiles/motor-control-code.elf.dir/Core/Src/tim.c.obj
 .debug_ranges  0x000002c8       0x20 CMakeFiles/motor-control-code.elf.dir/Core/Src/usart.c.obj
 .debug_ranges  0x000002e8       0x20 CMakeFiles/motor-control-code.elf.dir/Core/Startup/startup_stm32f103c8tx.s.obj
 .debug_ranges  0x00000308       0xd0 CMakeFiles/motor-control-code.elf.dir/Drivers/STM32F1xx_HAL_Driver/Src/stm32f1xx_hal.c.obj
 .debug_ranges  0x000003d8      0x128 CMakeFiles/motor-control-code.elf.dir/Drivers/STM32F1xx_HAL_Driver/Src/stm32f1xx_hal_can.c.obj
 .debug_ranges  0x00000500       0xe0 CMakeFiles/motor-control-code.elf.dir/Drivers/STM32F1xx_HAL_Driver/Src/stm32f1xx_hal_cortex.c.obj
 .debug_ranges  0x000005e0       0x48 CMakeFiles/motor-control-code.elf.dir/Drivers/STM32F1xx_HAL_Driver/Src/stm32f1xx_hal_gpio.c.obj
 .debug_ranges  0x00000628      0x2a8 CMakeFiles/motor-control-code.elf.dir/Drivers/STM32F1xx_HAL_Driver/Src/stm32f1xx_hal_i2c.c.obj
 .debug_ranges  0x000008d0       0xa0 CMakeFiles/motor-control-code.elf.dir/Drivers/STM32F1xx_HAL_Driver/Src/stm32f1xx_hal_rcc.c.obj
 .debug_ranges  0x00000970      0x3c0 CMakeFiles/motor-control-code.elf.dir/Drivers/STM32F1xx_HAL_Driver/Src/stm32f1xx_hal_tim.c.obj
 .debug_ranges  0x00000d30      0x158 CMakeFiles/motor-control-code.elf.dir/Drivers/STM32F1xx_HAL_Driver/Src/stm32f1xx_hal_tim_ex.c.obj
 .debug_ranges  0x00000e88      0x1f0 CMakeFiles/motor-control-code.elf.dir/Drivers/STM32F1xx_HAL_Driver/Src/stm32f1xx_hal_uart.c.obj

.debug_line     0x00000000    0x13fb2
 .debug_line    0x00000000      0x35f CMakeFiles/motor-control-code.elf.dir/Core/Src/can.c.obj
 .debug_line    0x0000035f      0x225 CMakeFiles/motor-control-code.elf.dir/Core/Src/gpio.c.obj
 .debug_line    0x00000584      0x321 CMakeFiles/motor-control-code.elf.dir/Core/Src/i2c.c.obj
 .debug_line    0x000008a5      0x338 CMakeFiles/motor-control-code.elf.dir/Core/Src/key.c.obj
 .debug_line    0x00000bdd      0x5c6 CMakeFiles/motor-control-code.elf.dir/Core/Src/main.c.obj
 .debug_line    0x000011a3      0x120 CMakeFiles/motor-control-code.elf.dir/Core/Src/menu.c.obj
 .debug_line    0x000012c3      0x2e2 CMakeFiles/motor-control-code.elf.dir/Core/Src/motor.c.obj
 .debug_line    0x000015a5      0xa0b CMakeFiles/motor-control-code.elf.dir/Core/Src/oled.c.obj
 .debug_line    0x00001fb0       0x9b CMakeFiles/motor-control-code.elf.dir/Core/Src/oledfont.c.obj
 .debug_line    0x0000204b      0x374 CMakeFiles/motor-control-code.elf.dir/Core/Src/pid.c.obj
 .debug_line    0x000023bf      0x442 CMakeFiles/motor-control-code.elf.dir/Core/Src/retarget.c.obj
 .debug_line    0x00002801      0x174 CMakeFiles/motor-control-code.elf.dir/Core/Src/stm32f1xx_hal_msp.c.obj
 .debug_line    0x00002975      0x3ae CMakeFiles/motor-control-code.elf.dir/Core/Src/stm32f1xx_it.c.obj
 .debug_line    0x00002d23      0x190 CMakeFiles/motor-control-code.elf.dir/Core/Src/sysmem.c.obj
 .debug_line    0x00002eb3      0x23e CMakeFiles/motor-control-code.elf.dir/Core/Src/system_stm32f1xx.c.obj
 .debug_line    0x000030f1      0x344 CMakeFiles/motor-control-code.elf.dir/Core/Src/tim.c.obj
 .debug_line    0x00003435      0x33b CMakeFiles/motor-control-code.elf.dir/Core/Src/usart.c.obj
 .debug_line    0x00003770       0xac CMakeFiles/motor-control-code.elf.dir/Core/Startup/startup_stm32f103c8tx.s.obj
 .debug_line    0x0000381c      0x576 CMakeFiles/motor-control-code.elf.dir/Drivers/STM32F1xx_HAL_Driver/Src/stm32f1xx_hal.c.obj
 .debug_line    0x00003d92     0x113f CMakeFiles/motor-control-code.elf.dir/Drivers/STM32F1xx_HAL_Driver/Src/stm32f1xx_hal_can.c.obj
 .debug_line    0x00004ed1      0x659 CMakeFiles/motor-control-code.elf.dir/Drivers/STM32F1xx_HAL_Driver/Src/stm32f1xx_hal_cortex.c.obj
 .debug_line    0x0000552a      0x603 CMakeFiles/motor-control-code.elf.dir/Drivers/STM32F1xx_HAL_Driver/Src/stm32f1xx_hal_gpio.c.obj
 .debug_line    0x00005b2d     0x5562 CMakeFiles/motor-control-code.elf.dir/Drivers/STM32F1xx_HAL_Driver/Src/stm32f1xx_hal_i2c.c.obj
 .debug_line    0x0000b08f      0xc4c CMakeFiles/motor-control-code.elf.dir/Drivers/STM32F1xx_HAL_Driver/Src/stm32f1xx_hal_rcc.c.obj
 .debug_line    0x0000bcdb     0x467e CMakeFiles/motor-control-code.elf.dir/Drivers/STM32F1xx_HAL_Driver/Src/stm32f1xx_hal_tim.c.obj
 .debug_line    0x00010359     0x1b7e CMakeFiles/motor-control-code.elf.dir/Drivers/STM32F1xx_HAL_Driver/Src/stm32f1xx_hal_tim_ex.c.obj
 .debug_line    0x00011ed7     0x20db CMakeFiles/motor-control-code.elf.dir/Drivers/STM32F1xx_HAL_Driver/Src/stm32f1xx_hal_uart.c.obj

.debug_str      0x00000000     0x56c2
 .debug_str     0x00000000      0x846 CMakeFiles/motor-control-code.elf.dir/Core/Src/can.c.obj
                                0x8c3 (size before relaxing)
 .debug_str     0x00000846       0x73 CMakeFiles/motor-control-code.elf.dir/Core/Src/gpio.c.obj
                                0x5c8 (size before relaxing)
 .debug_str     0x000008b9      0x47c CMakeFiles/motor-control-code.elf.dir/Core/Src/i2c.c.obj
                                0x782 (size before relaxing)
 .debug_str     0x00000d35       0xea CMakeFiles/motor-control-code.elf.dir/Core/Src/key.c.obj
                                0x2c8 (size before relaxing)
 .debug_str     0x00000e1f      0xa81 CMakeFiles/motor-control-code.elf.dir/Core/Src/main.c.obj
                               0x11ef (size before relaxing)
 .debug_str     0x000018a0       0xa3 CMakeFiles/motor-control-code.elf.dir/Core/Src/menu.c.obj
                                0x280 (size before relaxing)
 .debug_str     0x00001943       0x97 CMakeFiles/motor-control-code.elf.dir/Core/Src/motor.c.obj
                                0x60a (size before relaxing)
 .debug_str     0x000019da      0x1e4 CMakeFiles/motor-control-code.elf.dir/Core/Src/oled.c.obj
                                0x89e (size before relaxing)
 .debug_str     0x00001bbe       0x41 CMakeFiles/motor-control-code.elf.dir/Core/Src/oledfont.c.obj
                                0x16b (size before relaxing)
 .debug_str     0x00001bff       0x8d CMakeFiles/motor-control-code.elf.dir/Core/Src/pid.c.obj
                                0x368 (size before relaxing)
 .debug_str     0x00001c8c      0x529 CMakeFiles/motor-control-code.elf.dir/Core/Src/retarget.c.obj
                                0xb61 (size before relaxing)
 .debug_str     0x000021b5       0x75 CMakeFiles/motor-control-code.elf.dir/Core/Src/stm32f1xx_hal_msp.c.obj
                                0x26d (size before relaxing)
 .debug_str     0x0000222a      0x180 CMakeFiles/motor-control-code.elf.dir/Core/Src/stm32f1xx_it.c.obj
                                0xa68 (size before relaxing)
 .debug_str     0x000023aa       0x9a CMakeFiles/motor-control-code.elf.dir/Core/Src/sysmem.c.obj
                                0x266 (size before relaxing)
 .debug_str     0x00002444       0x93 CMakeFiles/motor-control-code.elf.dir/Core/Src/system_stm32f1xx.c.obj
                                0x2a2 (size before relaxing)
 .debug_str     0x000024d7      0x161 CMakeFiles/motor-control-code.elf.dir/Core/Src/tim.c.obj
                                0xb67 (size before relaxing)
 .debug_str     0x00002638       0x76 CMakeFiles/motor-control-code.elf.dir/Core/Src/usart.c.obj
                                0x6e6 (size before relaxing)
 .debug_str     0x000026ae       0x5b CMakeFiles/motor-control-code.elf.dir/Core/Startup/startup_stm32f103c8tx.s.obj
                                 0x9b (size before relaxing)
 .debug_str     0x00002709      0x2fa CMakeFiles/motor-control-code.elf.dir/Drivers/STM32F1xx_HAL_Driver/Src/stm32f1xx_hal.c.obj
                                0x872 (size before relaxing)
 .debug_str     0x00002a03      0x3e2 CMakeFiles/motor-control-code.elf.dir/Drivers/STM32F1xx_HAL_Driver/Src/stm32f1xx_hal_can.c.obj
                                0xa8c (size before relaxing)
 .debug_str     0x00002de5      0x391 CMakeFiles/motor-control-code.elf.dir/Drivers/STM32F1xx_HAL_Driver/Src/stm32f1xx_hal_cortex.c.obj
                                0x921 (size before relaxing)
 .debug_str     0x00003176       0xee CMakeFiles/motor-control-code.elf.dir/Drivers/STM32F1xx_HAL_Driver/Src/stm32f1xx_hal_gpio.c.obj
                                0x44e (size before relaxing)
 .debug_str     0x00003264      0x902 CMakeFiles/motor-control-code.elf.dir/Drivers/STM32F1xx_HAL_Driver/Src/stm32f1xx_hal_i2c.c.obj
                               0x1006 (size before relaxing)
 .debug_str     0x00003b66      0x1ea CMakeFiles/motor-control-code.elf.dir/Drivers/STM32F1xx_HAL_Driver/Src/stm32f1xx_hal_rcc.c.obj
                                0x679 (size before relaxing)
 .debug_str     0x00003d50      0xe38 CMakeFiles/motor-control-code.elf.dir/Drivers/STM32F1xx_HAL_Driver/Src/stm32f1xx_hal_tim.c.obj
                               0x1686 (size before relaxing)
 .debug_str     0x00004b88      0x549 CMakeFiles/motor-control-code.elf.dir/Drivers/STM32F1xx_HAL_Driver/Src/stm32f1xx_hal_tim_ex.c.obj
                                0xe87 (size before relaxing)
 .debug_str     0x000050d1      0x5f1 CMakeFiles/motor-control-code.elf.dir/Drivers/STM32F1xx_HAL_Driver/Src/stm32f1xx_hal_uart.c.obj
                                0xcdc (size before relaxing)

.comment        0x00000000       0x49
 .comment       0x00000000       0x49 CMakeFiles/motor-control-code.elf.dir/Core/Src/can.c.obj
                                 0x4a (size before relaxing)
 .comment       0x00000049       0x4a CMakeFiles/motor-control-code.elf.dir/Core/Src/gpio.c.obj
 .comment       0x00000049       0x4a CMakeFiles/motor-control-code.elf.dir/Core/Src/i2c.c.obj
 .comment       0x00000049       0x4a CMakeFiles/motor-control-code.elf.dir/Core/Src/key.c.obj
 .comment       0x00000049       0x4a CMakeFiles/motor-control-code.elf.dir/Core/Src/main.c.obj
 .comment       0x00000049       0x4a CMakeFiles/motor-control-code.elf.dir/Core/Src/menu.c.obj
 .comment       0x00000049       0x4a CMakeFiles/motor-control-code.elf.dir/Core/Src/motor.c.obj
 .comment       0x00000049       0x4a CMakeFiles/motor-control-code.elf.dir/Core/Src/oled.c.obj
 .comment       0x00000049       0x4a CMakeFiles/motor-control-code.elf.dir/Core/Src/oledfont.c.obj
 .comment       0x00000049       0x4a CMakeFiles/motor-control-code.elf.dir/Core/Src/pid.c.obj
 .comment       0x00000049       0x4a CMakeFiles/motor-control-code.elf.dir/Core/Src/retarget.c.obj
 .comment       0x00000049       0x4a CMakeFiles/motor-control-code.elf.dir/Core/Src/stm32f1xx_hal_msp.c.obj
 .comment       0x00000049       0x4a CMakeFiles/motor-control-code.elf.dir/Core/Src/stm32f1xx_it.c.obj
 .comment       0x00000049       0x4a CMakeFiles/motor-control-code.elf.dir/Core/Src/sysmem.c.obj
 .comment       0x00000049       0x4a CMakeFiles/motor-control-code.elf.dir/Core/Src/system_stm32f1xx.c.obj
 .comment       0x00000049       0x4a CMakeFiles/motor-control-code.elf.dir/Core/Src/tim.c.obj
 .comment       0x00000049       0x4a CMakeFiles/motor-control-code.elf.dir/Core/Src/usart.c.obj
 .comment       0x00000049       0x4a CMakeFiles/motor-control-code.elf.dir/Drivers/STM32F1xx_HAL_Driver/Src/stm32f1xx_hal.c.obj
 .comment       0x00000049       0x4a CMakeFiles/motor-control-code.elf.dir/Drivers/STM32F1xx_HAL_Driver/Src/stm32f1xx_hal_can.c.obj
 .comment       0x00000049       0x4a CMakeFiles/motor-control-code.elf.dir/Drivers/STM32F1xx_HAL_Driver/Src/stm32f1xx_hal_cortex.c.obj
 .comment       0x00000049       0x4a CMakeFiles/motor-control-code.elf.dir/Drivers/STM32F1xx_HAL_Driver/Src/stm32f1xx_hal_gpio.c.obj
 .comment       0x00000049       0x4a CMakeFiles/motor-control-code.elf.dir/Drivers/STM32F1xx_HAL_Driver/Src/stm32f1xx_hal_i2c.c.obj
 .comment       0x00000049       0x4a CMakeFiles/motor-control-code.elf.dir/Drivers/STM32F1xx_HAL_Driver/Src/stm32f1xx_hal_rcc.c.obj
 .comment       0x00000049       0x4a CMakeFiles/motor-control-code.elf.dir/Drivers/STM32F1xx_HAL_Driver/Src/stm32f1xx_hal_tim.c.obj
 .comment       0x00000049       0x4a CMakeFiles/motor-control-code.elf.dir/Drivers/STM32F1xx_HAL_Driver/Src/stm32f1xx_hal_tim_ex.c.obj
 .comment       0x00000049       0x4a CMakeFiles/motor-control-code.elf.dir/Drivers/STM32F1xx_HAL_Driver/Src/stm32f1xx_hal_uart.c.obj

.debug_frame    0x00000000     0x38fc
 .debug_frame   0x00000000       0x60 CMakeFiles/motor-control-code.elf.dir/Core/Src/can.c.obj
 .debug_frame   0x00000060       0x30 CMakeFiles/motor-control-code.elf.dir/Core/Src/gpio.c.obj