Archive member included to satisfy reference by file (symbol)

d:/gcc-arm-none-eabi/bin/../lib/gcc/arm-none-eabi/10.3.1/thumb/v7-m/nofp\libgcc.a(_arm_muldf3.o)
                              CMakeFiles/motor-control-code.elf.dir/Core/Src/main.c.obj (__aeabi_dmul)
d:/gcc-arm-none-eabi/bin/../lib/gcc/arm-none-eabi/10.3.1/thumb/v7-m/nofp\libgcc.a(_arm_mulsf3.o)
                              CMakeFiles/motor-control-code.elf.dir/Core/Src/oled.c.obj (__aeabi_fmul)
d:/gcc-arm-none-eabi/bin/../lib/gcc/arm-none-eabi/10.3.1/thumb/v7-m/nofp\libgcc.a(_arm_addsubdf3.o)
                              CMakeFiles/motor-control-code.elf.dir/Core/Src/main.c.obj (__aeabi_dadd)
d:/gcc-arm-none-eabi/bin/../lib/gcc/arm-none-eabi/10.3.1/thumb/v7-m/nofp\libgcc.a(_arm_fixdfsi.o)
                              CMakeFiles/motor-control-code.elf.dir/Core/Src/printf.c.obj (__aeabi_d2iz)
d:/gcc-arm-none-eabi/bin/../lib/gcc/arm-none-eabi/10.3.1/thumb/v7-m/nofp\libgcc.a(_arm_truncdfsf2.o)
                              CMakeFiles/motor-control-code.elf.dir/Core/Src/main.c.obj (__aeabi_d2f)
d:/gcc-arm-none-eabi/bin/../lib/gcc/arm-none-eabi/10.3.1/thumb/v7-m/nofp\libgcc.a(_arm_addsubsf3.o)
                              CMakeFiles/motor-control-code.elf.dir/Core/Src/key.c.obj (__aeabi_fsub)
d:/gcc-arm-none-eabi/bin/../lib/gcc/arm-none-eabi/10.3.1/thumb/v7-m/nofp\libgcc.a(_arm_cmpsf2.o)
                              CMakeFiles/motor-control-code.elf.dir/Core/Src/pid.c.obj (__aeabi_fcmpeq)
d:/gcc-arm-none-eabi/bin/../lib/gcc/arm-none-eabi/10.3.1/thumb/v7-m/nofp\libgcc.a(_arm_fixsfsi.o)
                              CMakeFiles/motor-control-code.elf.dir/Core/Src/main.c.obj (__aeabi_f2iz)
d:/gcc-arm-none-eabi/bin/../lib/gcc/arm-none-eabi/10.3.1/../../../../arm-none-eabi/lib/thumb/v7-m/nofp\libg.a(lib_a-errno.o)
                              CMakeFiles/motor-control-code.elf.dir/Core/Src/retarget.c.obj (__errno)
d:/gcc-arm-none-eabi/bin/../lib/gcc/arm-none-eabi/10.3.1/../../../../arm-none-eabi/lib/thumb/v7-m/nofp\libg.a(lib_a-exit.o)
                              d:/gcc-arm-none-eabi/bin/../lib/gcc/arm-none-eabi/10.3.1/../../../../arm-none-eabi/lib/thumb/v7-m/nofp/crt0.o (exit)
d:/gcc-arm-none-eabi/bin/../lib/gcc/arm-none-eabi/10.3.1/../../../../arm-none-eabi/lib/thumb/v7-m/nofp\libg.a(lib_a-impure.o)
                              d:/gcc-arm-none-eabi/bin/../lib/gcc/arm-none-eabi/10.3.1/../../../../arm-none-eabi/lib/thumb/v7-m/nofp\libg.a(lib_a-exit.o) (_global_impure_ptr)
d:/gcc-arm-none-eabi/bin/../lib/gcc/arm-none-eabi/10.3.1/../../../../arm-none-eabi/lib/thumb/v7-m/nofp\libg.a(lib_a-init.o)
                              d:/gcc-arm-none-eabi/bin/../lib/gcc/arm-none-eabi/10.3.1/../../../../arm-none-eabi/lib/thumb/v7-m/nofp/crt0.o (__libc_init_array)
d:/gcc-arm-none-eabi/bin/../lib/gcc/arm-none-eabi/10.3.1/../../../../arm-none-eabi/lib/thumb/v7-m/nofp\libg.a(lib_a-memset.o)
                              d:/gcc-arm-none-eabi/bin/../lib/gcc/arm-none-eabi/10.3.1/../../../../arm-none-eabi/lib/thumb/v7-m/nofp/crt0.o (memset)
d:/gcc-arm-none-eabi/bin/../lib/gcc/arm-none-eabi/10.3.1/../../../../arm-none-eabi/lib/thumb/v7-m/nofp\libg.a(lib_a-setvbuf.o)
                              CMakeFiles/motor-control-code.elf.dir/Core/Src/retarget.c.obj (setvbuf)
d:/gcc-arm-none-eabi/bin/../lib/gcc/arm-none-eabi/10.3.1/../../../../arm-none-eabi/lib/thumb/v7-m/nofp\libg.a(lib_a-__call_atexit.o)
                              d:/gcc-arm-none-eabi/bin/../lib/gcc/arm-none-eabi/10.3.1/../../../../arm-none-eabi/lib/thumb/v7-m/nofp\libg.a(lib_a-exit.o) (__call_exitprocs)
d:/gcc-arm-none-eabi/bin/../lib/gcc/arm-none-eabi/10.3.1/../../../../arm-none-eabi/lib/thumb/v7-m/nofp\libg.a(lib_a-atexit.o)
                              d:/gcc-arm-none-eabi/bin/../lib/gcc/arm-none-eabi/10.3.1/../../../../arm-none-eabi/lib/thumb/v7-m/nofp\libg.a(lib_a-__call_atexit.o) (atexit)
d:/gcc-arm-none-eabi/bin/../lib/gcc/arm-none-eabi/10.3.1/../../../../arm-none-eabi/lib/thumb/v7-m/nofp\libg.a(lib_a-fflush.o)
                              d:/gcc-arm-none-eabi/bin/../lib/gcc/arm-none-eabi/10.3.1/../../../../arm-none-eabi/lib/thumb/v7-m/nofp\libg.a(lib_a-setvbuf.o) (_fflush_r)
d:/gcc-arm-none-eabi/bin/../lib/gcc/arm-none-eabi/10.3.1/../../../../arm-none-eabi/lib/thumb/v7-m/nofp\libg.a(lib_a-findfp.o)
                              d:/gcc-arm-none-eabi/bin/../lib/gcc/arm-none-eabi/10.3.1/../../../../arm-none-eabi/lib/thumb/v7-m/nofp\libg.a(lib_a-setvbuf.o) (__sinit)
d:/gcc-arm-none-eabi/bin/../lib/gcc/arm-none-eabi/10.3.1/../../../../arm-none-eabi/lib/thumb/v7-m/nofp\libg.a(lib_a-fini.o)
                              d:/gcc-arm-none-eabi/bin/../lib/gcc/arm-none-eabi/10.3.1/../../../../arm-none-eabi/lib/thumb/v7-m/nofp\libg.a(lib_a-__call_atexit.o) (__libc_fini_array)
d:/gcc-arm-none-eabi/bin/../lib/gcc/arm-none-eabi/10.3.1/../../../../arm-none-eabi/lib/thumb/v7-m/nofp\libg.a(lib_a-freer.o)
[...]
Memory Configuration

Name             Origin             Length             Attributes
RAM              0x20000000         0x00005000         xrw
FLASH            0x08000000         0x00010000         xr
*default*        0x00000000         0xffffffff

Linker script and memory map

LOAD d:/gcc-arm-none-eabi/bin/../lib/gcc/arm-none-eabi/10.3.1/thumb/v7-m/nofp/crti.o
LOAD d:/gcc-arm-none-eabi/bin/../lib/gcc/arm-none-eabi/10.3.1/thumb/v7-m/nofp/crtbegin.o
LOAD d:/gcc-arm-none-eabi/bin/../lib/gcc/arm-none-eabi/10.3.1/../../../../arm-none-eabi/lib/thumb/v7-m/nofp/crt0.o
LOAD CMakeFiles/motor-control-code.elf.dir/Core/Src/can.c.obj
LOAD CMakeFiles/motor-control-code.elf.dir/Core/Src/delay.c.obj
LOAD CMakeFiles/motor-control-code.elf.dir/Core/Src/gpio.c.obj
LOAD CMakeFiles/motor-control-code.elf.dir/Core/Src/i2c.c.obj
LOAD CMakeFiles/motor-control-code.elf.dir/Core/Src/key.c.obj
LOAD CMakeFiles/motor-control-code.elf.dir/Core/Src/main.c.obj
LOAD CMakeFiles/motor-control-code.elf.dir/Core/Src/menu.c.obj
LOAD CMakeFiles/motor-control-code.elf.dir/Core/Src/motor.c.obj
LOAD CMakeFiles/motor-control-code.elf.dir/Core/Src/oled.c.obj
LOAD CMakeFiles/motor-control-code.elf.dir/Core/Src/oledfont.c.obj
LOAD CMakeFiles/motor-control-code.elf.dir/Core/Src/pid.c.obj
LOAD CMakeFiles/motor-control-code.elf.dir/Core/Src/printf.c.obj
LOAD CMakeFiles/motor-control-code.elf.dir/Core/Src/retarget.c.obj
LOAD CMakeFiles/motor-control-code.elf.dir/Core/Src/stm32f1xx_hal_msp.c.obj
LOAD CMakeFiles/motor-control-code.elf.dir/Core/Src/stm32f1xx_it.c.obj
LOAD CMakeFiles/motor-control-code.elf.dir/Core/Src/syscalls.c.obj
LOAD CMakeFiles/motor-control-code.elf.dir/Core/Src/sysmem.c.obj
LOAD CMakeFiles/motor-control-code.elf.dir/Core/Src/system_stm32f1xx.c.obj
LOAD CMakeFiles/motor-control-code.elf.dir/Core/Src/tim.c.obj
LOAD CMakeFiles/motor-control-code.elf.dir/Core/Src/usart.c.obj
LOAD CMakeFiles/motor-control-code.elf.dir/Core/Startup/startup_stm32f103c8tx.s.obj
LOAD CMakeFiles/motor-control-code.elf.dir/Drivers/STM32F1xx_HAL_Driver/Src/stm32f1xx_hal.c.obj
LOAD CMakeFiles/motor-control-code.elf.dir/Drivers/STM32F1xx_HAL_Driver/Src/stm32f1xx_hal_can.c.obj
LOAD CMakeFiles/motor-control-code.elf.dir/Drivers/STM32F1xx_HAL_Driver/Src/stm32f1xx_hal_cortex.c.obj
LOAD CMakeFiles/motor-control-code.elf.dir/Drivers/STM32F1xx_HAL_Driver/Src/stm32f1xx_hal_dma.c.obj
LOAD CMakeFiles/motor-control-code.elf.dir/Drivers/STM32F1xx_HAL_Driver/Src/stm32f1xx_hal_exti.c.obj
LOAD CMakeFiles/motor-control-code.elf.dir/Drivers/STM32F1xx_HAL_Driver/Src/stm32f1xx_hal_flash.c.obj
LOAD CMakeFiles/motor-control-code.elf.dir/Drivers/STM32F1xx_HAL_Driver/Src/stm32f1xx_hal_flash_ex.c.obj
LOAD CMakeFiles/motor-control-code.elf.dir/Drivers/STM32F1xx_HAL_Driver/Src/stm32f1xx_hal_gpio.c.obj
LOAD CMakeFiles/motor-control-code.elf.dir/Drivers/STM32F1xx_HAL_Driver/Src/stm32f1xx_hal_gpio_ex.c.obj
LOAD CMakeFiles/motor-control-code.elf.dir/Drivers/STM32F1xx_HAL_Driver/Src/stm32f1xx_hal_i2c.c.obj
LOAD CMakeFiles/motor-control-code.elf.dir/Drivers/STM32F1xx_HAL_Driver/Src/stm32f1xx_hal_pwr.c.obj
LOAD CMakeFiles/motor-control-code.elf.dir/Drivers/STM32F1xx_HAL_Driver/Src/stm32f1xx_hal_rcc.c.obj
LOAD CMakeFiles/motor-control-code.elf.dir/Drivers/STM32F1xx_HAL_Driver/Src/stm32f1xx_hal_rcc_ex.c.obj
LOAD CMakeFiles/motor-control-code.elf.dir/Drivers/STM32F1xx_HAL_Driver/Src/stm32f1xx_hal_tim.c.obj
LOAD CMakeFiles/motor-control-code.elf.dir/Drivers/STM32F1xx_HAL_Driver/Src/stm32f1xx_hal_tim_ex.c.obj
LOAD CMakeFiles/motor-control-code.elf.dir/Drivers/STM32F1xx_HAL_Driver/Src/stm32f1xx_hal_uart.c.obj
START GROUP
LOAD d:/gcc-arm-none-eabi/bin/../lib/gcc/arm-none-eabi/10.3.1/thumb/v7-m/nofp\libgcc.a
LOAD d:/gcc-arm-none-eabi/bin/../lib/gcc/arm-none-eabi/10.3.1/../../../../arm-none-eabi/lib/thumb/v7-m/nofp\libg.a
LOAD d:/gcc-arm-none-eabi/bin/../lib/gcc/arm-none-eabi/10.3.1/../../../../arm-none-eabi/lib/thumb/v7-m/nofp\libc.a
END GROUP
LOAD d:/gcc-arm-none-eabi/bin/../lib/gcc/arm-none-eabi/10.3.1/thumb/v7-m/nofp/crtend.o
LOAD d:/gcc-arm-none-eabi/bin/../lib/gcc/arm-none-eabi/10.3.1/thumb/v7-m/nofp/crtn.o
                0x20005000                _estack = (ORIGIN (RAM) + LENGTH (RAM))
                0x00000200                _Min_Heap_Size = 0x200
                0x00000400                _Min_Stack_Size = 0x400

.isr_vector     0x08000000      0x10c
                0x08000000                . = ALIGN (0x4)
 *(.isr_vector)
 .isr_vector    0x08000000      0x10c CMakeFiles/motor-control-code.elf.dir/Core/Startup/startup_stm32f103c8tx.s.obj
                0x08000000                g_pfnVectors
                0x0800010c                . = ALIGN (0x4)

.text           0x08000110     0x4d0c
                0x08000110                . = ALIGN (0x4)
 *(.text)
 .text          0x08000110       0x40 d:/gcc-arm-none-eabi/bin/../lib/gcc/arm-none-eabi/10.3.1/thumb/v7-m/nofp/crtbegin.o
 .text          0x08000150      0x168 d:/gcc-arm-none-eabi/bin/../lib/gcc/arm-none-eabi/10.3.1/thumb/v7-m/nofp\libgcc.a(_arm_mulsf3.o)
                0x08000150                __aeabi_fmul
                0x08000150                __mulsf3
 .text          0x080002b8      0x378 d:/gcc-arm-none-eabi/bin/../lib/gcc/arm-none-eabi/10.3.1/thumb/v7-m/nofp\libgcc.a(_arm_addsubdf3.o)
                0x080002b8                __aeabi_drsub
                0x080002c0                __aeabi_dsub
                0x080002c0                __subdf3
                0x080002c4                __aeabi_dadd
                0x080002c4                __adddf3
                0x0800053c                __floatunsidf
                0x0800053c                __aeabi_ui2d
                0x0800055c                __floatsidf
                0x0800055c                __aeabi_i2d
                0x08000580                __aeabi_f2d
                0x08000580                __extendsfdf2
                0x080005c4                __floatundidf
                0x080005c4                __aeabi_ul2d
                0x080005d4                __floatdidf
                0x080005d4                __aeabi_l2d
 .text          0x08000630       0x50 d:/gcc-arm-none-eabi/bin/../lib/gcc/arm-none-eabi/10.3.1/thumb/v7-m/nofp\libgcc.a(_arm_fixdfsi.o)
                0x08000630                __aeabi_d2iz
                0x08000630                __fixdfsi
 .text          0x08000680       0xa0 d:/gcc-arm-none-eabi/bin/../lib/gcc/arm-none-eabi/10.3.1/thumb/v7-m/nofp\libgcc.a(_arm_truncdfsf2.o)
                0x08000680                __truncdfsf2
                0x08000680                __aeabi_d2f
 .text          0x08000720      0x21c d:/gcc-arm-none-eabi/bin/../lib/gcc/arm-none-eabi/10.3.1/thumb/v7-m/nofp\libgcc.a(_arm_addsubsf3.o)
                0x08000720                __aeabi_frsub
                0x08000728                __subsf3
                0x08000728                __aeabi_fsub
                0x0800072c                __aeabi_fadd
                0x0800072c                __addsf3
                0x0800088c                __aeabi_ui2f
                0x0800088c                __floatunsisf
                0x08000894                __aeabi_i2f
                0x08000894                __floatsisf
                0x080008b0                __aeabi_ul2f
                0x080008b0                __floatundisf
                0x080008c0                __aeabi_l2f
                0x080008c0                __floatdisf
 .text          0x0800093c       0xec d:/gcc-arm-none-eabi/bin/../lib/gcc/arm-none-eabi/10.3.1/thumb/v7-m/nofp\libgcc.a(_arm_cmpsf2.o)
                0x0800093c                __gesf2
                0x0800093c                __gtsf2
                0x08000944                __lesf2
                0x08000944                __ltsf2
                0x0800094c                __nesf2
                0x0800094c                __eqsf2
                0x0800094c                __cmpsf2
                0x080009ac                __aeabi_cfrcmple
                0x080009b4                __aeabi_cfcmpeq
                0x080009b4                __aeabi_cfcmple
                0x080009c4                __aeabi_fcmpeq
                0x080009d8                __aeabi_fcmplt
                0x080009ec                __aeabi_fcmple
                0x08000a00                __aeabi_fcmpge
                0x08000a14                __aeabi_fcmpgt
 .text          0x08000a28       0x4c d:/gcc-arm-none-eabi/bin/../lib/gcc/arm-none-eabi/10.3.1/thumb/v7-m/nofp\libgcc.a(_arm_fixsfsi.o)
                0x08000a28                __aeabi_f2iz
                0x08000a28                __fixsfsi
 .text          0x08000a74      0x424 d:/gcc-arm-none-eabi/bin/../lib/gcc/arm-none-eabi/10.3.1/thumb/v7-m/nofp\libgcc.a(_arm_muldivdf3.o)
                0x08000a74                __aeabi_dmul
                0x08000a74                __muldf3
                0x08000cc8                __divdf3
                0x08000cc8                __aeabi_ddiv
 .text          0x08000e98      0x110 d:/gcc-arm-none-eabi/bin/../lib/gcc/arm-none-eabi/10.3.1/thumb/v7-m/nofp\libgcc.a(_arm_cmpdf2.o)
                0x08000e98                __gtdf2
                0x08000e98                __gedf2
                0x08000ea0                __ltdf2
                0x08000ea0                __ledf2
                0x08000ea8                __nedf2
                0x08000ea8                __eqdf2
                0x08000ea8                __cmpdf2
                0x08000f24                __aeabi_cdrcmple
                0x08000f34                __aeabi_cdcmpeq
                0x08000f34                __aeabi_cdcmple
                0x08000f44                __aeabi_dcmpeq
                0x08000f58                __aeabi_dcmplt
                0x08000f6c                __aeabi_dcmple
                0x08000f80                __aeabi_dcmpge
                0x08000f94                __aeabi_dcmpgt
 *(.text*)
 .text.MX_CAN_Init
                0x08000fa8       0x3c CMakeFiles/motor-control-code.elf.dir/Core/Src/can.c.obj
                0x08000fa8                MX_CAN_Init
 .text.HAL_CAN_MspInit
                0x08000fe4       0x84 CMakeFiles/motor-control-code.elf.dir/Core/Src/can.c.obj
                0x08000fe4                HAL_CAN_MspInit
 .text.delayus  0x08001068       0x50 CMakeFiles/motor-control-code.elf.dir/Core/Src/delay.c.obj
                0x08001068                delayus
 .text.MX_GPIO_Init
                0x080010b8       0xb0 CMakeFiles/motor-control-code.elf.dir/Core/Src/gpio.c.obj
                0x080010b8                MX_GPIO_Init
 .text.MX_I2C1_Init
                0x08001168       0x3c CMakeFiles/motor-control-code.elf.dir/Core/Src/i2c.c.obj
                0x08001168                MX_I2C1_Init
 .text.HAL_I2C_MspInit
                0x080011a4       0x64 CMakeFiles/motor-control-code.elf.dir/Core/Src/i2c.c.obj
                0x080011a4                HAL_I2C_MspInit
 .text.HAL_GPIO_EXTI_Callback
                0x08001208       0x50 CMakeFiles/motor-control-code.elf.dir/Core/Src/key.c.obj
                0x08001208                HAL_GPIO_EXTI_Callback
 .text.HAL_CAN_RxFifo0MsgPendingCallback
                0x08001258       0x28 CMakeFiles/motor-control-code.elf.dir/Core/Src/main.c.obj
                0x08001258                HAL_CAN_RxFifo0MsgPendingCallback
 .text.HAL_TIM_PeriodElapsedCallback
                0x08001280       0x54 CMakeFiles/motor-control-code.elf.dir/Core/Src/main.c.obj
                0x08001280                HAL_TIM_PeriodElapsedCallback
 .text.can_init
                0x080012d4       0x44 CMakeFiles/motor-control-code.elf.dir/Core/Src/main.c.obj
                0x080012d4                can_init
 .text.Error_Handler
                0x08001318        0x4 CMakeFiles/motor-control-code.elf.dir/Core/Src/main.c.obj
                0x08001318                Error_Handler
 .text.SystemClock_Config
                0x0800131c       0x60 CMakeFiles/motor-control-code.elf.dir/Core/Src/main.c.obj
                0x0800131c                SystemClock_Config
 *fill*         0x0800137c        0x4 
 .text.main     0x08001380      0x12c CMakeFiles/motor-control-code.elf.dir/Core/Src/main.c.obj
                0x08001380                main
 .text.get_moto_measure
                0x080014ac       0x78 CMakeFiles/motor-control-code.elf.dir/Core/Src/motor.c.obj
                0x080014ac                get_moto_measure
 .text.set_moto_current
                0x08001524       0x3c CMakeFiles/motor-control-code.elf.dir/Core/Src/motor.c.obj
                0x08001524                set_moto_current
 .text.WriteCmd
                0x08001560       0x38 CMakeFiles/motor-control-code.elf.dir/Core/Src/oled.c.obj
                0x08001560                WriteCmd
 .text.OLED_Init
                0x08001598        0xe CMakeFiles/motor-control-code.elf.dir/Core/Src/oled.c.obj
                0x08001598                OLED_Init
 *fill*         0x080015a6        0x2 
 .text.OLED_WR_CMD
                0x080015a8       0x2c CMakeFiles/motor-control-code.elf.dir/Core/Src/oled.c.obj
                0x080015a8                OLED_WR_CMD
 .text.OLED_WR_DATA
                0x080015d4       0x2c CMakeFiles/motor-control-code.elf.dir/Core/Src/oled.c.obj
                0x080015d4                OLED_WR_DATA
 .text.OLED_Clear
                0x08001600       0x3a CMakeFiles/motor-control-code.elf.dir/Core/Src/oled.c.obj
                0x08001600                OLED_Clear
 .text.pid_param_init
                0x0800163a       0x14 CMakeFiles/motor-control-code.elf.dir/Core/Src/pid.c.obj
 .text.pid_reset
                0x0800164e        0x8 CMakeFiles/motor-control-code.elf.dir/Core/Src/pid.c.obj
 .text.abs_limit
                0x08001656       0x22 CMakeFiles/motor-control-code.elf.dir/Core/Src/pid.c.obj
                0x08001656                abs_limit
 .text.pid_calc
                0x08001678      0x186 CMakeFiles/motor-control-code.elf.dir/Core/Src/pid.c.obj
                0x08001678                pid_calc
 *fill*         0x080017fe        0x2 
 .text.PID_struct_init
                0x08001800       0x34 CMakeFiles/motor-control-code.elf.dir/Core/Src/pid.c.obj
                0x08001800                PID_struct_init
 .text.HAL_MspInit
                0x08001834       0x44 CMakeFiles/motor-control-code.elf.dir/Core/Src/stm32f1xx_hal_msp.c.obj
                0x08001834                HAL_MspInit
 .text.NMI_Handler
                0x08001878        0x2 CMakeFiles/motor-control-code.elf.dir/Core/Src/stm32f1xx_it.c.obj
                0x08001878                NMI_Handler
 .text.HardFault_Handler
                0x0800187a        0x2 CMakeFiles/motor-control-code.elf.dir/Core/Src/stm32f1xx_it.c.obj
                0x0800187a                HardFault_Handler
 .text.MemManage_Handler
                0x0800187c        0x2 CMakeFiles/motor-control-code.elf.dir/Core/Src/stm32f1xx_it.c.obj
                0x0800187c                MemManage_Handler
 .text.BusFault_Handler
                0x0800187e        0x2 CMakeFiles/motor-control-code.elf.dir/Core/Src/stm32f1xx_it.c.obj
                0x0800187e                BusFault_Handler
 .text.UsageFault_Handler
                0x08001880        0x2 CMakeFiles/motor-control-code.elf.dir/Core/Src/stm32f1xx_it.c.obj
                0x08001880                UsageFault_Handler
 .text.SVC_Handler
                0x08001882        0x2 CMakeFiles/motor-control-code.elf.dir/Core/Src/stm32f1xx_it.c.obj
                0x08001882                SVC_Handler
 .text.DebugMon_Handler
                0x08001884        0x2 CMakeFiles/motor-control-code.elf.dir/Core/Src/stm32f1xx_it.c.obj
                0x08001884                DebugMon_Handler
 .text.PendSV_Handler
                0x08001886        0x2 CMakeFiles/motor-control-code.elf.dir/Core/Src/stm32f1xx_it.c.obj
                0x08001886                PendSV_Handler
 .text.SysTick_Handler
                0x08001888        0x8 CMakeFiles/motor-control-code.elf.dir/Core/Src/stm32f1xx_it.c.obj
                0x08001888                SysTick_Handler
 .text.EXTI1_IRQHandler
                0x08001890        0xa CMakeFiles/motor-control-code.elf.dir/Core/Src/stm32f1xx_it.c.obj
                0x08001890                EXTI1_IRQHandler
 .text.EXTI2_IRQHandler
                0x0800189a        0xa CMakeFiles/motor-control-code.elf.dir/Core/Src/stm32f1xx_it.c.obj
                0x0800189a                EXTI2_IRQHandler
 .text.USB_LP_CAN1_RX0_IRQHandler
                0x080018a4       0x10 CMakeFiles/motor-control-code.elf.dir/Core/Src/stm32f1xx_it.c.obj
                0x080018a4                USB_LP_CAN1_RX0_IRQHandler
 .text.TIM1_UP_IRQHandler
                0x080018b4       0x10 CMakeFiles/motor-control-code.elf.dir/Core/Src/stm32f1xx_it.c.obj
                0x080018b4                TIM1_UP_IRQHandler
 .text.EXTI15_10_IRQHandler
                0x080018c4       0x14 CMakeFiles/motor-control-code.elf.dir/Core/Src/stm32f1xx_it.c.obj
                0x080018c4                EXTI15_10_IRQHandler
 .text.SystemInit
                0x080018d8        0x2 CMakeFiles/motor-control-code.elf.dir/Core/Src/system_stm32f1xx.c.obj
                0x080018d8                SystemInit
 *fill*         0x080018da        0x2 
 .text.MX_TIM1_Init
                0x080018dc       0x70 CMakeFiles/motor-control-code.elf.dir/Core/Src/tim.c.obj
                0x080018dc                MX_TIM1_Init
 .text.HAL_TIM_Base_MspInit
                0x0800194c       0x40 CMakeFiles/motor-control-code.elf.dir/Core/Src/tim.c.obj
                0x0800194c                HAL_TIM_Base_MspInit
 .text.MX_USART2_UART_Init
                0x0800198c       0x34 CMakeFiles/motor-control-code.elf.dir/Core/Src/usart.c.obj
                0x0800198c                MX_USART2_UART_Init
 .text.HAL_UART_MspInit
                0x080019c0       0x74 CMakeFiles/motor-control-code.elf.dir/Core/Src/usart.c.obj
                0x080019c0                HAL_UART_MspInit
 .text.Reset_Handler
                0x08001a34       0x48 CMakeFiles/motor-control-code.elf.dir/Core/Startup/startup_stm32f103c8tx.s.obj
                0x08001a34                Reset_Handler
 .text.Default_Handler
                0x08001a7c        0x2 CMakeFiles/motor-control-code.elf.dir/Core/Startup/startup_stm32f103c8tx.s.obj
                0x08001a7c                RTC_Alarm_IRQHandler
                0x08001a7c                TIM1_CC_IRQHandler
                0x08001a7c                PVD_IRQHandler
                0x08001a7c                EXTI3_IRQHandler
                0x08001a7c                EXTI0_IRQHandler
                0x08001a7c                I2C2_EV_IRQHandler
                0x08001a7c                ADC1_2_IRQHandler
                0x08001a7c                SPI1_IRQHandler
                0x08001a7c                TAMPER_IRQHandler
                0x08001a7c                DMA1_Channel4_IRQHandler
                0x08001a7c                USART3_IRQHandler
                0x08001a7c                RTC_IRQHandler
                0x08001a7c                DMA1_Channel7_IRQHandler
                0x08001a7c                CAN1_RX1_IRQHandler
                0x08001a7c                TIM4_IRQHandler
                0x08001a7c                I2C1_EV_IRQHandler
                0x08001a7c                DMA1_Channel6_IRQHandler
                0x08001a7c                TIM3_IRQHandler
                0x08001a7c                RCC_IRQHandler
                0x08001a7c                TIM1_TRG_COM_IRQHandler
                0x08001a7c                DMA1_Channel1_IRQHandler
                0x08001a7c                Default_Handler
                0x08001a7c                EXTI9_5_IRQHandler
                0x08001a7c                SPI2_IRQHandler
                0x08001a7c                DMA1_Channel5_IRQHandler
                0x08001a7c                EXTI4_IRQHandler
                0x08001a7c                USB_HP_CAN1_TX_IRQHandler
                0x08001a7c                DMA1_Channel3_IRQHandler
                0x08001a7c                WWDG_IRQHandler
                0x08001a7c                TIM2_IRQHandler
                0x08001a7c                TIM1_BRK_IRQHandler
                0x08001a7c                USART2_IRQHandler
                0x08001a7c                I2C2_ER_IRQHandler
                0x08001a7c                DMA1_Channel2_IRQHandler
                0x08001a7c                CAN1_SCE_IRQHandler
                0x08001a7c                FLASH_IRQHandler
                0x08001a7c                USART1_IRQHandler
                0x08001a7c                I2C1_ER_IRQHandler
                0x08001a7c                USBWakeUp_IRQHandler
 *fill*         0x08001a7e        0x2 
 .text.HAL_InitTick
                0x08001a80       0x4c CMakeFiles/motor-control-code.elf.dir/Drivers/STM32F1xx_HAL_Driver/Src/stm32f1xx_hal.c.obj
                0x08001a80                HAL_InitTick
 .text.HAL_Init
                0x08001acc       0x24 CMakeFiles/motor-control-code.elf.dir/Drivers/STM32F1xx_HAL_Driver/Src/stm32f1xx_hal.c.obj
                0x08001acc                HAL_Init
 .text.HAL_IncTick
                0x08001af0       0x18 CMakeFiles/motor-control-code.elf.dir/Drivers/STM32F1xx_HAL_Driver/Src/stm32f1xx_hal.c.obj
                0x08001af0                HAL_IncTick
 .text.HAL_GetTick
                0x08001b08        0xc CMakeFiles/motor-control-code.elf.dir/Drivers/STM32F1xx_HAL_Driver/Src/stm32f1xx_hal.c.obj
                0x08001b08                HAL_GetTick
 .text.HAL_Delay
                0x08001b14       0x28 CMakeFiles/motor-control-code.elf.dir/Drivers/STM32F1xx_HAL_Driver/Src/stm32f1xx_hal.c.obj
                0x08001b14                HAL_Delay
 .text.HAL_CAN_Init
                0x08001b3c      0x14c CMakeFiles/motor-control-code.elf.dir/Drivers/STM32F1xx_HAL_Driver/Src/stm32f1xx_hal_can.c.obj
                0x08001b3c                HAL_CAN_Init
 .text.HAL_CAN_ConfigFilter
                0x08001c88      0x10c CMakeFiles/motor-control-code.elf.dir/Drivers/STM32F1xx_HAL_Driver/Src/stm32f1xx_hal_can.c.obj
                0x08001c88                HAL_CAN_ConfigFilter
 .text.HAL_CAN_Start
                0x08001d94       0x5c CMakeFiles/motor-control-code.elf.dir/Drivers/STM32F1xx_HAL_Driver/Src/stm32f1xx_hal_can.c.obj
                0x08001d94                HAL_CAN_Start
 .text.HAL_CAN_AddTxMessage
                0x08001df0       0xfc CMakeFiles/motor-control-code.elf.dir/Drivers/STM32F1xx_HAL_Driver/Src/stm32f1xx_hal_can.c.obj
                0x08001df0                HAL_CAN_AddTxMessage
 .text.HAL_CAN_GetRxMessage
                0x08001eec      0x156 CMakeFiles/motor-control-code.elf.dir/Drivers/STM32F1xx_HAL_Driver/Src/stm32f1xx_hal_can.c.obj
                0x08001eec                HAL_CAN_GetRxMessage
 .text.HAL_CAN_ActivateNotification
                0x08002042       0x24 CMakeFiles/motor-control-code.elf.dir/Drivers/STM32F1xx_HAL_Driver/Src/stm32f1xx_hal_can.c.obj
                0x08002042                HAL_CAN_ActivateNotification
 .text.HAL_CAN_TxMailbox0CompleteCallback
                0x08002066        0x2 CMakeFiles/motor-control-code.elf.dir/Drivers/STM32F1xx_HAL_Driver/Src/stm32f1xx_hal_can.c.obj
                0x08002066                HAL_CAN_TxMailbox0CompleteCallback
 .text.HAL_CAN_TxMailbox1CompleteCallback
                0x08002068        0x2 CMakeFiles/motor-control-code.elf.dir/Drivers/STM32F1xx_HAL_Driver/Src/stm32f1xx_hal_can.c.obj
                0x08002068                HAL_CAN_TxMailbox1CompleteCallback
 .text.HAL_CAN_TxMailbox2CompleteCallback
                0x0800206a        0x2 CMakeFiles/motor-control-code.elf.dir/Drivers/STM32F1xx_HAL_Driver/Src/stm32f1xx_hal_can.c.obj
                0x0800206a                HAL_CAN_TxMailbox2CompleteCallback
 .text.HAL_CAN_TxMailbox0AbortCallback
                0x0800206c        0x2 CMakeFiles/motor-control-code.elf.dir/Drivers/STM32F1xx_HAL_Driver/Src/stm32f1xx_hal_can.c.obj
                0x0800206c                HAL_CAN_TxMailbox0AbortCallback
 .text.HAL_CAN_TxMailbox1AbortCallback
                0x0800206e        0x2 CMakeFiles/motor-control-code.elf.dir/Drivers/STM32F1xx_HAL_Driver/Src/stm32f1xx_hal_can.c.obj
                0x0800206e                HAL_CAN_TxMailbox1AbortCallback
 .text.HAL_CAN_TxMailbox2AbortCallback
                0x08002070        0x2 CMakeFiles/motor-control-code.elf.dir/Drivers/STM32F1xx_HAL_Driver/Src/stm32f1xx_hal_can.c.obj
                0x08002070                HAL_CAN_TxMailbox2AbortCallback
 .text.HAL_CAN_RxFifo0FullCallback
                0x08002072        0x2 CMakeFiles/motor-control-code.elf.dir/Drivers/STM32F1xx_HAL_Driver/Src/stm32f1xx_hal_can.c.obj
                0x08002072                HAL_CAN_RxFifo0FullCallback
 .text.HAL_CAN_RxFifo1MsgPendingCallback
                0x08002074        0x2 CMakeFiles/motor-control-code.elf.dir/Drivers/STM32F1xx_HAL_Driver/Src/stm32f1xx_hal_can.c.obj
                0x08002074                HAL_CAN_RxFifo1MsgPendingCallback
 .text.HAL_CAN_RxFifo1FullCallback
                0x08002076        0x2 CMakeFiles/motor-control-code.elf.dir/Drivers/STM32F1xx_HAL_Driver/Src/stm32f1xx_hal_can.c.obj
                0x08002076                HAL_CAN_RxFifo1FullCallback
 .text.HAL_CAN_SleepCallback
                0x08002078        0x2 CMakeFiles/motor-control-code.elf.dir/Drivers/STM32F1xx_HAL_Driver/Src/stm32f1xx_hal_can.c.obj
                0x08002078                HAL_CAN_SleepCallback
 .text.HAL_CAN_WakeUpFromRxMsgCallback
                0x0800207a        0x2 CMakeFiles/motor-control-code.elf.dir/Drivers/STM32F1xx_HAL_Driver/Src/stm32f1xx_hal_can.c.obj
                0x0800207a                HAL_CAN_WakeUpFromRxMsgCallback
 .text.HAL_CAN_ErrorCallback
                0x0800207c        0x2 CMakeFiles/motor-control-code.elf.dir/Drivers/STM32F1xx_HAL_Driver/Src/stm32f1xx_hal_can.c.obj
                0x0800207c                HAL_CAN_ErrorCallback
 .text.HAL_CAN_IRQHandler
                0x0800207e      0x24a CMakeFiles/motor-control-code.elf.dir/Drivers/STM32F1xx_HAL_Driver/Src/stm32f1xx_hal_can.c.obj
                0x0800207e                HAL_CAN_IRQHandler
 .text.HAL_NVIC_SetPriorityGrouping
                0x080022c8       0x24 CMakeFiles/motor-control-code.elf.dir/Drivers/STM32F1xx_HAL_Driver/Src/stm32f1xx_hal_cortex.c.obj
                0x080022c8                HAL_NVIC_SetPriorityGrouping
 .text.HAL_NVIC_SetPriority
                0x080022ec       0x70 CMakeFiles/motor-control-code.elf.dir/Drivers/STM32F1xx_HAL_Driver/Src/stm32f1xx_hal_cortex.c.obj
                0x080022ec                HAL_NVIC_SetPriority
 .text.HAL_NVIC_EnableIRQ
                0x0800235c       0x1c CMakeFiles/motor-control-code.elf.dir/Drivers/STM32F1xx_HAL_Driver/Src/stm32f1xx_hal_cortex.c.obj
                0x0800235c                HAL_NVIC_EnableIRQ
 .text.HAL_SYSTICK_Config
                0x08002378       0x28 CMakeFiles/motor-control-code.elf.dir/Drivers/STM32F1xx_HAL_Driver/Src/stm32f1xx_hal_cortex.c.obj
                0x08002378                HAL_SYSTICK_Config
 .text.HAL_GPIO_Init
                0x080023a0      0x224 CMakeFiles/motor-control-code.elf.dir/Drivers/STM32F1xx_HAL_Driver/Src/stm32f1xx_hal_gpio.c.obj
                0x080023a0                HAL_GPIO_Init
 .text.HAL_GPIO_WritePin
                0x080025c4        0xc CMakeFiles/motor-control-code.elf.dir/Drivers/STM32F1xx_HAL_Driver/Src/stm32f1xx_hal_gpio.c.obj
                0x080025c4                HAL_GPIO_WritePin
 .text.HAL_GPIO_TogglePin
                0x080025d0       0x12 CMakeFiles/motor-control-code.elf.dir/Drivers/STM32F1xx_HAL_Driver/Src/stm32f1xx_hal_gpio.c.obj
                0x080025d0                HAL_GPIO_TogglePin
 *fill*         0x080025e2        0x2 
 .text.HAL_GPIO_EXTI_IRQHandler
                0x080025e4       0x1c CMakeFiles/motor-control-code.elf.dir/Drivers/STM32F1xx_HAL_Driver/Src/stm32f1xx_hal_gpio.c.obj
                0x080025e4                HAL_GPIO_EXTI_IRQHandler
 .text.I2C_IsAcknowledgeFailed
                0x08002600       0x32 CMakeFiles/motor-control-code.elf.dir/Drivers/STM32F1xx_HAL_Driver/Src/stm32f1xx_hal_i2c.c.obj
 .text.I2C_WaitOnFlagUntilTimeout
                0x08002632       0x7c CMakeFiles/motor-control-code.elf.dir/Drivers/STM32F1xx_HAL_Driver/Src/stm32f1xx_hal_i2c.c.obj
 .text.I2C_WaitOnMasterAddressFlagUntilTimeout
                0x080026ae       0xaa CMakeFiles/motor-control-code.elf.dir/Drivers/STM32F1xx_HAL_Driver/Src/stm32f1xx_hal_i2c.c.obj
 .text.I2C_WaitOnTXEFlagUntilTimeout
                0x08002758       0x54 CMakeFiles/motor-control-code.elf.dir/Drivers/STM32F1xx_HAL_Driver/Src/stm32f1xx_hal_i2c.c.obj
 .text.I2C_RequestMemoryWrite
                0x080027ac       0xd8 CMakeFiles/motor-control-code.elf.dir/Drivers/STM32F1xx_HAL_Driver/Src/stm32f1xx_hal_i2c.c.obj
 .text.I2C_WaitOnBTFFlagUntilTimeout
                0x08002884       0x54 CMakeFiles/motor-control-code.elf.dir/Drivers/STM32F1xx_HAL_Driver/Src/stm32f1xx_hal_i2c.c.obj
 .text.HAL_I2C_Init
                0x080028d8      0x1bc CMakeFiles/motor-control-code.elf.dir/Drivers/STM32F1xx_HAL_Driver/Src/stm32f1xx_hal_i2c.c.obj
                0x080028d8                HAL_I2C_Init
 .text.HAL_I2C_Mem_Write
                0x08002a94      0x164 CMakeFiles/motor-control-code.elf.dir/Drivers/STM32F1xx_HAL_Driver/Src/stm32f1xx_hal_i2c.c.obj
                0x08002a94                HAL_I2C_Mem_Write
 .text.RCC_Delay
                0x08002bf8       0x2c CMakeFiles/motor-control-code.elf.dir/Drivers/STM32F1xx_HAL_Driver/Src/stm32f1xx_hal_rcc.c.obj
 .text.HAL_RCC_OscConfig
                0x08002c24      0x410 CMakeFiles/motor-control-code.elf.dir/Drivers/STM32F1xx_HAL_Driver/Src/stm32f1xx_hal_rcc.c.obj
                0x08002c24                HAL_RCC_OscConfig
 .text.HAL_RCC_GetSysClockFreq
                0x08003034       0x70 CMakeFiles/motor-control-code.elf.dir/Drivers/STM32F1xx_HAL_Driver/Src/stm32f1xx_hal_rcc.c.obj
                0x08003034                HAL_RCC_GetSysClockFreq
 .text.HAL_RCC_ClockConfig
                0x080030a4      0x16c CMakeFiles/motor-control-code.elf.dir/Drivers/STM32F1xx_HAL_Driver/Src/stm32f1xx_hal_rcc.c.obj
                0x080030a4                HAL_RCC_ClockConfig
 .text.HAL_RCC_GetHCLKFreq
                0x08003210        0xc CMakeFiles/motor-control-code.elf.dir/Drivers/STM32F1xx_HAL_Driver/Src/stm32f1xx_hal_rcc.c.obj
                0x08003210                HAL_RCC_GetHCLKFreq
 .text.HAL_RCC_GetPCLK1Freq
                0x0800321c       0x20 CMakeFiles/motor-control-code.elf.dir/Drivers/STM32F1xx_HAL_Driver/Src/stm32f1xx_hal_rcc.c.obj
                0x0800321c                HAL_RCC_GetPCLK1Freq
 .text.HAL_RCC_GetPCLK2Freq
                0x0800323c       0x20 CMakeFiles/motor-control-code.elf.dir/Drivers/STM32F1xx_HAL_Driver/Src/stm32f1xx_hal_rcc.c.obj
                0x0800323c                HAL_RCC_GetPCLK2Freq
 .text.TIM_TI1_ConfigInputStage
                0x0800325c       0x24 CMakeFiles/motor-control-code.elf.dir/Drivers/STM32F1xx_HAL_Driver/Src/stm32f1xx_hal_tim.c.obj
 .text.TIM_TI2_ConfigInputStage
                0x08003280       0x26 CMakeFiles/motor-control-code.elf.dir/Drivers/STM32F1xx_HAL_Driver/Src/stm32f1xx_hal_tim.c.obj
 .text.TIM_ITRx_SetConfig
                0x080032a6       0x10 CMakeFiles/motor-control-code.elf.dir/Drivers/STM32F1xx_HAL_Driver/Src/stm32f1xx_hal_tim.c.obj
 *fill*         0x080032b6        0x2 
 .text.HAL_TIM_Base_Start_IT
                0x080032b8       0x68 CMakeFiles/motor-control-code.elf.dir/Drivers/STM32F1xx_HAL_Driver/Src/stm32f1xx_hal_tim.c.obj
                0x080032b8                HAL_TIM_Base_Start_IT
 .text.HAL_TIM_OC_DelayElapsedCallback
                0x08003320        0x2 CMakeFiles/motor-control-code.elf.dir/Drivers/STM32F1xx_HAL_Driver/Src/stm32f1xx_hal_tim.c.obj
                0x08003320                HAL_TIM_OC_DelayElapsedCallback
 .text.HAL_TIM_IC_CaptureCallback
                0x08003322        0x2 CMakeFiles/motor-control-code.elf.dir/Drivers/STM32F1xx_HAL_Driver/Src/stm32f1xx_hal_tim.c.obj
                0x08003322                HAL_TIM_IC_CaptureCallback
 .text.HAL_TIM_PWM_PulseFinishedCallback
                0x08003324        0x2 CMakeFiles/motor-control-code.elf.dir/Drivers/STM32F1xx_HAL_Driver/Src/stm32f1xx_hal_tim.c.obj
                0x08003324                HAL_TIM_PWM_PulseFinishedCallback
 .text.HAL_TIM_TriggerCallback
                0x08003326        0x2 CMakeFiles/motor-control-code.elf.dir/Drivers/STM32F1xx_HAL_Driver/Src/stm32f1xx_hal_tim.c.obj
                0x08003326                HAL_TIM_TriggerCallback
 .text.HAL_TIM_IRQHandler
                0x08003328      0x17a CMakeFiles/motor-control-code.elf.dir/Drivers/STM32F1xx_HAL_Driver/Src/stm32f1xx_hal_tim.c.obj
                0x08003328                HAL_TIM_IRQHandler
 *fill*         0x080034a2        0x2 
 .text.TIM_Base_SetConfig
                0x080034a4       0x74 CMakeFiles/motor-control-code.elf.dir/Drivers/STM32F1xx_HAL_Driver/Src/stm32f1xx_hal_tim.c.obj
                0x080034a4                TIM_Base_SetConfig
 .text.HAL_TIM_Base_Init
                0x08003518       0x58 CMakeFiles/motor-control-code.elf.dir/Drivers/STM32F1xx_HAL_Driver/Src/stm32f1xx_hal_tim.c.obj
                0x08003518                HAL_TIM_Base_Init
 .text.TIM_ETR_SetConfig
                0x08003570       0x18 CMakeFiles/motor-control-code.elf.dir/Drivers/STM32F1xx_HAL_Driver/Src/stm32f1xx_hal_tim.c.obj
                0x08003570                TIM_ETR_SetConfig
 .text.HAL_TIM_ConfigClockSource
                0x08003588       0xda CMakeFiles/motor-control-code.elf.dir/Drivers/STM32F1xx_HAL_Driver/Src/stm32f1xx_hal_tim.c.obj
                0x08003588                HAL_TIM_ConfigClockSource
 *fill*         0x08003662        0x2 
 .text.HAL_TIMEx_MasterConfigSynchronization
                0x08003664       0x6c CMakeFiles/motor-control-code.elf.dir/Drivers/STM32F1xx_HAL_Driver/Src/stm32f1xx_hal_tim_ex.c.obj
                0x08003664                HAL_TIMEx_MasterConfigSynchronization
 .text.HAL_TIMEx_CommutCallback
                0x080036d0        0x2 CMakeFiles/motor-control-code.elf.dir/Drivers/STM32F1xx_HAL_Driver/Src/stm32f1xx_hal_tim_ex.c.obj
                0x080036d0                HAL_TIMEx_CommutCallback
 .text.HAL_TIMEx_BreakCallback
                0x080036d2        0x2 CMakeFiles/motor-control-code.elf.dir/Drivers/STM32F1xx_HAL_Driver/Src/stm32f1xx_hal_tim_ex.c.obj
                0x080036d2                HAL_TIMEx_BreakCallback
 .text.UART_SetConfig
                0x080036d4       0x94 CMakeFiles/motor-control-code.elf.dir/Drivers/STM32F1xx_HAL_Driver/Src/stm32f1xx_hal_uart.c.obj
 .text.UART_WaitOnFlagUntilTimeout
                0x08003768       0x6c CMakeFiles/motor-control-code.elf.dir/Drivers/STM32F1xx_HAL_Driver/Src/stm32f1xx_hal_uart.c.obj
 .text.HAL_UART_Init
                0x080037d4       0x5e CMakeFiles/motor-control-code.elf.dir/Drivers/STM32F1xx_HAL_Driver/Src/stm32f1xx_hal_uart.c.obj
                0x080037d4                HAL_UART_Init
 .text.HAL_UART_Transmit
                0x08003832       0xd8 CMakeFiles/motor-control-code.elf.dir/Drivers/STM32F1xx_HAL_Driver/Src/stm32f1xx_hal_uart.c.obj
                0x08003832                HAL_UART_Transmit
 *fill*         0x0800390a        0x2 
 .text.__libc_init_array
                0x0800390c       0x48 d:/gcc-arm-none-eabi/bin/../lib/gcc/arm-none-eabi/10.3.1/../../../../arm-none-eabi/lib/thumb/v7-m/nofp\libg.a(lib_a-init.o)
                0x0800390c                __libc_init_array
 .text.memset   0x08003954       0xa4 d:/gcc-arm-none-eabi/bin/../lib/gcc/arm-none-eabi/10.3.1/../../../../arm-none-eabi/lib/thumb/v7-m/nofp\libg.a(lib_a-memset.o)
                0x08003954                memset
 .text.startup.register_fini
                0x080039f8       0x14 d:/gcc-arm-none-eabi/bin/../lib/gcc/arm-none-eabi/10.3.1/../../../../arm-none-eabi/lib/thumb/v7-m/nofp\libg.a(lib_a-__call_atexit.o)
 .text.atexit   0x08003a0c        0xc d:/gcc-arm-none-eabi/bin/../lib/gcc/arm-none-eabi/10.3.1/../../../../arm-none-eabi/lib/thumb/v7-m/nofp\libg.a(lib_a-atexit.o)
                0x08003a0c                atexit
 .text.__libc_fini_array
                0x08003a18       0x2c d:/gcc-arm-none-eabi/bin/../lib/gcc/arm-none-eabi/10.3.1/../../../../arm-none-eabi/lib/thumb/v7-m/nofp\libg.a(lib_a-fini.o)
                0x08003a18                __libc_fini_array
 .text.__retarget_lock_acquire_recursive
                0x08003a44        0x4 d:/gcc-arm-none-eabi/bin/../lib/gcc/arm-none-eabi/10.3.1/../../../../arm-none-eabi/lib/thumb/v7-m/nofp\libg.a(lib_a-lock.o)
                0x08003a44                __retarget_lock_acquire_recursive
 .text.__retarget_lock_release_recursive
                0x08003a48        0x4 d:/gcc-arm-none-eabi/bin/../lib/gcc/arm-none-eabi/10.3.1/../../../../arm-none-eabi/lib/thumb/v7-m/nofp\libg.a(lib_a-lock.o)
                0x08003a48                __retarget_lock_release_recursive
 .text.__register_exitproc
                0x08003a4c       0x8c d:/gcc-arm-none-eabi/bin/../lib/gcc/arm-none-eabi/10.3.1/../../../../arm-none-eabi/lib/thumb/v7-m/nofp\libg.a(lib_a-__atexit.o)
                0x08003a4c                __register_exitproc
 .text.sin      0x08003ad8       0xb0 d:/gcc-arm-none-eabi/bin/../lib/gcc/arm-none-eabi/10.3.1/../../../../arm-none-eabi/lib/thumb/v7-m/nofp\libm.a(lib_a-s_sin.o)
                0x08003ad8                sin
 .text.__ieee754_rem_pio2
                0x08003b88      0x454 d:/gcc-arm-none-eabi/bin/../lib/gcc/arm-none-eabi/10.3.1/../../../../arm-none-eabi/lib/thumb/v7-m/nofp\libm.a(lib_a-e_rem_pio2.o)
                0x08003b88                __ieee754_rem_pio2
 *fill*         0x08003fdc        0x4 
 .text.__kernel_cos
                0x08003fe0      0x250 d:/gcc-arm-none-eabi/bin/../lib/gcc/arm-none-eabi/10.3.1/../../../../arm-none-eabi/lib/thumb/v7-m/nofp\libm.a(lib_a-k_cos.o)
                0x08003fe0                __kernel_cos
 .text.__kernel_rem_pio2
                0x08004230      0x850 d:/gcc-arm-none-eabi/bin/../lib/gcc/arm-none-eabi/10.3.1/../../../../arm-none-eabi/lib/thumb/v7-m/nofp\libm.a(lib_a-k_rem_pio2.o)
                0x08004230                __kernel_rem_pio2
 .text.__kernel_sin
                0x08004a80      0x184 d:/gcc-arm-none-eabi/bin/../lib/gcc/arm-none-eabi/10.3.1/../../../../arm-none-eabi/lib/thumb/v7-m/nofp\libm.a(lib_a-k_sin.o)
                0x08004a80                __kernel_sin
 .text.fabs     0x08004c04        0x8 d:/gcc-arm-none-eabi/bin/../lib/gcc/arm-none-eabi/10.3.1/../../../../arm-none-eabi/lib/thumb/v7-m/nofp\libm.a(lib_a-s_fabs.o)
                0x08004c04                fabs
 *fill*         0x08004c0c        0x4 
 .text.floor    0x08004c10       0xf8 d:/gcc-arm-none-eabi/bin/../lib/gcc/arm-none-eabi/10.3.1/../../../../arm-none-eabi/lib/thumb/v7-m/nofp\libm.a(lib_a-s_floor.o)
                0x08004c10                floor
 .text.scalbn   0x08004d08       0xfc d:/gcc-arm-none-eabi/bin/../lib/gcc/arm-none-eabi/10.3.1/../../../../arm-none-eabi/lib/thumb/v7-m/nofp\libm.a(lib_a-s_scalbn.o)
                0x08004d08                scalbn
 *(.glue_7)
 .glue_7        0x08004e04        0x0 linker stubs
 *(.glue_7t)
 .glue_7t       0x08004e04        0x0 linker stubs
 *(.eh_frame)
 .eh_frame      0x08004e04        0x0 d:/gcc-arm-none-eabi/bin/../lib/gcc/arm-none-eabi/10.3.1/thumb/v7-m/nofp/crtbegin.o
 *(.init)
 .init          0x08004e04        0x4 d:/gcc-arm-none-eabi/bin/../lib/gcc/arm-none-eabi/10.3.1/thumb/v7-m/nofp/crti.o
                0x08004e04                _init
 .init          0x08004e08        0x8 d:/gcc-arm-none-eabi/bin/../lib/gcc/arm-none-eabi/10.3.1/thumb/v7-m/nofp/crtn.o
 *(.fini)
 .fini          0x08004e10        0x4 d:/gcc-arm-none-eabi/bin/../lib/gcc/arm-none-eabi/10.3.1/thumb/v7-m/nofp/crti.o
                0x08004e10                _fini
 .fini          0x08004e14        0x8 d:/gcc-arm-none-eabi/bin/../lib/gcc/arm-none-eabi/10.3.1/thumb/v7-m/nofp/crtn.o
                0x08004e1c                . = ALIGN (0x4)
                0x08004e1c                _etext = .

.vfp11_veneer   0x08004e1c        0x0
 .vfp11_veneer  0x08004e1c        0x0 linker stubs

.v4_bx          0x08004e1c        0x0
 .v4_bx         0x08004e1c        0x0 linker stubs

.iplt           0x08004e1c        0x0
 .iplt          0x08004e1c        0x0 d:/gcc-arm-none-eabi/bin/../lib/gcc/arm-none-eabi/10.3.1/thumb/v7-m/nofp/crtbegin.o

.rodata         0x08004e20      0x220
                0x08004e20                . = ALIGN (0x4)
 *(.rodata)
 .rodata        0x08004e20       0x10 CMakeFiles/motor-control-code.elf.dir/Core/Src/main.c.obj
 *(.rodata*)
 .rodata.main.str1.4
                0x08004e30        0x8 CMakeFiles/motor-control-code.elf.dir/Core/Src/main.c.obj
 .rodata.AHBPrescTable
                0x08004e38       0x10 CMakeFiles/motor-control-code.elf.dir/Core/Src/system_stm32f1xx.c.obj
                0x08004e38                AHBPrescTable
 .rodata.APBPrescTable
                0x08004e48        0x8 CMakeFiles/motor-control-code.elf.dir/Core/Src/system_stm32f1xx.c.obj
                0x08004e48                APBPrescTable
 .rodata.HAL_RCC_GetSysClockFreq.str1.4
                0x08004e50       0x11 CMakeFiles/motor-control-code.elf.dir/Drivers/STM32F1xx_HAL_Driver/Src/stm32f1xx_hal_rcc.c.obj
 *fill*         0x08004e61        0x3 
 .rodata._global_impure_ptr
                0x08004e64        0x4 d:/gcc-arm-none-eabi/bin/../lib/gcc/arm-none-eabi/10.3.1/../../../../arm-none-eabi/lib/thumb/v7-m/nofp\libg.a(lib_a-impure.o)
                0x08004e64                _global_impure_ptr
 .rodata.npio2_hw
                0x08004e68       0x80 d:/gcc-arm-none-eabi/bin/../lib/gcc/arm-none-eabi/10.3.1/../../../../arm-none-eabi/lib/thumb/v7-m/nofp\libm.a(lib_a-e_rem_pio2.o)
 .rodata.two_over_pi
                0x08004ee8      0x108 d:/gcc-arm-none-eabi/bin/../lib/gcc/arm-none-eabi/10.3.1/../../../../arm-none-eabi/lib/thumb/v7-m/nofp\libm.a(lib_a-e_rem_pio2.o)
 .rodata.PIo2   0x08004ff0       0x40 d:/gcc-arm-none-eabi/bin/../lib/gcc/arm-none-eabi/10.3.1/../../../../arm-none-eabi/lib/thumb/v7-m/nofp\libm.a(lib_a-k_rem_pio2.o)
 .rodata.init_jk
                0x08005030       0x10 d:/gcc-arm-none-eabi/bin/../lib/gcc/arm-none-eabi/10.3.1/../../../../arm-none-eabi/lib/thumb/v7-m/nofp\libm.a(lib_a-k_rem_pio2.o)
                0x08005040                . = ALIGN (0x4)

.rel.dyn        0x08005040        0x0
 .rel.iplt      0x08005040        0x0 d:/gcc-arm-none-eabi/bin/../lib/gcc/arm-none-eabi/10.3.1/thumb/v7-m/nofp/crtbegin.o

.ARM.extab      0x08005040        0x0
                0x08005040                . = ALIGN (0x4)
 *(.ARM.extab* .gnu.linkonce.armextab.*)
                0x08005040                . = ALIGN (0x4)

.ARM            0x08005040        0x0
                0x08005040                . = ALIGN (0x4)
                0x08005040                __exidx_start = .
 *(.ARM.exidx*)
                0x08005040                __exidx_end = .
                0x08005040                . = ALIGN (0x4)

.preinit_array  0x08005040        0x0
                0x08005040                . = ALIGN (0x4)
                0x08005040                PROVIDE (__preinit_array_start = .)
 *(.preinit_array*)
                0x08005040                PROVIDE (__preinit_array_end = .)
                0x08005040                . = ALIGN (0x4)

.init_array     0x08005040        0x8
                0x08005040                . = ALIGN (0x4)
                0x08005040                PROVIDE (__init_array_start = .)
 *(SORT_BY_NAME(.init_array.*))
 .init_array.00000
                0x08005040        0x4 d:/gcc-arm-none-eabi/bin/../lib/gcc/arm-none-eabi/10.3.1/../../../../arm-none-eabi/lib/thumb/v7-m/nofp\libg.a(lib_a-__call_atexit.o)
 *(.init_array*)
 .init_array    0x08005044        0x4 d:/gcc-arm-none-eabi/bin/../lib/gcc/arm-none-eabi/10.3.1/thumb/v7-m/nofp/crtbegin.o
                0x08005048                PROVIDE (__init_array_end = .)
                0x08005048                . = ALIGN (0x4)

.fini_array     0x08005048        0x4
                0x08005048                . = ALIGN (0x4)
                0x08005048                PROVIDE (__fini_array_start = .)
 *(SORT_BY_NAME(.fini_array.*))
 *(.fini_array*)
 .fini_array    0x08005048        0x4 d:/gcc-arm-none-eabi/bin/../lib/gcc/arm-none-eabi/10.3.1/thumb/v7-m/nofp/crtbegin.o
                0x0800504c                PROVIDE (__fini_array_end = .)
                0x0800504c                . = ALIGN (0x4)
                0x0800504c                _sidata = LOADADDR (.data)

.data           0x20000000      0x454 load address 0x0800504c
                0x20000000                . = ALIGN (0x4)
                0x20000000                _sdata = .
 *(.data)
 *(.data*)
 .data.CMD_Data
                0x20000000       0x1b CMakeFiles/motor-control-code.elf.dir/Core/Src/oled.c.obj
                0x20000000                CMD_Data
 *fill*         0x2000001b        0x1 
 .data.SystemCoreClock
                0x2000001c        0x4 CMakeFiles/motor-control-code.elf.dir/Core/Src/system_stm32f1xx.c.obj
                0x2000001c                SystemCoreClock
 .data.uwTickFreq
                0x20000020        0x1 CMakeFiles/motor-control-code.elf.dir/Drivers/STM32F1xx_HAL_Driver/Src/stm32f1xx_hal.c.obj
                0x20000020                uwTickFreq
 *fill*         0x20000021        0x3 
 .data.uwTickPrio
                0x20000024        0x4 CMakeFiles/motor-control-code.elf.dir/Drivers/STM32F1xx_HAL_Driver/Src/stm32f1xx_hal.c.obj
                0x20000024                uwTickPrio
 .data.impure_data
                0x20000028      0x428 d:/gcc-arm-none-eabi/bin/../lib/gcc/arm-none-eabi/10.3.1/../../../../arm-none-eabi/lib/thumb/v7-m/nofp\libg.a(lib_a-impure.o)
 .data.__atexit_recursive_mutex
                0x20000450        0x4 d:/gcc-arm-none-eabi/bin/../lib/gcc/arm-none-eabi/10.3.1/../../../../arm-none-eabi/lib/thumb/v7-m/nofp\libg.a(lib_a-__call_atexit.o)
                0x20000450                __atexit_recursive_mutex
 *(.RamFunc)
 *(.RamFunc*)
                0x20000454                . = ALIGN (0x4)
                0x20000454                _edata = .

.igot.plt       0x20000454        0x0 load address 0x080054a0
 .igot.plt      0x20000454        0x0 d:/gcc-arm-none-eabi/bin/../lib/gcc/arm-none-eabi/10.3.1/thumb/v7-m/nofp/crtbegin.o
                0x20000454                . = ALIGN (0x4)

.bss            0x20000458      0x1fc load address 0x080054a0
                0x20000458                _sbss = .
                0x20000458                __bss_start__ = _sbss
 *(.bss)
 .bss           0x20000458       0x1c d:/gcc-arm-none-eabi/bin/../lib/gcc/arm-none-eabi/10.3.1/thumb/v7-m/nofp/crtbegin.o
 *(.bss*)
 .bss.hcan      0x20000474       0x28 CMakeFiles/motor-control-code.elf.dir/Core/Src/can.c.obj
                0x20000474                hcan
 .bss.delay_us_factor
                0x2000049c        0x4 CMakeFiles/motor-control-code.elf.dir/Core/Src/delay.c.obj
 .bss.hi2c1     0x200004a0       0x54 CMakeFiles/motor-control-code.elf.dir/Core/Src/i2c.c.obj
                0x200004a0                hi2c1
 .bss.break_flag
                0x200004f4        0x4 CMakeFiles/motor-control-code.elf.dir/Core/Src/key.c.obj
                0x200004f4                break_flag
 .bss.flag_key  0x200004f8        0x4 CMakeFiles/motor-control-code.elf.dir/Core/Src/key.c.obj
                0x200004f8                flag_key
 .bss.pid_struct
                0x200004fc       0x6c CMakeFiles/motor-control-code.elf.dir/Core/Src/main.c.obj
                0x200004fc                pid_struct
 .bss.set_speed
                0x20000568        0x8 CMakeFiles/motor-control-code.elf.dir/Core/Src/main.c.obj
                0x20000568                set_speed
 .bss.times     0x20000570        0x2 CMakeFiles/motor-control-code.elf.dir/Core/Src/main.c.obj
                0x20000570                times
 *fill*         0x20000572        0x2 
 .bss.can_header
                0x20000574       0x18 CMakeFiles/motor-control-code.elf.dir/Core/Src/motor.c.obj
 .bss.can_rx_data
                0x2000058c        0x8 CMakeFiles/motor-control-code.elf.dir/Core/Src/motor.c.obj
                0x2000058c                can_rx_data
 .bss.can_tx_data
                0x20000594        0x8 CMakeFiles/motor-control-code.elf.dir/Core/Src/motor.c.obj
 .bss.moto_measure
                0x2000059c       0x24 CMakeFiles/motor-control-code.elf.dir/Core/Src/motor.c.obj
                0x2000059c                moto_measure
 .bss.htim1     0x200005c0       0x48 CMakeFiles/motor-control-code.elf.dir/Core/Src/tim.c.obj
                0x200005c0                htim1
 .bss.huart2    0x20000608       0x44 CMakeFiles/motor-control-code.elf.dir/Core/Src/usart.c.obj
                0x20000608                huart2
 .bss.uwTick    0x2000064c        0x4 CMakeFiles/motor-control-code.elf.dir/Drivers/STM32F1xx_HAL_Driver/Src/stm32f1xx_hal.c.obj
                0x2000064c                uwTick
 .bss.__lock___atexit_recursive_mutex
                0x20000650        0x1 d:/gcc-arm-none-eabi/bin/../lib/gcc/arm-none-eabi/10.3.1/../../../../arm-none-eabi/lib/thumb/v7-m/nofp\libg.a(lib_a-lock.o)
                0x20000650                __lock___atexit_recursive_mutex
 *(COMMON)
                0x20000654                . = ALIGN (0x4)
 *fill*         0x20000651        0x3 
                0x20000654                _ebss = .
                0x20000654                __bss_end__ = _ebss

._user_heap_stack
                0x20000654      0x604 load address 0x080054a0
                0x20000658                . = ALIGN (0x8)
 *fill*         0x20000654        0x4 
                [!provide]                PROVIDE (end = .)
                0x20000658                PROVIDE (_end = .)
                0x20000858                . = (. + _Min_Heap_Size)
 *fill*         0x20000658      0x200 
                0x20000c58                . = (. + _Min_Stack_Size)
 *fill*         0x20000858      0x400 
                0x20000c58                . = ALIGN (0x8)

/DISCARD/
 libc.a(*)
 libm.a(*)
 libgcc.a(*)

.ARM.attributes
                0x00000000       0x29
 *(.ARM.attributes)
 .ARM.attributes
                0x00000000       0x1d d:/gcc-arm-none-eabi/bin/../lib/gcc/arm-none-eabi/10.3.1/thumb/v7-m/nofp/crti.o
 .ARM.attributes
                0x0000001d       0x2d d:/gcc-arm-none-eabi/bin/../lib/gcc/arm-none-eabi/10.3.1/thumb/v7-m/nofp/crtbegin.o
 .ARM.attributes
                0x0000004a       0x2d CMakeFiles/motor-control-code.elf.dir/Core/Src/can.c.obj
 .ARM.attributes
                0x00000077       0x2d CMakeFiles/motor-control-code.elf.dir/Core/Src/delay.c.obj
 .ARM.attributes
                0x000000a4       0x2d CMakeFiles/motor-control-code.elf.dir/Core/Src/gpio.c.obj
 .ARM.attributes
                0x000000d1       0x2d CMakeFiles/motor-control-code.elf.dir/Core/Src/i2c.c.obj
 .ARM.attributes
                0x000000fe       0x2d CMakeFiles/motor-control-code.elf.dir/Core/Src/key.c.obj
 .ARM.attributes
                0x0000012b       0x2d CMakeFiles/motor-control-code.elf.dir/Core/Src/main.c.obj
 .ARM.attributes
                0x00000158       0x2d CMakeFiles/motor-control-code.elf.dir/Core/Src/motor.c.obj
 .ARM.attributes
                0x00000185       0x2d CMakeFiles/motor-control-code.elf.dir/Core/Src/oled.c.obj
 .ARM.attributes
                0x000001b2       0x2d CMakeFiles/motor-control-code.elf.dir/Core/Src/pid.c.obj
 .ARM.attributes
                0x000001df       0x2d CMakeFiles/motor-control-code.elf.dir/Core/Src/stm32f1xx_hal_msp.c.obj
 .ARM.attributes
                0x0000020c       0x2d CMakeFiles/motor-control-code.elf.dir/Core/Src/stm32f1xx_it.c.obj
 .ARM.attributes
                0x00000239       0x2d CMakeFiles/motor-control-code.elf.dir/Core/Src/system_stm32f1xx.c.obj
 .ARM.attributes
                0x00000266       0x2d CMakeFiles/motor-control-code.elf.dir/Core/Src/tim.c.obj
 .ARM.attributes
                0x00000293       0x2d CMakeFiles/motor-control-code.elf.dir/Core/Src/usart.c.obj
 .ARM.attributes
                0x000002c0       0x21 CMakeFiles/motor-control-code.elf.dir/Core/Startup/startup_stm32f103c8tx.s.obj
 .ARM.attributes
                0x000002e1       0x2d CMakeFiles/motor-control-code.elf.dir/Drivers/STM32F1xx_HAL_Driver/Src/stm32f1xx_hal.c.obj
 .ARM.attributes
                0x0000030e       0x2d CMakeFiles/motor-control-code.elf.dir/Drivers/STM32F1xx_HAL_Driver/Src/stm32f1xx_hal_can.c.obj
 .ARM.attributes
                0x0000033b       0x2d CMakeFiles/motor-control-code.elf.dir/Drivers/STM32F1xx_HAL_Driver/Src/stm32f1xx_hal_cortex.c.obj
 .ARM.attributes
                0x00000368       0x2d CMakeFiles/motor-control-code.elf.dir/Drivers/STM32F1xx_HAL_Driver/Src/stm32f1xx_hal_gpio.c.obj
 .ARM.attributes
                0x00000395       0x2d CMakeFiles/motor-control-code.elf.dir/Drivers/STM32F1xx_HAL_Driver/Src/stm32f1xx_hal_i2c.c.obj
 .ARM.attributes
                0x000003c2       0x2d CMakeFiles/motor-control-code.elf.dir/Drivers/STM32F1xx_HAL_Driver/Src/stm32f1xx_hal_rcc.c.obj
 .ARM.attributes
                0x000003ef       0x2d CMakeFiles/motor-control-code.elf.dir/Drivers/STM32F1xx_HAL_Driver/Src/stm32f1xx_hal_tim.c.obj
 .ARM.attributes
                0x0000041c       0x2d CMakeFiles/motor-control-code.elf.dir/Drivers/STM32F1xx_HAL_Driver/Src/stm32f1xx_hal_tim_ex.c.obj
 .ARM.attributes
                0x00000449       0x2d CMakeFiles/motor-control-code.elf.dir/Drivers/STM32F1xx_HAL_Driver/Src/stm32f1xx_hal_uart.c.obj
 .ARM.attributes
                0x00000476       0x1d d:/gcc-arm-none-eabi/bin/../lib/gcc/arm-none-eabi/10.3.1/thumb/v7-m/nofp\libgcc.a(_arm_mulsf3.o)
 .ARM.attributes
                0x00000493       0x1d d:/gcc-arm-none-eabi/bin/../lib/gcc/arm-none-eabi/10.3.1/thumb/v7-m/nofp\libgcc.a(_arm_addsubdf3.o)
 .ARM.attributes
                0x000004b0       0x1d d:/gcc-arm-none-eabi/bin/../lib/gcc/arm-none-eabi/10.3.1/thumb/v7-m/nofp\libgcc.a(_arm_fixdfsi.o)
 .ARM.attributes
                0x000004cd       0x1d d:/gcc-arm-none-eabi/bin/../lib/gcc/arm-none-eabi/10.3.1/thumb/v7-m/nofp\libgcc.a(_arm_truncdfsf2.o)
 .ARM.attributes
                0x000004ea       0x1d d:/gcc-arm-none-eabi/bin/../lib/gcc/arm-none-eabi/10.3.1/thumb/v7-m/nofp\libgcc.a(_arm_addsubsf3.o)
 .ARM.attributes
                0x00000507       0x1d d:/gcc-arm-none-eabi/bin/../lib/gcc/arm-none-eabi/10.3.1/thumb/v7-m/nofp\libgcc.a(_arm_cmpsf2.o)
 .ARM.attributes
                0x00000524       0x1d d:/gcc-arm-none-eabi/bin/../lib/gcc/arm-none-eabi/10.3.1/thumb/v7-m/nofp\libgcc.a(_arm_fixsfsi.o)
 .ARM.attributes
                0x00000541       0x2d d:/gcc-arm-none-eabi/bin/../lib/gcc/arm-none-eabi/10.3.1/../../../../arm-none-eabi/lib/thumb/v7-m/nofp\libg.a(lib_a-impure.o)
 .ARM.attributes
                0x0000056e       0x2d d:/gcc-arm-none-eabi/bin/../lib/gcc/arm-none-eabi/10.3.1/../../../../arm-none-eabi/lib/thumb/v7-m/nofp\libg.a(lib_a-init.o)
 .ARM.attributes
                0x0000059b       0x2d d:/gcc-arm-none-eabi/bin/../lib/gcc/arm-none-eabi/10.3.1/../../../../arm-none-eabi/lib/thumb/v7-m/nofp\libg.a(lib_a-memset.o)
 .ARM.attributes
                0x000005c8       0x2d d:/gcc-arm-none-eabi/bin/../lib/gcc/arm-none-eabi/10.3.1/../../../../arm-none-eabi/lib/thumb/v7-m/nofp\libg.a(lib_a-__call_atexit.o)
 .ARM.attributes
                0x000005f5       0x2d d:/gcc-arm-none-eabi/bin/../lib/gcc/arm-none-eabi/10.3.1/../../../../arm-none-eabi/lib/thumb/v7-m/nofp\libg.a(lib_a-atexit.o)
 .ARM.attributes
                0x00000622       0x2d d:/gcc-arm-none-eabi/bin/../lib/gcc/arm-none-eabi/10.3.1/../../../../arm-none-eabi/lib/thumb/v7-m/nofp\libg.a(lib_a-fini.o)
 .ARM.attributes
                0x0000064f       0x2d d:/gcc-arm-none-eabi/bin/../lib/gcc/arm-none-eabi/10.3.1/../../../../arm-none-eabi/lib/thumb/v7-m/nofp\libg.a(lib_a-lock.o)
 .ARM.attributes
                0x0000067c       0x2d d:/gcc-arm-none-eabi/bin/../lib/gcc/arm-none-eabi/10.3.1/../../../../arm-none-eabi/lib/thumb/v7-m/nofp\libg.a(lib_a-__atexit.o)
 .ARM.attributes
                0x000006a9       0x1d d:/gcc-arm-none-eabi/bin/../lib/gcc/arm-none-eabi/10.3.1/thumb/v7-m/nofp/crtn.o
OUTPUT(motor-control-code.elf elf32-littlearm)
LOAD linker stubs
LOAD d:/gcc-arm-none-eabi/bin/../lib/gcc/arm-none-eabi/10.3.1/../../../../arm-none-eabi/lib/thumb/v7-m/nofp\libc.a
LOAD d:/gcc-arm-none-eabi/bin/../lib/gcc/arm-none-eabi/10.3.1/../../../../arm-none-eabi/lib/thumb/v7-m/nofp\libm.a
LOAD d:/gcc-arm-none-eabi/bin/../lib/gcc/arm-none-eabi/10.3.1/thumb/v7-m/nofp\libgcc.a

.debug_info     0x00000000    0x15bc4
 .debug_info    0x00000000      0x928 CMakeFiles/motor-control-code.elf.dir/Core/Src/can.c.obj
 .debug_info    0x00000928      0x18e CMakeFiles/motor-control-code.elf.dir/Core/Src/delay.c.obj
 .debug_info    0x00000ab6      0x4ed CMakeFiles/motor-control-code.elf.dir/Core/Src/gpio.c.obj
 .debug_info    0x00000fa3      0x89f CMakeFiles/motor-control-code.elf.dir/Core/Src/i2c.c.obj
 .debug_info    0x00001842      0x2a4 CMakeFiles/motor-control-code.elf.dir/Core/Src/key.c.obj
 .debug_info    0x00001ae6     0x1810 CMakeFiles/motor-control-code.elf.dir/Core/Src/main.c.obj
 .debug_info    0x000032f6      0x705 CMakeFiles/motor-control-code.elf.dir/Core/Src/motor.c.obj
 .debug_info    0x000039fb     0x14db CMakeFiles/motor-control-code.elf.dir/Core/Src/oled.c.obj
 .debug_info    0x00004ed6      0x632 CMakeFiles/motor-control-code.elf.dir/Core/Src/pid.c.obj
 .debug_info    0x00005508      0x211 CMakeFiles/motor-control-code.elf.dir/Core/Src/stm32f1xx_hal_msp.c.obj
 .debug_info    0x00005719      0xbb1 CMakeFiles/motor-control-code.elf.dir/Core/Src/stm32f1xx_it.c.obj
 .debug_info    0x000062ca      0x248 CMakeFiles/motor-control-code.elf.dir/Core/Src/system_stm32f1xx.c.obj
 .debug_info    0x00006512      0xa57 CMakeFiles/motor-control-code.elf.dir/Core/Src/tim.c.obj
 .debug_info    0x00006f69      0x825 CMakeFiles/motor-control-code.elf.dir/Core/Src/usart.c.obj
 .debug_info    0x0000778e       0x22 CMakeFiles/motor-control-code.elf.dir/Core/Startup/startup_stm32f103c8tx.s.obj
 .debug_info    0x000077b0      0x7a8 CMakeFiles/motor-control-code.elf.dir/Drivers/STM32F1xx_HAL_Driver/Src/stm32f1xx_hal.c.obj
 .debug_info    0x00007f58     0x125e CMakeFiles/motor-control-code.elf.dir/Drivers/STM32F1xx_HAL_Driver/Src/stm32f1xx_hal_can.c.obj
 .debug_info    0x000091b6      0xd8a CMakeFiles/motor-control-code.elf.dir/Drivers/STM32F1xx_HAL_Driver/Src/stm32f1xx_hal_cortex.c.obj
 .debug_info    0x00009f40      0x66f CMakeFiles/motor-control-code.elf.dir/Drivers/STM32F1xx_HAL_Driver/Src/stm32f1xx_hal_gpio.c.obj
 .debug_info    0x0000a5af     0x3a6b CMakeFiles/motor-control-code.elf.dir/Drivers/STM32F1xx_HAL_Driver/Src/stm32f1xx_hal_i2c.c.obj
 .debug_info    0x0000e01a      0xa36 CMakeFiles/motor-control-code.elf.dir/Drivers/STM32F1xx_HAL_Driver/Src/stm32f1xx_hal_rcc.c.obj
 .debug_info    0x0000ea50     0x3b00 CMakeFiles/motor-control-code.elf.dir/Drivers/STM32F1xx_HAL_Driver/Src/stm32f1xx_hal_tim.c.obj
 .debug_info    0x00012550     0x19e9 CMakeFiles/motor-control-code.elf.dir/Drivers/STM32F1xx_HAL_Driver/Src/stm32f1xx_hal_tim_ex.c.obj
 .debug_info    0x00013f39     0x1c8b CMakeFiles/motor-control-code.elf.dir/Drivers/STM32F1xx_HAL_Driver/Src/stm32f1xx_hal_uart.c.obj

.debug_abbrev   0x00000000     0x2e22
 .debug_abbrev  0x00000000      0x207 CMakeFiles/motor-control-code.elf.dir/Core/Src/can.c.obj
 .debug_abbrev  0x00000207       0xed CMakeFiles/motor-control-code.elf.dir/Core/Src/delay.c.obj
 .debug_abbrev  0x000002f4      0x158 CMakeFiles/motor-control-code.elf.dir/Core/Src/gpio.c.obj
 .debug_abbrev  0x0000044c      0x1c1 CMakeFiles/motor-control-code.elf.dir/Core/Src/i2c.c.obj
 .debug_abbrev  0x0000060d      0x1a7 CMakeFiles/motor-control-code.elf.dir/Core/Src/key.c.obj
 .debug_abbrev  0x000007b4      0x2fe CMakeFiles/motor-control-code.elf.dir/Core/Src/main.c.obj
 .debug_abbrev  0x00000ab2      0x1c9 CMakeFiles/motor-control-code.elf.dir/Core/Src/motor.c.obj
 .debug_abbrev  0x00000c7b      0x2cd CMakeFiles/motor-control-code.elf.dir/Core/Src/oled.c.obj
 .debug_abbrev  0x00000f48      0x196 CMakeFiles/motor-control-code.elf.dir/Core/Src/pid.c.obj
 .debug_abbrev  0x000010de       0xe5 CMakeFiles/motor-control-code.elf.dir/Core/Src/stm32f1xx_hal_msp.c.obj
 .debug_abbrev  0x000011c3      0x21f CMakeFiles/motor-control-code.elf.dir/Core/Src/stm32f1xx_it.c.obj
 .debug_abbrev  0x000013e2      0x13e CMakeFiles/motor-control-code.elf.dir/Core/Src/system_stm32f1xx.c.obj
 .debug_abbrev  0x00001520      0x1de CMakeFiles/motor-control-code.elf.dir/Core/Src/tim.c.obj
 .debug_abbrev  0x000016fe      0x1c1 CMakeFiles/motor-control-code.elf.dir/Core/Src/usart.c.obj
 .debug_abbrev  0x000018bf       0x12 CMakeFiles/motor-control-code.elf.dir/Core/Startup/startup_stm32f103c8tx.s.obj
 .debug_abbrev  0x000018d1      0x1f4 CMakeFiles/motor-control-code.elf.dir/Drivers/STM32F1xx_HAL_Driver/Src/stm32f1xx_hal.c.obj
 .debug_abbrev  0x00001ac5      0x256 CMakeFiles/motor-control-code.elf.dir/Drivers/STM32F1xx_HAL_Driver/Src/stm32f1xx_hal_can.c.obj
 .debug_abbrev  0x00001d1b      0x341 CMakeFiles/motor-control-code.elf.dir/Drivers/STM32F1xx_HAL_Driver/Src/stm32f1xx_hal_cortex.c.obj
 .debug_abbrev  0x0000205c      0x1e6 CMakeFiles/motor-control-code.elf.dir/Drivers/STM32F1xx_HAL_Driver/Src/stm32f1xx_hal_gpio.c.obj
 .debug_abbrev  0x00002242      0x293 CMakeFiles/motor-control-code.elf.dir/Drivers/STM32F1xx_HAL_Driver/Src/stm32f1xx_hal_i2c.c.obj
 .debug_abbrev  0x000024d5      0x27a CMakeFiles/motor-control-code.elf.dir/Drivers/STM32F1xx_HAL_Driver/Src/stm32f1xx_hal_rcc.c.obj
 .debug_abbrev  0x0000274f      0x23e CMakeFiles/motor-control-code.elf.dir/Drivers/STM32F1xx_HAL_Driver/Src/stm32f1xx_hal_tim.c.obj
 .debug_abbrev  0x0000298d      0x241 CMakeFiles/motor-control-code.elf.dir/Drivers/STM32F1xx_HAL_Driver/Src/stm32f1xx_hal_tim_ex.c.obj
 .debug_abbrev  0x00002bce      0x254 CMakeFiles/motor-control-code.elf.dir/Drivers/STM32F1xx_HAL_Driver/Src/stm32f1xx_hal_uart.c.obj

.debug_loc      0x00000000     0xf864
 .debug_loc     0x00000000       0x84 CMakeFiles/motor-control-code.elf.dir/Core/Src/can.c.obj
 .debug_loc     0x00000084       0xea CMakeFiles/motor-control-code.elf.dir/Core/Src/delay.c.obj
 .debug_loc     0x0000016e       0x67 CMakeFiles/motor-control-code.elf.dir/Core/Src/i2c.c.obj
 .debug_loc     0x000001d5       0xb5 CMakeFiles/motor-control-code.elf.dir/Core/Src/key.c.obj
 .debug_loc     0x0000028a       0x4a CMakeFiles/motor-control-code.elf.dir/Core/Src/main.c.obj
 .debug_loc     0x000002d4       0x47 CMakeFiles/motor-control-code.elf.dir/Core/Src/motor.c.obj
 .debug_loc     0x0000031b      0xc29 CMakeFiles/motor-control-code.elf.dir/Core/Src/oled.c.obj
 .debug_loc     0x00000f44      0x1ea CMakeFiles/motor-control-code.elf.dir/Core/Src/pid.c.obj
 .debug_loc     0x0000112e       0x15 CMakeFiles/motor-control-code.elf.dir/Core/Src/stm32f1xx_hal_msp.c.obj
 .debug_loc     0x00001143       0xff CMakeFiles/motor-control-code.elf.dir/Core/Src/system_stm32f1xx.c.obj
 .debug_loc     0x00001242       0x67 CMakeFiles/motor-control-code.elf.dir/Core/Src/tim.c.obj
 .debug_loc     0x000012a9       0x84 CMakeFiles/motor-control-code.elf.dir/Core/Src/usart.c.obj
 .debug_loc     0x0000132d      0x141 CMakeFiles/motor-control-code.elf.dir/Drivers/STM32F1xx_HAL_Driver/Src/stm32f1xx_hal.c.obj
 .debug_loc     0x0000146e      0xdb6 CMakeFiles/motor-control-code.elf.dir/Drivers/STM32F1xx_HAL_Driver/Src/stm32f1xx_hal_can.c.obj
 .debug_loc     0x00002224      0x71f CMakeFiles/motor-control-code.elf.dir/Drivers/STM32F1xx_HAL_Driver/Src/stm32f1xx_hal_cortex.c.obj
 .debug_loc     0x00002943      0x47d CMakeFiles/motor-control-code.elf.dir/Drivers/STM32F1xx_HAL_Driver/Src/stm32f1xx_hal_gpio.c.obj
 .debug_loc     0x00002dc0     0x41a9 CMakeFiles/motor-control-code.elf.dir/Drivers/STM32F1xx_HAL_Driver/Src/stm32f1xx_hal_i2c.c.obj
 .debug_loc     0x00006f69      0x63e CMakeFiles/motor-control-code.elf.dir/Drivers/STM32F1xx_HAL_Driver/Src/stm32f1xx_hal_rcc.c.obj
 .debug_loc     0x000075a7     0x47a8 CMakeFiles/motor-control-code.elf.dir/Drivers/STM32F1xx_HAL_Driver/Src/stm32f1xx_hal_tim.c.obj
 .debug_loc     0x0000bd4f     0x1ade CMakeFiles/motor-control-code.elf.dir/Drivers/STM32F1xx_HAL_Driver/Src/stm32f1xx_hal_tim_ex.c.obj
 .debug_loc     0x0000d82d     0x2037 CMakeFiles/motor-control-code.elf.dir/Drivers/STM32F1xx_HAL_Driver/Src/stm32f1xx_hal_uart.c.obj

.debug_aranges  0x00000000     0x1100
 .debug_aranges
                0x00000000       0x30 CMakeFiles/motor-control-code.elf.dir/Core/Src/can.c.obj
 .debug_aranges
                0x00000030       0x20 CMakeFiles/motor-control-code.elf.dir/Core/Src/delay.c.obj
 .debug_aranges
                0x00000050       0x20 CMakeFiles/motor-control-code.elf.dir/Core/Src/gpio.c.obj
 .debug_aranges
                0x00000070       0x30 CMakeFiles/motor-control-code.elf.dir/Core/Src/i2c.c.obj
 .debug_aranges
                0x000000a0       0x30 CMakeFiles/motor-control-code.elf.dir/Core/Src/key.c.obj
 .debug_aranges
                0x000000d0       0x48 CMakeFiles/motor-control-code.elf.dir/Core/Src/main.c.obj
 .debug_aranges
                0x00000118       0x28 CMakeFiles/motor-control-code.elf.dir/Core/Src/motor.c.obj
 .debug_aranges
                0x00000140       0xc0 CMakeFiles/motor-control-code.elf.dir/Core/Src/oled.c.obj
 .debug_aranges
                0x00000200       0x40 CMakeFiles/motor-control-code.elf.dir/Core/Src/pid.c.obj
 .debug_aranges
                0x00000240       0x20 CMakeFiles/motor-control-code.elf.dir/Core/Src/stm32f1xx_hal_msp.c.obj
 .debug_aranges
                0x00000260       0x88 CMakeFiles/motor-control-code.elf.dir/Core/Src/stm32f1xx_it.c.obj
 .debug_aranges
                0x000002e8       0x28 CMakeFiles/motor-control-code.elf.dir/Core/Src/system_stm32f1xx.c.obj
 .debug_aranges
                0x00000310       0x30 CMakeFiles/motor-control-code.elf.dir/Core/Src/tim.c.obj
 .debug_aranges
                0x00000340       0x30 CMakeFiles/motor-control-code.elf.dir/Core/Src/usart.c.obj
 .debug_aranges
                0x00000370       0x28 CMakeFiles/motor-control-code.elf.dir/Core/Startup/startup_stm32f103c8tx.s.obj
 .debug_aranges
                0x00000398       0xe0 CMakeFiles/motor-control-code.elf.dir/Drivers/STM32F1xx_HAL_Driver/Src/stm32f1xx_hal.c.obj
 .debug_aranges
                0x00000478      0x138 CMakeFiles/motor-control-code.elf.dir/Drivers/STM32F1xx_HAL_Driver/Src/stm32f1xx_hal_can.c.obj
 .debug_aranges
                0x000005b0       0x90 CMakeFiles/motor-control-code.elf.dir/Drivers/STM32F1xx_HAL_Driver/Src/stm32f1xx_hal_cortex.c.obj
 .debug_aranges
                0x00000640       0x58 CMakeFiles/motor-control-code.elf.dir/Drivers/STM32F1xx_HAL_Driver/Src/stm32f1xx_hal_gpio.c.obj
 .debug_aranges
                0x00000698      0x2a0 CMakeFiles/motor-control-code.elf.dir/Drivers/STM32F1xx_HAL_Driver/Src/stm32f1xx_hal_i2c.c.obj
 .debug_aranges
                0x00000938       0x90 CMakeFiles/motor-control-code.elf.dir/Drivers/STM32F1xx_HAL_Driver/Src/stm32f1xx_hal_rcc.c.obj
 .debug_aranges
                0x000009c8      0x3d0 CMakeFiles/motor-control-code.elf.dir/Drivers/STM32F1xx_HAL_Driver/Src/stm32f1xx_hal_tim.c.obj
 .debug_aranges
                0x00000d98      0x168 CMakeFiles/motor-control-code.elf.dir/Drivers/STM32F1xx_HAL_Driver/Src/stm32f1xx_hal_tim_ex.c.obj
 .debug_aranges
                0x00000f00      0x200 CMakeFiles/motor-control-code.elf.dir/Drivers/STM32F1xx_HAL_Driver/Src/stm32f1xx_hal_uart.c.obj

.debug_ranges   0x00000000     0x1020
 .debug_ranges  0x00000000       0x20 CMakeFiles/motor-control-code.elf.dir/Core/Src/can.c.obj
 .debug_ranges  0x00000020       0x10 CMakeFiles/motor-control-code.elf.dir/Core/Src/delay.c.obj
 .debug_ranges  0x00000030       0x10 CMakeFiles/motor-control-code.elf.dir/Core/Src/gpio.c.obj
 .debug_ranges  0x00000040       0x20 CMakeFiles/motor-control-code.elf.dir/Core/Src/i2c.c.obj
 .debug_ranges  0x00000060       0x20 CMakeFiles/motor-control-code.elf.dir/Core/Src/key.c.obj
 .debug_ranges  0x00000080       0x38 CMakeFiles/motor-control-code.elf.dir/Core/Src/main.c.obj
 .debug_ranges  0x000000b8       0x18 CMakeFiles/motor-control-code.elf.dir/Core/Src/motor.c.obj
 .debug_ranges  0x000000d0       0xb0 CMakeFiles/motor-control-code.elf.dir/Core/Src/oled.c.obj
 .debug_ranges  0x00000180       0x30 CMakeFiles/motor-control-code.elf.dir/Core/Src/pid.c.obj
 .debug_ranges  0x000001b0       0x10 CMakeFiles/motor-control-code.elf.dir/Core/Src/stm32f1xx_hal_msp.c.obj
 .debug_ranges  0x000001c0       0x78 CMakeFiles/motor-control-code.elf.dir/Core/Src/stm32f1xx_it.c.obj
 .debug_ranges  0x00000238       0x18 CMakeFiles/motor-control-code.elf.dir/Core/Src/system_stm32f1xx.c.obj
 .debug_ranges  0x00000250       0x20 CMakeFiles/motor-control-code.elf.dir/Core/Src/tim.c.obj
 .debug_ranges  0x00000270       0x20 CMakeFiles/motor-control-code.elf.dir/Core/Src/usart.c.obj
 .debug_ranges  0x00000290       0x20 CMakeFiles/motor-control-code.elf.dir/Core/Startup/startup_stm32f103c8tx.s.obj
 .debug_ranges  0x000002b0       0xd0 CMakeFiles/motor-control-code.elf.dir/Drivers/STM32F1xx_HAL_Driver/Src/stm32f1xx_hal.c.obj
 .debug_ranges  0x00000380      0x128 CMakeFiles/motor-control-code.elf.dir/Drivers/STM32F1xx_HAL_Driver/Src/stm32f1xx_hal_can.c.obj
 .debug_ranges  0x000004a8       0xe0 CMakeFiles/motor-control-code.elf.dir/Drivers/STM32F1xx_HAL_Driver/Src/stm32f1xx_hal_cortex.c.obj
 .debug_ranges  0x00000588       0x48 CMakeFiles/motor-control-code.elf.dir/Drivers/STM32F1xx_HAL_Driver/Src/stm32f1xx_hal_gpio.c.obj
 .debug_ranges  0x000005d0      0x2a8 CMakeFiles/motor-control-code.elf.dir/Drivers/STM32F1xx_HAL_Driver/Src/stm32f1xx_hal_i2c.c.obj
 .debug_ranges  0x00000878       0xa0 CMakeFiles/motor-control-code.elf.dir/Drivers/STM32F1xx_HAL_Driver/Src/stm32f1xx_hal_rcc.c.obj
 .debug_ranges  0x00000918      0x3c0 CMakeFiles/motor-control-code.elf.dir/Drivers/STM32F1xx_HAL_Driver/Src/stm32f1xx_hal_tim.c.obj
 .debug_ranges  0x00000cd8      0x158 CMakeFiles/motor-control-code.elf.dir/Drivers/STM32F1xx_HAL_Driver/Src/stm32f1xx_hal_tim_ex.c.obj
 .debug_ranges  0x00000e30      0x1f0 CMakeFiles/motor-control-code.elf.dir/Drivers/STM32F1xx_HAL_Driver/Src/stm32f1xx_hal_uart.c.obj

.debug_line     0x00000000    0x13a15
 .debug_line    0x00000000      0x35f CMakeFiles/motor-control-code.elf.dir/Core/Src/can.c.obj
 .debug_line    0x0000035f      0x211 CMakeFiles/motor-control-code.elf.dir/Core/Src/delay.c.obj
 .debug_line    0x00000570      0x225 CMakeFiles/motor-control-code.elf.dir/Core/Src/gpio.c.obj
 .debug_line    0x00000795      0x321 CMakeFiles/motor-control-code.elf.dir/Core/Src/i2c.c.obj
 .debug_line    0x00000ab6      0x338 CMakeFiles/motor-control-code.elf.dir/Core/Src/key.c.obj
 .debug_line    0x00000dee      0x5a5 CMakeFiles/motor-control-code.elf.dir/Core/Src/main.c.obj
 .debug_line    0x00001393      0x2e2 CMakeFiles/motor-control-code.elf.dir/Core/Src/motor.c.obj
 .debug_line    0x00001675      0xa0b CMakeFiles/motor-control-code.elf.dir/Core/Src/oled.c.obj
 .debug_line    0x00002080      0x374 CMakeFiles/motor-control-code.elf.dir/Core/Src/pid.c.obj
 .debug_line    0x000023f4      0x174 CMakeFiles/motor-control-code.elf.dir/Core/Src/stm32f1xx_hal_msp.c.obj
 .debug_line    0x00002568      0x3ae CMakeFiles/motor-control-code.elf.dir/Core/Src/stm32f1xx_it.c.obj
 .debug_line    0x00002916      0x23e CMakeFiles/motor-control-code.elf.dir/Core/Src/system_stm32f1xx.c.obj
 .debug_line    0x00002b54      0x344 CMakeFiles/motor-control-code.elf.dir/Core/Src/tim.c.obj
 .debug_line    0x00002e98      0x33b CMakeFiles/motor-control-code.elf.dir/Core/Src/usart.c.obj
 .debug_line    0x000031d3       0xac CMakeFiles/motor-control-code.elf.dir/Core/Startup/startup_stm32f103c8tx.s.obj
 .debug_line    0x0000327f      0x576 CMakeFiles/motor-control-code.elf.dir/Drivers/STM32F1xx_HAL_Driver/Src/stm32f1xx_hal.c.obj
 .debug_line    0x000037f5     0x113f CMakeFiles/motor-control-code.elf.dir/Drivers/STM32F1xx_HAL_Driver/Src/stm32f1xx_hal_can.c.obj
 .debug_line    0x00004934      0x659 CMakeFiles/motor-control-code.elf.dir/Drivers/STM32F1xx_HAL_Driver/Src/stm32f1xx_hal_cortex.c.obj
 .debug_line    0x00004f8d      0x603 CMakeFiles/motor-control-code.elf.dir/Drivers/STM32F1xx_HAL_Driver/Src/stm32f1xx_hal_gpio.c.obj
 .debug_line    0x00005590     0x5562 CMakeFiles/motor-control-code.elf.dir/Drivers/STM32F1xx_HAL_Driver/Src/stm32f1xx_hal_i2c.c.obj
 .debug_line    0x0000aaf2      0xc4c CMakeFiles/motor-control-code.elf.dir/Drivers/STM32F1xx_HAL_Driver/Src/stm32f1xx_hal_rcc.c.obj
 .debug_line    0x0000b73e     0x467e CMakeFiles/motor-control-code.elf.dir/Drivers/STM32F1xx_HAL_Driver/Src/stm32f1xx_hal_tim.c.obj
 .debug_line    0x0000fdbc     0x1b7e CMakeFiles/motor-control-code.elf.dir/Drivers/STM32F1xx_HAL_Driver/Src/stm32f1xx_hal_tim_ex.c.obj
 .debug_line    0x0001193a     0x20db CMakeFiles/motor-control-code.elf.dir/Drivers/STM32F1xx_HAL_Driver/Src/stm32f1xx_hal_uart.c.obj

.debug_str      0x00000000     0x50cc
 .debug_str     0x00000000      0x846 CMakeFiles/motor-control-code.elf.dir/Core/Src/can.c.obj
                                0x8c3 (size before relaxing)
 .debug_str     0x00000846       0xa8 CMakeFiles/motor-control-code.elf.dir/Core/Src/delay.c.obj
                                0x250 (size before relaxing)
 .debug_str     0x000008ee       0x73 CMakeFiles/motor-control-code.elf.dir/Core/Src/gpio.c.obj
                                0x5c8 (size before relaxing)
 .debug_str     0x00000961      0x47c CMakeFiles/motor-control-code.elf.dir/Core/Src/i2c.c.obj
                                0x782 (size before relaxing)
 .debug_str     0x00000ddd       0xf0 CMakeFiles/motor-control-code.elf.dir/Core/Src/key.c.obj
                                0x2c8 (size before relaxing)
 .debug_str     0x00000ecd      0xa26 CMakeFiles/motor-control-code.elf.dir/Core/Src/main.c.obj
                               0x11c1 (size before relaxing)
 .debug_str     0x000018f3       0x97 CMakeFiles/motor-control-code.elf.dir/Core/Src/motor.c.obj
                                0x60a (size before relaxing)
 .debug_str     0x0000198a      0x219 CMakeFiles/motor-control-code.elf.dir/Core/Src/oled.c.obj
                                0x89e (size before relaxing)
 .debug_str     0x00001ba3       0x8d CMakeFiles/motor-control-code.elf.dir/Core/Src/pid.c.obj
                                0x368 (size before relaxing)
 .debug_str     0x00001c30       0x75 CMakeFiles/motor-control-code.elf.dir/Core/Src/stm32f1xx_hal_msp.c.obj
                                0x26d (size before relaxing)
 .debug_str     0x00001ca5      0x180 CMakeFiles/motor-control-code.elf.dir/Core/Src/stm32f1xx_it.c.obj
                                0xa68 (size before relaxing)
 .debug_str     0x00001e25       0x93 CMakeFiles/motor-control-code.elf.dir/Core/Src/system_stm32f1xx.c.obj
                                0x2a2 (size before relaxing)
 .debug_str     0x00001eb8      0x161 CMakeFiles/motor-control-code.elf.dir/Core/Src/tim.c.obj
                                0xb67 (size before relaxing)
 .debug_str     0x00002019       0x76 CMakeFiles/motor-control-code.elf.dir/Core/Src/usart.c.obj
                                0x6e6 (size before relaxing)
 .debug_str     0x0000208f       0x5b CMakeFiles/motor-control-code.elf.dir/Core/Startup/startup_stm32f103c8tx.s.obj
                                 0x9b (size before relaxing)
 .debug_str     0x000020ea      0x30c CMakeFiles/motor-control-code.elf.dir/Drivers/STM32F1xx_HAL_Driver/Src/stm32f1xx_hal.c.obj
                                0x872 (size before relaxing)
 .debug_str     0x000023f6      0x3e2 CMakeFiles/motor-control-code.elf.dir/Drivers/STM32F1xx_HAL_Driver/Src/stm32f1xx_hal_can.c.obj
                                0xa8c (size before relaxing)
 .debug_str     0x000027d8      0x391 CMakeFiles/motor-control-code.elf.dir/Drivers/STM32F1xx_HAL_Driver/Src/stm32f1xx_hal_cortex.c.obj
                                0x921 (size before relaxing)
 .debug_str     0x00002b69       0xee CMakeFiles/motor-control-code.elf.dir/Drivers/STM32F1xx_HAL_Driver/Src/stm32f1xx_hal_gpio.c.obj
                                0x44e (size before relaxing)
 .debug_str     0x00002c57      0x902 CMakeFiles/motor-control-code.elf.dir/Drivers/STM32F1xx_HAL_Driver/Src/stm32f1xx_hal_i2c.c.obj
                               0x1006 (size before relaxing)
 .debug_str     0x00003559      0x1ea CMakeFiles/motor-control-code.elf.dir/Drivers/STM32F1xx_HAL_Driver/Src/stm32f1xx_hal_rcc.c.obj
                                0x679 (size before relaxing)
 .debug_str     0x00003743      0xe38 CMakeFiles/motor-control-code.elf.dir/Drivers/STM32F1xx_HAL_Driver/Src/stm32f1xx_hal_tim.c.obj
                               0x1686 (size before relaxing)
 .debug_str     0x0000457b      0x549 CMakeFiles/motor-control-code.elf.dir/Drivers/STM32F1xx_HAL_Driver/Src/stm32f1xx_hal_tim_ex.c.obj
                                0xe87 (size before relaxing)
 .debug_str     0x00004ac4      0x608 CMakeFiles/motor-control-code.elf.dir/Drivers/STM32F1xx_HAL_Driver/Src/stm32f1xx_hal_uart.c.obj
                                0xcdc (size before relaxing)

.comment        0x00000000       0x49
 .comment       0x00000000       0x49 CMakeFiles/motor-control-code.elf.dir/Core/Src/can.c.obj
                                 0x4a (size before relaxing)
 .comment       0x00000049       0x4a CMakeFiles/motor-control-code.elf.dir/Core/Src/delay.c.obj
 .comment       0x00000049       0x4a CMakeFiles/motor-control-code.elf.dir/Core/Src/gpio.c.obj
 .comment       0x00000049       0x4a CMakeFiles/motor-control-code.elf.dir/Core/Src/i2c.c.obj
 .comment       0x00000049       0x4a CMakeFiles/motor-control-code.elf.dir/Core/Src/key.c.obj
 .comment       0x00000049       0x4a CMakeFiles/motor-control-code.elf.dir/Core/Src/main.c.obj
 .comment       0x00000049       0x4a CMakeFiles/motor-control-code.elf.dir/Core/Src/motor.c.obj
 .comment       0x00000049       0x4a CMakeFiles/motor-control-code.elf.dir/Core/Src/oled.c.obj
 .comment       0x00000049       0x4a CMakeFiles/motor-control-code.elf.dir/Core/Src/pid.c.obj
 .comment       0x00000049       0x4a CMakeFiles/motor-control-code.elf.dir/Core/Src/stm32f1xx_hal_msp.c.obj
 .comment       0x00000049       0x4a CMakeFiles/motor-control-code.elf.dir/Core/Src/stm32f1xx_it.c.obj
 .comment       0x00000049       0x4a CMakeFiles/motor-control-code.elf.dir/Core/Src/system_stm32f1xx.c.obj
 .comment       0x00000049       0x4a CMakeFiles/motor-control-code.elf.dir/Core/Src/tim.c.obj
 .comment       0x00000049       0x4a CMakeFiles/motor-control-code.elf.dir/Core/Src/usart.c.obj
 .comment       0x00000049       0x4a CMakeFiles/motor-control-code.elf.dir/Drivers/STM32F1xx_HAL_Driver/Src/stm32f1xx_hal.c.obj
 .comment       0x00000049       0x4a CMakeFiles/motor-control-code.elf.dir/Drivers/STM32F1xx_HAL_Driver/Src/stm32f1xx_hal_can.c.obj
 .comment       0x00000049       0x4a CMakeFiles/motor-control-code.elf.dir/Drivers/STM32F1xx_HAL_Driver/Src/stm32f1xx_hal_cortex.c.obj
 .comment       0x00000049       0x4a CMakeFiles/motor-control-code.elf.dir/Drivers/STM32F1xx_HAL_Driver/Src/stm32f1xx_hal_gpio.c.obj
 .comment       0x00000049       0x4a CMakeFiles/motor-control-code.elf.dir/Drivers/STM32F1xx_HAL_Driver/Src/stm32f1xx_hal_i2c.c.obj
 .comment       0x00000049       0x4a CMakeFiles/motor-control-code.elf.dir/Drivers/STM32F1xx_HAL_Driver/Src/stm32f1xx_hal_rcc.c.obj
 .comment       0x00000049       0x4a CMakeFiles/motor-control-code.elf.dir/Drivers/STM32F1xx_HAL_Driver/Src/stm32f1xx_hal_tim.c.obj
 .comment       0x00000049       0x4a CMakeFiles/motor-control-code.elf.dir/Drivers/STM32F1xx_HAL_Driver/Src/stm32f1xx_hal_tim_ex.c.obj
 .comment       0x00000049       0x4a CMakeFiles/motor-control-code.elf.dir/Drivers/STM32F1xx_HAL_Driver/Src/stm32f1xx_hal_uart.c.obj

.debug_frame    0x00000000     0x3268
 .debug_frame   0x00000000       0x60 CMakeFiles/motor-control-code.elf.dir/Core/Src/can.c.obj
 .debug_frame   0x00000060       0x2c CMakeFiles/motor-control-code.elf.dir/Core/Src/delay.c.obj
 .debug_frame   0x0000008c       0x30 CMakeFiles/motor-control-code.elf.dir/Core/Src/gpio.c.obj
 .debug_frame   0x000000bc       0x60 CMakeFiles/motor-control-code.elf.dir/Core/Src/i2c.c.obj
 .debug_frame   0x0000011c       0x50 CMakeFiles/motor-control-code.elf.dir/Core/Src/key.c.obj
 .debug_frame   0x0000016c       0xb4 CMakeFiles/motor-control-code.elf.dir/Core/Src/main.c.obj
 .debug_frame   0x00000220       0x48 CMakeFiles/motor-control-code.elf.dir/Core/Src/motor.c.obj
 .debug_frame   0x00000268      0x27c CMakeFiles/motor-control-code.elf.dir/Core/Src/oled.c.obj
 .debug_frame   0x000004e4       0x8c CMakeFiles/motor-control-code.elf.dir/Core/Src/pid.c.obj
 .debug_frame   0x00000570       0x28 CMakeFiles/motor-control-code.elf.dir/Core/Src/stm32f1xx_hal_msp.c.obj
 .debug_frame   0x00000598      0x120 CMakeFiles/motor-control-code.elf.dir/Core/Src/stm32f1xx_it.c.obj
 .debug_frame   0x000006b8       0x30 CMakeFiles/motor-control-code.elf.dir/Core/Src/system_stm32f1xx.c.obj
 .debug_frame   0x000006e8       0x64 CMakeFiles/motor-control-code.elf.dir/Core/Src/tim.c.obj
 .debug_frame   0x0000074c       0x60 CMakeFiles/motor-control-code.elf.dir/Core/Src/usart.c.obj
 .debug_frame   0x000007ac      0x1cc CMakeFiles/motor-control-code.elf.dir/Drivers/STM32F1xx_HAL_Driver/Src/stm32f1xx_hal.c.obj
 .debug_frame   0x00000978      0x2d0 CMakeFiles/motor-control-code.elf.dir/Drivers/STM32F1xx_HAL_Driver/Src/stm32f1xx_hal_can.c.obj
 .debug_frame   0x00000c48      0x118 CMakeFiles/motor-control-code.elf.dir/Drivers/STM32F1xx_HAL_Driver/Src/stm32f1xx_hal_cortex.c.obj
 .debug_frame   0x00000d60       0xe4 CMakeFiles/motor-control-code.elf.dir/Drivers/STM32F1xx_HAL_Driver/Src/stm32f1xx_hal_gpio.c.obj
 .debug_frame   0x00000e44      0x970 CMakeFiles/motor-control-code.elf.dir/Drivers/STM32F1xx_HAL_Driver/Src/stm32f1xx_hal_i2c.c.obj
 .debug_frame   0x000017b4      0x190 CMakeFiles/motor-control-code.elf.dir/Drivers/STM32F1xx_HAL_Driver/Src/stm32f1xx_hal_rcc.c.obj
 .debug_frame   0x00001944      0xb18 CMakeFiles/motor-control-code.elf.dir/Drivers/STM32F1xx_HAL_Driver/Src/stm32f1xx_hal_tim.c.obj
 .debug_frame   0x0000245c      0x40c CMakeFiles/motor-control-code.elf.dir/Drivers/STM32F1xx_HAL_Driver/Src/stm32f1xx_hal_tim_ex.c.obj
 .debug_frame   0x00002868      0x5c4 CMakeFiles/motor-control-code.elf.dir/Drivers/STM32F1xx_HAL_Driver/Src/stm32f1xx_hal_uart.c.obj
 .debug_frame   0x00002e2c       0x24 d:/gcc-arm-none-eabi/bin/../lib/gcc/arm-none-eabi/10.3.1/thumb/v7-m/nofp\libgcc.a(_arm_mulsf3.o)
 .debug_frame   0x00002e50       0xac d:/gcc-arm-none-eabi/bin/../lib/gcc/arm-none-eabi/10.3.1/thumb/v7-m/nofp\libgcc.a(_arm_addsubdf3.o)
 .debug_frame   0x00002efc       0x24 d:/gcc-arm-none-eabi/bin/../lib/gcc/arm-none-eabi/10.3.1/thumb/v7-m/nofp\libgcc.a(_arm_fixdfsi.o)
 .debug_frame   0x00002f20       0x24 d:/gcc-arm-none-eabi/bin/../lib/gcc/arm-none-eabi/10.3.1/thumb/v7-m/nofp\libgcc.a(_arm_truncdfsf2.o)
 .debug_frame   0x00002f44       0x4c d:/gcc-arm-none-eabi/bin/../lib/gcc/arm-none-eabi/10.3.1/thumb/v7-m/nofp\libgcc.a(_arm_addsubsf3.o)
 .debug_frame   0x00002f90       0xc8 d:/gcc-arm-none-eabi/bin/../lib/gcc/arm-none-eabi/10.3.1/thumb/v7-m/nofp\libgcc.a(_arm_cmpsf2.o)
 .debug_frame   0x00003058       0x24 d:/gcc-arm-none-eabi/bin/../lib/gcc/arm-none-eabi/10.3.1/thumb/v7-m/nofp\libgcc.a(_arm_fixsfsi.o)
 .debug_frame   0x0000307c       0x2c d:/gcc-arm-none-eabi/bin/../lib/gcc/arm-none-eabi/10.3.1/../../../../arm-none-eabi/lib/thumb/v7-m/nofp\libg.a(lib_a-init.o)
 .debug_frame   0x000030a8       0x2c d:/gcc-arm-none-eabi/bin/../lib/gcc/arm-none-eabi/10.3.1/../../../../arm-none-eabi/lib/thumb/v7-m/nofp\libg.a(lib_a-memset.o)
 .debug_frame   0x000030d4       0x5c d:/gcc-arm-none-eabi/bin/../lib/gcc/arm-none-eabi/10.3.1/../../../../arm-none-eabi/lib/thumb/v7-m/nofp\libg.a(lib_a-__call_atexit.o)
 .debug_frame   0x00003130       0x20 d:/gcc-arm-none-eabi/bin/../lib/gcc/arm-none-eabi/10.3.1/../../../../arm-none-eabi/lib/thumb/v7-m/nofp\libg.a(lib_a-atexit.o)
 .debug_frame   0x00003150       0x34 d:/gcc-arm-none-eabi/bin/../lib/gcc/arm-none-eabi/10.3.1/../../../../arm-none-eabi/lib/thumb/v7-m/nofp\libg.a(lib_a-fini.o)
 .debug_frame   0x00003184       0xb0 d:/gcc-arm-none-eabi/bin/../lib/gcc/arm-none-eabi/10.3.1/../../../../arm-none-eabi/lib/thumb/v7-m/nofp\libg.a(lib_a-lock.o)
 .debug_frame   0x00003234       0x34 d:/gcc-arm-none-eabi/bin/../lib/gcc/arm-none-eabi/10.3.1/../../../../arm-none-eabi/lib/thumb/v7-m/nofp\libg.a(lib_a-__atexit.o)
